Component: Arm Compiler for Embedded 6.19 Tool: armlink [5e73cb00]

==============================================================================

Section Cross References

    startup_stm32f446xx.o(STACK) refers (Special) to heapauxi.o(.text) for __use_two_region_memory
    startup_stm32f446xx.o(HEAP) refers (Special) to heapauxi.o(.text) for __use_two_region_memory
    startup_stm32f446xx.o(RESET) refers (Special) to heapauxi.o(.text) for __use_two_region_memory
    startup_stm32f446xx.o(RESET) refers to startup_stm32f446xx.o(STACK) for __initial_sp
    startup_stm32f446xx.o(RESET) refers to startup_stm32f446xx.o(.text) for Reset_Handler
    startup_stm32f446xx.o(RESET) refers to stm32f4xx_it.o(.text.NMI_Handler) for NMI_Handler
    startup_stm32f446xx.o(RESET) refers to stm32f4xx_it.o(.text.HardFault_Handler) for HardFault_Handler
    startup_stm32f446xx.o(RESET) refers to stm32f4xx_it.o(.text.MemManage_Handler) for MemManage_Handler
    startup_stm32f446xx.o(RESET) refers to stm32f4xx_it.o(.text.BusFault_Handler) for BusFault_Handler
    startup_stm32f446xx.o(RESET) refers to stm32f4xx_it.o(.text.UsageFault_Handler) for UsageFault_Handler
    startup_stm32f446xx.o(RESET) refers to stm32f4xx_it.o(.text.SVC_Handler) for SVC_Handler
    startup_stm32f446xx.o(RESET) refers to stm32f4xx_it.o(.text.DebugMon_Handler) for DebugMon_Handler
    startup_stm32f446xx.o(RESET) refers to stm32f4xx_it.o(.text.PendSV_Handler) for PendSV_Handler
    startup_stm32f446xx.o(RESET) refers to stm32f4xx_it.o(.text.SysTick_Handler) for SysTick_Handler
    startup_stm32f446xx.o(RESET) refers to stm32f4xx_it.o(.text.SPI1_IRQHandler) for SPI1_IRQHandler
    startup_stm32f446xx.o(RESET) refers to stm32f4xx_it.o(.text.DMA1_Stream7_IRQHandler) for DMA1_Stream7_IRQHandler
    startup_stm32f446xx.o(RESET) refers to stm32f4xx_it.o(.text.UART5_IRQHandler) for UART5_IRQHandler
    startup_stm32f446xx.o(RESET) refers to stm32f4xx_it.o(.text.DMA2_Stream3_IRQHandler) for DMA2_Stream3_IRQHandler
    startup_stm32f446xx.o(.text) refers (Special) to heapauxi.o(.text) for __use_two_region_memory
    startup_stm32f446xx.o(.text) refers to system_stm32f4xx.o(.text.SystemInit) for SystemInit
    startup_stm32f446xx.o(.text) refers to __main.o(!!!main) for __main
    startup_stm32f446xx.o(.text) refers to startup_stm32f446xx.o(HEAP) for Heap_Mem
    startup_stm32f446xx.o(.text) refers to startup_stm32f446xx.o(STACK) for Stack_Mem
    ili9341.o(.text.ili9341_new) refers to h1_alloc.o(.text) for malloc
    ili9341.o(.text.ili9341_new) refers to ili9341.o(.text.ili9341_screen_size) for ili9341_screen_size
    ili9341.o(.text.ili9341_new) refers to ili9341.o(.text.ili9341_initialize) for ili9341_initialize
    ili9341.o(.ARM.exidx.text.ili9341_new) refers to ili9341.o(.text.ili9341_new) for [Anonymous Symbol]
    ili9341.o(.ARM.exidx.text.ili9341_screen_size) refers to ili9341.o(.text.ili9341_screen_size) for [Anonymous Symbol]
    ili9341.o(.text.ili9341_initialize) refers to ili9341.o(.text.ili9341_reset) for ili9341_reset
    ili9341.o(.text.ili9341_initialize) refers to ili9341.o(.text.ili9341_spi_tft_select) for ili9341_spi_tft_select
    ili9341.o(.text.ili9341_initialize) refers to ili9341.o(.text.ili9341_spi_write_command) for ili9341_spi_write_command
    ili9341.o(.text.ili9341_initialize) refers to stm32f4xx_hal.o(.text.HAL_Delay) for HAL_Delay
    ili9341.o(.text.ili9341_initialize) refers to ili9341.o(.text.ili9341_spi_write_command_data) for ili9341_spi_write_command_data
    ili9341.o(.text.ili9341_initialize) refers to ili9341.o(.text.ili9341_screen_rotation) for ili9341_screen_rotation
    ili9341.o(.text.ili9341_initialize) refers to ili9341.o(.text.ili9341_spi_tft_release) for ili9341_spi_tft_release
    ili9341.o(.ARM.exidx.text.ili9341_initialize) refers to ili9341.o(.text.ili9341_initialize) for [Anonymous Symbol]
    ili9341.o(.text.ili9341_touch_interrupt) refers to ili9341.o(.text.ili9341_touch_coordinate) for ili9341_touch_coordinate
    ili9341.o(.ARM.exidx.text.ili9341_touch_interrupt) refers to ili9341.o(.text.ili9341_touch_interrupt) for [Anonymous Symbol]
    ili9341.o(.text.ili9341_touch_coordinate) refers to ili9341.o(.text.ili9341_spi_touch_select) for ili9341_spi_touch_select
    ili9341.o(.text.ili9341_touch_coordinate) refers to ili9341.o(.text.ili9341_touch_pressed) for ili9341_touch_pressed
    ili9341.o(.text.ili9341_touch_coordinate) refers to ili9341.o(.data.ili9341_touch_coordinate.x_cmd) for ili9341_touch_coordinate.x_cmd
    ili9341.o(.text.ili9341_touch_coordinate) refers to stm32f4xx_hal_spi.o(.text.HAL_SPI_Transmit) for HAL_SPI_Transmit
    ili9341.o(.text.ili9341_touch_coordinate) refers to stm32f4xx_hal_spi.o(.text.HAL_SPI_TransmitReceive) for HAL_SPI_TransmitReceive
    ili9341.o(.text.ili9341_touch_coordinate) refers to ili9341.o(.data.ili9341_touch_coordinate.y_cmd) for ili9341_touch_coordinate.y_cmd
[...]
    _printf_i                                0x080002a7   Thumb Code     0  _printf_i.o(.ARM.Collect$$_printf_percent$$00000008)
    _printf_d                                0x080002ad   Thumb Code     0  _printf_d.o(.ARM.Collect$$_printf_percent$$00000009)
    _printf_u                                0x080002b3   Thumb Code     0  _printf_u.o(.ARM.Collect$$_printf_percent$$0000000A)
    _printf_o                                0x080002b9   Thumb Code     0  _printf_o.o(.ARM.Collect$$_printf_percent$$0000000B)
    _printf_x                                0x080002bf   Thumb Code     0  _printf_x.o(.ARM.Collect$$_printf_percent$$0000000C)
    _printf_lli                              0x080002c5   Thumb Code     0  _printf_lli.o(.ARM.Collect$$_printf_percent$$0000000D)
    _printf_lld                              0x080002cb   Thumb Code     0  _printf_lld.o(.ARM.Collect$$_printf_percent$$0000000E)
    _printf_llu                              0x080002d1   Thumb Code     0  _printf_llu.o(.ARM.Collect$$_printf_percent$$0000000F)
    _printf_llo                              0x080002d7   Thumb Code     0  _printf_llo.o(.ARM.Collect$$_printf_percent$$00000010)
    _printf_llx                              0x080002dd   Thumb Code     0  _printf_llx.o(.ARM.Collect$$_printf_percent$$00000011)
    _printf_l                                0x080002e3   Thumb Code     0  _printf_l.o(.ARM.Collect$$_printf_percent$$00000012)
    _printf_c                                0x080002ed   Thumb Code     0  _printf_c.o(.ARM.Collect$$_printf_percent$$00000013)
    _printf_s                                0x080002f3   Thumb Code     0  _printf_s.o(.ARM.Collect$$_printf_percent$$00000014)
    _printf_lc                               0x080002f9   Thumb Code     0  _printf_lc.o(.ARM.Collect$$_printf_percent$$00000015)
    _printf_ls                               0x080002ff   Thumb Code     0  _printf_ls.o(.ARM.Collect$$_printf_percent$$00000016)
    _printf_percent_end                      0x08000305   Thumb Code     0  _printf_percent_end.o(.ARM.Collect$$_printf_percent$$00000017)
    __rt_lib_init                            0x08000309   Thumb Code     0  libinit.o(.ARM.Collect$$libinit$$00000000)
    __rt_lib_init_fp_1                       0x0800030b   Thumb Code     0  libinit2.o(.ARM.Collect$$libinit$$00000001)
    __rt_lib_init_heap_2                     0x0800030f   Thumb Code     0  libinit2.o(.ARM.Collect$$libinit$$00000007)
    __rt_lib_init_preinit_1                  0x0800030f   Thumb Code     0  libinit2.o(.ARM.Collect$$libinit$$00000006)
    __rt_lib_init_relocate_pie_1             0x0800030f   Thumb Code     0  libinit2.o(.ARM.Collect$$libinit$$00000004)
    __rt_lib_init_heap_1                     0x08000317   Thumb Code     0  libinit2.o(.ARM.Collect$$libinit$$0000000C)
    __rt_lib_init_lc_common                  0x08000317   Thumb Code     0  libinit2.o(.ARM.Collect$$libinit$$00000011)
    __rt_lib_init_rand_1                     0x08000317   Thumb Code     0  libinit2.o(.ARM.Collect$$libinit$$00000010)
    __rt_lib_init_user_alloc_1               0x08000317   Thumb Code     0  libinit2.o(.ARM.Collect$$libinit$$0000000E)
    __rt_lib_init_lc_collate_1               0x0800031d   Thumb Code     0  libinit2.o(.ARM.Collect$$libinit$$00000013)
    __rt_lib_init_lc_ctype_2                 0x0800031d   Thumb Code     0  libinit2.o(.ARM.Collect$$libinit$$00000014)
    __rt_lib_init_lc_ctype_1                 0x08000329   Thumb Code     0  libinit2.o(.ARM.Collect$$libinit$$00000015)
    __rt_lib_init_lc_monetary_1              0x08000329   Thumb Code     0  libinit2.o(.ARM.Collect$$libinit$$00000017)
    __rt_lib_init_lc_numeric_2               0x08000329   Thumb Code     0  libinit2.o(.ARM.Collect$$libinit$$00000018)
    __rt_lib_init_alloca_1                   0x08000333   Thumb Code     0  libinit2.o(.ARM.Collect$$libinit$$00000030)
    __rt_lib_init_argv_1                     0x08000333   Thumb Code     0  libinit2.o(.ARM.Collect$$libinit$$0000002E)
    __rt_lib_init_atexit_1                   0x08000333   Thumb Code     0  libinit2.o(.ARM.Collect$$libinit$$0000001D)
    __rt_lib_init_clock_1                    0x08000333   Thumb Code     0  libinit2.o(.ARM.Collect$$libinit$$00000023)
    __rt_lib_init_cpp_1                      0x08000333   Thumb Code     0  libinit2.o(.ARM.Collect$$libinit$$00000034)
    __rt_lib_init_exceptions_1               0x08000333   Thumb Code     0  libinit2.o(.ARM.Collect$$libinit$$00000032)
    __rt_lib_init_fp_trap_1                  0x08000333   Thumb Code     0  libinit2.o(.ARM.Collect$$libinit$$00000021)
    __rt_lib_init_getenv_1                   0x08000333   Thumb Code     0  libinit2.o(.ARM.Collect$$libinit$$00000025)
    __rt_lib_init_lc_numeric_1               0x08000333   Thumb Code     0  libinit2.o(.ARM.Collect$$libinit$$00000019)
    __rt_lib_init_lc_time_1                  0x08000333   Thumb Code     0  libinit2.o(.ARM.Collect$$libinit$$0000001B)
    __rt_lib_init_return                     0x08000333   Thumb Code     0  libinit2.o(.ARM.Collect$$libinit$$00000035)
    __rt_lib_init_signal_1                   0x08000333   Thumb Code     0  libinit2.o(.ARM.Collect$$libinit$$0000001F)
    __rt_lib_init_stdio_1                    0x08000333   Thumb Code     0  libinit2.o(.ARM.Collect$$libinit$$00000027)
    __rt_lib_shutdown                        0x08000335   Thumb Code     0  libshutdown.o(.ARM.Collect$$libshutdown$$00000000)
    __rt_lib_shutdown_cpp_1                  0x08000337   Thumb Code     0  libshutdown2.o(.ARM.Collect$$libshutdown$$00000002)
    __rt_lib_shutdown_fp_trap_1              0x08000337   Thumb Code     0  libshutdown2.o(.ARM.Collect$$libshutdown$$00000007)
    __rt_lib_shutdown_heap_1                 0x08000337   Thumb Code     0  libshutdown2.o(.ARM.Collect$$libshutdown$$0000000F)
    __rt_lib_shutdown_return                 0x08000337   Thumb Code     0  libshutdown2.o(.ARM.Collect$$libshutdown$$00000010)
    __rt_lib_shutdown_signal_1               0x08000337   Thumb Code     0  libshutdown2.o(.ARM.Collect$$libshutdown$$0000000A)
    __rt_lib_shutdown_stdio_1                0x08000337   Thumb Code     0  libshutdown2.o(.ARM.Collect$$libshutdown$$00000004)
    __rt_lib_shutdown_user_alloc_1           0x08000337   Thumb Code     0  libshutdown2.o(.ARM.Collect$$libshutdown$$0000000C)
    __rt_entry                               0x08000339   Thumb Code     0  __rtentry.o(.ARM.Collect$$rtentry$$00000000)
    __rt_entry_presh_1                       0x08000339   Thumb Code     0  __rtentry2.o(.ARM.Collect$$rtentry$$00000002)
    __rt_entry_sh                            0x08000339   Thumb Code     0  __rtentry4.o(.ARM.Collect$$rtentry$$00000004)
    __rt_entry_li                            0x0800033f   Thumb Code     0  __rtentry2.o(.ARM.Collect$$rtentry$$0000000A)
    __rt_entry_postsh_1                      0x0800033f   Thumb Code     0  __rtentry2.o(.ARM.Collect$$rtentry$$00000009)
    __rt_entry_main                          0x08000343   Thumb Code     0  __rtentry2.o(.ARM.Collect$$rtentry$$0000000D)
    __rt_entry_postli_1                      0x08000343   Thumb Code     0  __rtentry2.o(.ARM.Collect$$rtentry$$0000000C)
    __rt_exit                                0x0800034b   Thumb Code     0  rtexit.o(.ARM.Collect$$rtexit$$00000000)
    __rt_exit_ls                             0x0800034d   Thumb Code     0  rtexit2.o(.ARM.Collect$$rtexit$$00000003)
    __rt_exit_prels_1                        0x0800034d   Thumb Code     0  rtexit2.o(.ARM.Collect$$rtexit$$00000002)
    __rt_exit_exit                           0x08000351   Thumb Code     0  rtexit2.o(.ARM.Collect$$rtexit$$00000004)
    Reset_Handler                            0x08000359   Thumb Code     8  startup_stm32f446xx.o(.text)
    ADC_IRQHandler                           0x08000373   Thumb Code     0  startup_stm32f446xx.o(.text)
    CAN1_RX0_IRQHandler                      0x08000373   Thumb Code     0  startup_stm32f446xx.o(.text)
    CAN1_RX1_IRQHandler                      0x08000373   Thumb Code     0  startup_stm32f446xx.o(.text)
    CAN1_SCE_IRQHandler                      0x08000373   Thumb Code     0  startup_stm32f446xx.o(.text)
    CAN1_TX_IRQHandler                       0x08000373   Thumb Code     0  startup_stm32f446xx.o(.text)
    CAN2_RX0_IRQHandler                      0x08000373   Thumb Code     0  startup_stm32f446xx.o(.text)
    CAN2_RX1_IRQHandler                      0x08000373   Thumb Code     0  startup_stm32f446xx.o(.text)
    CAN2_SCE_IRQHandler                      0x08000373   Thumb Code     0  startup_stm32f446xx.o(.text)
    CAN2_TX_IRQHandler                       0x08000373   Thumb Code     0  startup_stm32f446xx.o(.text)
    CEC_IRQHandler                           0x08000373   Thumb Code     0  startup_stm32f446xx.o(.text)
    DCMI_IRQHandler                          0x08000373   Thumb Code     0  startup_stm32f446xx.o(.text)
    DMA1_Stream0_IRQHandler                  0x08000373   Thumb Code     0  startup_stm32f446xx.o(.text)
    DMA1_Stream1_IRQHandler                  0x08000373   Thumb Code     0  startup_stm32f446xx.o(.text)
    DMA1_Stream2_IRQHandler                  0x08000373   Thumb Code     0  startup_stm32f446xx.o(.text)
    DMA1_Stream3_IRQHandler                  0x08000373   Thumb Code     0  startup_stm32f446xx.o(.text)
    DMA1_Stream4_IRQHandler                  0x08000373   Thumb Code     0  startup_stm32f446xx.o(.text)
    DMA1_Stream5_IRQHandler                  0x08000373   Thumb Code     0  startup_stm32f446xx.o(.text)
    DMA1_Stream6_IRQHandler                  0x08000373   Thumb Code     0  startup_stm32f446xx.o(.text)
    DMA2_Stream0_IRQHandler                  0x08000373   Thumb Code     0  startup_stm32f446xx.o(.text)
    DMA2_Stream1_IRQHandler                  0x08000373   Thumb Code     0  startup_stm32f446xx.o(.text)
    DMA2_Stream2_IRQHandler                  0x08000373   Thumb Code     0  startup_stm32f446xx.o(.text)
    DMA2_Stream4_IRQHandler                  0x08000373   Thumb Code     0  startup_stm32f446xx.o(.text)
    DMA2_Stream5_IRQHandler                  0x08000373   Thumb Code     0  startup_stm32f446xx.o(.text)
    DMA2_Stream6_IRQHandler                  0x08000373   Thumb Code     0  startup_stm32f446xx.o(.text)
    DMA2_Stream7_IRQHandler                  0x08000373   Thumb Code     0  startup_stm32f446xx.o(.text)
    EXTI0_IRQHandler                         0x08000373   Thumb Code     0  startup_stm32f446xx.o(.text)
    EXTI15_10_IRQHandler                     0x08000373   Thumb Code     0  startup_stm32f446xx.o(.text)
    EXTI1_IRQHandler                         0x08000373   Thumb Code     0  startup_stm32f446xx.o(.text)
    EXTI2_IRQHandler                         0x08000373   Thumb Code     0  startup_stm32f446xx.o(.text)
    EXTI3_IRQHandler                         0x08000373   Thumb Code     0  startup_stm32f446xx.o(.text)
    EXTI4_IRQHandler                         0x08000373   Thumb Code     0  startup_stm32f446xx.o(.text)
    EXTI9_5_IRQHandler                       0x08000373   Thumb Code     0  startup_stm32f446xx.o(.text)
    FLASH_IRQHandler                         0x08000373   Thumb Code     0  startup_stm32f446xx.o(.text)
    FMC_IRQHandler                           0x08000373   Thumb Code     0  startup_stm32f446xx.o(.text)
    FMPI2C1_ER_IRQHandler                    0x08000373   Thumb Code     0  startup_stm32f446xx.o(.text)
    FMPI2C1_EV_IRQHandler                    0x08000373   Thumb Code     0  startup_stm32f446xx.o(.text)
    FPU_IRQHandler                           0x08000373   Thumb Code     0  startup_stm32f446xx.o(.text)
    I2C1_ER_IRQHandler                       0x08000373   Thumb Code     0  startup_stm32f446xx.o(.text)
    I2C1_EV_IRQHandler                       0x08000373   Thumb Code     0  startup_stm32f446xx.o(.text)
    I2C2_ER_IRQHandler                       0x08000373   Thumb Code     0  startup_stm32f446xx.o(.text)
    I2C2_EV_IRQHandler                       0x08000373   Thumb Code     0  startup_stm32f446xx.o(.text)
    I2C3_ER_IRQHandler                       0x08000373   Thumb Code     0  startup_stm32f446xx.o(.text)
    I2C3_EV_IRQHandler                       0x08000373   Thumb Code     0  startup_stm32f446xx.o(.text)
    OTG_FS_IRQHandler                        0x08000373   Thumb Code     0  startup_stm32f446xx.o(.text)
    OTG_FS_WKUP_IRQHandler                   0x08000373   Thumb Code     0  startup_stm32f446xx.o(.text)
    OTG_HS_EP1_IN_IRQHandler                 0x08000373   Thumb Code     0  startup_stm32f446xx.o(.text)
    OTG_HS_EP1_OUT_IRQHandler                0x08000373   Thumb Code     0  startup_stm32f446xx.o(.text)
    OTG_HS_IRQHandler                        0x08000373   Thumb Code     0  startup_stm32f446xx.o(.text)
    OTG_HS_WKUP_IRQHandler                   0x08000373   Thumb Code     0  startup_stm32f446xx.o(.text)
    PVD_IRQHandler                           0x08000373   Thumb Code     0  startup_stm32f446xx.o(.text)
    QUADSPI_IRQHandler                       0x08000373   Thumb Code     0  startup_stm32f446xx.o(.text)
    RCC_IRQHandler                           0x08000373   Thumb Code     0  startup_stm32f446xx.o(.text)
    RTC_Alarm_IRQHandler                     0x08000373   Thumb Code     0  startup_stm32f446xx.o(.text)
    RTC_WKUP_IRQHandler                      0x08000373   Thumb Code     0  startup_stm32f446xx.o(.text)
    SAI1_IRQHandler                          0x08000373   Thumb Code     0  startup_stm32f446xx.o(.text)
    SAI2_IRQHandler                          0x08000373   Thumb Code     0  startup_stm32f446xx.o(.text)
    SDIO_IRQHandler                          0x08000373   Thumb Code     0  startup_stm32f446xx.o(.text)
    SPDIF_RX_IRQHandler                      0x08000373   Thumb Code     0  startup_stm32f446xx.o(.text)
    SPI2_IRQHandler                          0x08000373   Thumb Code     0  startup_stm32f446xx.o(.text)
    SPI3_IRQHandler                          0x08000373   Thumb Code     0  startup_stm32f446xx.o(.text)
    SPI4_IRQHandler                          0x08000373   Thumb Code     0  startup_stm32f446xx.o(.text)
    TAMP_STAMP_IRQHandler                    0x08000373   Thumb Code     0  startup_stm32f446xx.o(.text)
    TIM1_BRK_TIM9_IRQHandler                 0x08000373   Thumb Code     0  startup_stm32f446xx.o(.text)
    TIM1_CC_IRQHandler                       0x08000373   Thumb Code     0  startup_stm32f446xx.o(.text)
    TIM1_TRG_COM_TIM11_IRQHandler            0x08000373   Thumb Code     0  startup_stm32f446xx.o(.text)
    TIM1_UP_TIM10_IRQHandler                 0x08000373   Thumb Code     0  startup_stm32f446xx.o(.text)
    TIM2_IRQHandler                          0x08000373   Thumb Code     0  startup_stm32f446xx.o(.text)
    TIM3_IRQHandler                          0x08000373   Thumb Code     0  startup_stm32f446xx.o(.text)
    TIM4_IRQHandler                          0x08000373   Thumb Code     0  startup_stm32f446xx.o(.text)
    TIM5_IRQHandler                          0x08000373   Thumb Code     0  startup_stm32f446xx.o(.text)
    TIM6_DAC_IRQHandler                      0x08000373   Thumb Code     0  startup_stm32f446xx.o(.text)
    TIM7_IRQHandler                          0x08000373   Thumb Code     0  startup_stm32f446xx.o(.text)
    TIM8_BRK_TIM12_IRQHandler                0x08000373   Thumb Code     0  startup_stm32f446xx.o(.text)
    TIM8_CC_IRQHandler                       0x08000373   Thumb Code     0  startup_stm32f446xx.o(.text)
    TIM8_TRG_COM_TIM14_IRQHandler            0x08000373   Thumb Code     0  startup_stm32f446xx.o(.text)
    TIM8_UP_TIM13_IRQHandler                 0x08000373   Thumb Code     0  startup_stm32f446xx.o(.text)
    UART4_IRQHandler                         0x08000373   Thumb Code     0  startup_stm32f446xx.o(.text)
    USART1_IRQHandler                        0x08000373   Thumb Code     0  startup_stm32f446xx.o(.text)
    USART2_IRQHandler                        0x08000373   Thumb Code     0  startup_stm32f446xx.o(.text)
    USART3_IRQHandler                        0x08000373   Thumb Code     0  startup_stm32f446xx.o(.text)
    USART6_IRQHandler                        0x08000373   Thumb Code     0  startup_stm32f446xx.o(.text)
    WWDG_IRQHandler                          0x08000373   Thumb Code     0  startup_stm32f446xx.o(.text)
    __user_initial_stackheap                 0x08000375   Thumb Code     0  startup_stm32f446xx.o(.text)
    malloc                                   0x08000399   Thumb Code    94  h1_alloc.o(.text)
    __aeabi_uldivmod                         0x080003f7   Thumb Code     0  lludivv7m.o(.text)
    _ll_udiv                                 0x080003f7   Thumb Code   240  lludivv7m.o(.text)
    sprintf                                  0x080004e9   Thumb Code    38  sprintf.o(.text)
    __aeabi_memclr4                          0x08000515   Thumb Code     0  rt_memclr_w.o(.text)
    __aeabi_memclr8                          0x08000515   Thumb Code     0  rt_memclr_w.o(.text)
    __rt_memclr_w                            0x08000515   Thumb Code     0  rt_memclr_w.o(.text)
    _memset_w                                0x08000519   Thumb Code    74  rt_memclr_w.o(.text)
    __use_two_region_memory                  0x08000563   Thumb Code     2  heapauxi.o(.text)
    __rt_heap_escrow                         0x08000565   Thumb Code     2  heapauxi.o(.text)
    __rt_heap_expand                         0x08000567   Thumb Code     2  heapauxi.o(.text)
    __rt_heap_descriptor                     0x08000569   Thumb Code     8  rt_heap_descriptor_intlibspace.o(.text)
    __use_no_heap                            0x08000571   Thumb Code     2  hguard.o(.text)
    __heap$guard                             0x08000573   Thumb Code     2  hguard.o(.text)
    _terminate_user_alloc                    0x08000575   Thumb Code     2  init_alloc.o(.text)
    _init_user_alloc                         0x08000577   Thumb Code     2  init_alloc.o(.text)
    __Heap_Full                              0x08000579   Thumb Code    34  init_alloc.o(.text)
    __Heap_Broken                            0x0800059b   Thumb Code     6  init_alloc.o(.text)
    _init_alloc                              0x080005a1   Thumb Code    94  init_alloc.o(.text)
    __Heap_Initialize                        0x080005ff   Thumb Code    10  h1_init.o(.text)
    __Heap_DescSize                          0x08000609   Thumb Code     4  h1_init.o(.text)
    free                                     0x0800060d   Thumb Code    78  h1_free.o(.text)
    _printf_pre_padding                      0x0800065b   Thumb Code    44  _printf_pad.o(.text)
    _printf_post_padding                     0x08000687   Thumb Code    34  _printf_pad.o(.text)
    _printf_truncate_signed                  0x080006a9   Thumb Code    18  _printf_truncate.o(.text)
    _printf_truncate_unsigned                0x080006bb   Thumb Code    18  _printf_truncate.o(.text)
    _printf_str                              0x080006cd   Thumb Code    82  _printf_str.o(.text)
    _printf_int_dec                          0x08000721   Thumb Code   104  _printf_dec.o(.text)
    _printf_charcount                        0x08000799   Thumb Code    40  _printf_charcount.o(.text)
    _printf_char_common                      0x080007cb   Thumb Code    32  _printf_char_common.o(.text)
    _sputc                                   0x080007f1   Thumb Code    10  _sputc.o(.text)
    _printf_wctomb                           0x080007fd   Thumb Code   182  _printf_wctomb.o(.text)
    _printf_longlong_dec                     0x080008b9   Thumb Code   108  _printf_longlong_dec.o(.text)
    _printf_longlong_oct                     0x08000935   Thumb Code    68  _printf_oct_int_ll.o(.text)
    _printf_int_oct                          0x08000979   Thumb Code    24  _printf_oct_int_ll.o(.text)
    _printf_ll_oct                           0x08000991   Thumb Code    12  _printf_oct_int_ll.o(.text)
    _printf_longlong_hex                     0x080009a5   Thumb Code    86  _printf_hex_int_ll_ptr.o(.text)
    _printf_int_hex                          0x080009fb   Thumb Code    28  _printf_hex_int_ll_ptr.o(.text)
    _printf_ll_hex                           0x08000a17   Thumb Code    12  _printf_hex_int_ll_ptr.o(.text)
    _printf_hex_ptr                          0x08000a23   Thumb Code    18  _printf_hex_int_ll_ptr.o(.text)
    __printf                                 0x08000a39   Thumb Code   388  __printf_flags_ss_wp.o(.text)
    __user_libspace                          0x08000bc1   Thumb Code     8  libspace.o(.text)
    __user_perproc_libspace                  0x08000bc1   Thumb Code     0  libspace.o(.text)
    __user_perthread_libspace                0x08000bc1   Thumb Code     0  libspace.o(.text)
    __Heap_ProvideMemory                     0x08000bc9   Thumb Code    52  h1_extend.o(.text)
    _maybe_terminate_alloc                   0x08000bc9   Thumb Code     0  maybetermalloc1.o(.text)
    _ll_udiv10                               0x08000bfd   Thumb Code   138  lludiv10.o(.text)
    _printf_int_common                       0x08000c87   Thumb Code   178  _printf_intcommon.o(.text)
    _printf_fp_dec_real                      0x08000ee9   Thumb Code   620  _printf_fp_dec.o(.text)
    _printf_fp_hex_real                      0x08001155   Thumb Code   756  _printf_fp_hex.o(.text)
    _printf_cs_common                        0x08001451   Thumb Code    20  _printf_char.o(.text)
    _printf_char                             0x08001465   Thumb Code    16  _printf_char.o(.text)
    _printf_string                           0x08001475   Thumb Code     8  _printf_char.o(.text)
    _printf_lcs_common                       0x0800147d   Thumb Code    20  _printf_wchar.o(.text)
    _printf_wchar                            0x08001491   Thumb Code    16  _printf_wchar.o(.text)
    _printf_wstring                          0x080014a1   Thumb Code     8  _printf_wchar.o(.text)
    _c16rtomb                                0x080014a9   Thumb Code    72  _c16rtomb.o(.text)
    _wcrtomb                                 0x080014a9   Thumb Code     0  _c16rtomb.o(.text)
    __rt_SIGRTMEM                            0x080014f1   Thumb Code    14  defsig_rtmem_outer.o(.text)
    __I$use$semihosting                      0x080014ff   Thumb Code     0  use_no_semi.o(.text)
    __use_no_semihosting_swi                 0x080014ff   Thumb Code     2  use_no_semi.o(.text)
    __semihosting_library_function           0x08001501   Thumb Code     0  indicate_semi.o(.text)
    __user_setup_stackheap                   0x08001501   Thumb Code    74  sys_stackheap_outer.o(.text)
    __rt_ctype_table                         0x0800154d   Thumb Code    16  rt_ctype_table.o(.text)
    __rt_locale                              0x0800155d   Thumb Code     8  rt_locale_intlibspace.o(.text)
    _printf_fp_infnan                        0x08001565   Thumb Code   112  _printf_fp_infnan.o(.text)
    _btod_etento                             0x080015e5   Thumb Code   224  bigflt0.o(.text)
    exit                                     0x080016c9   Thumb Code    18  exit.o(.text)
    __sig_exit                               0x080016db   Thumb Code    10  defsig_exit.o(.text)
    __rt_SIGRTMEM_inner                      0x080016e5   Thumb Code    22  defsig_rtmem_inner.o(.text)
    _sys_exit                                0x08001735   Thumb Code     8  sys_exit.o(.text)
    __default_signal_display                 0x08001741   Thumb Code    50  defsig_general.o(.text)
    strcmp                                   0x08001779   Thumb Code   124  strcmpv7em.o(.text)
    _ttywrch                                 0x080017f5   Thumb Code    14  sys_wrch.o(.text)
    BusFault_Handler                         0x08001805   Thumb Code     4  stm32f4xx_it.o(.text.BusFault_Handler)
    DMA1_Stream7_IRQHandler                  0x08001809   Thumb Code    16  stm32f4xx_it.o(.text.DMA1_Stream7_IRQHandler)
    DMA2_Stream3_IRQHandler                  0x08001819   Thumb Code    16  stm32f4xx_it.o(.text.DMA2_Stream3_IRQHandler)
    DebugMon_Handler                         0x080019c1   Thumb Code     2  stm32f4xx_it.o(.text.DebugMon_Handler)
    Error_Handler                            0x080019c5   Thumb Code    14  main.o(.text.Error_Handler)
    HAL_DMA_Abort                            0x080019d5   Thumb Code   236  stm32f4xx_hal_dma.o(.text.HAL_DMA_Abort)
    HAL_DMA_Abort_IT                         0x08001ac1   Thumb Code    68  stm32f4xx_hal_dma.o(.text.HAL_DMA_Abort_IT)
    HAL_DMA_GetState                         0x08001b05   Thumb Code    14  stm32f4xx_hal_dma.o(.text.HAL_DMA_GetState)
    HAL_DMA_IRQHandler                       0x08001b15   Thumb Code   798  stm32f4xx_hal_dma.o(.text.HAL_DMA_IRQHandler)
    HAL_DMA_Init                             0x08001e35   Thumb Code   366  stm32f4xx_hal_dma.o(.text.HAL_DMA_Init)
    HAL_DMA_Start_IT                         0x08001fa5   Thumb Code   194  stm32f4xx_hal_dma.o(.text.HAL_DMA_Start_IT)
    HAL_Delay                                0x08002069   Thumb Code    66  stm32f4xx_hal.o(.text.HAL_Delay)
    HAL_GPIO_Init                            0x080020ad   Thumb Code   922  stm32f4xx_hal_gpio.o(.text.HAL_GPIO_Init)
    HAL_GPIO_WritePin                        0x08002449   Thumb Code    46  stm32f4xx_hal_gpio.o(.text.HAL_GPIO_WritePin)
    HAL_GetTick                              0x08002479   Thumb Code    12  stm32f4xx_hal.o(.text.HAL_GetTick)
    HAL_IncTick                              0x08002485   Thumb Code    26  stm32f4xx_hal.o(.text.HAL_IncTick)
    HAL_Init                                 0x080024a1   Thumb Code    60  stm32f4xx_hal.o(.text.HAL_Init)
    HAL_InitTick                             0x080024dd   Thumb Code   112  stm32f4xx_hal.o(.text.HAL_InitTick)
    HAL_MspInit                              0x0800254d   Thumb Code    82  stm32f4xx_hal_msp.o(.text.HAL_MspInit)
    HAL_NVIC_EnableIRQ                       0x080025a1   Thumb Code    20  stm32f4xx_hal_cortex.o(.text.HAL_NVIC_EnableIRQ)
    HAL_NVIC_SetPriority                     0x080025b5   Thumb Code    50  stm32f4xx_hal_cortex.o(.text.HAL_NVIC_SetPriority)
    HAL_NVIC_SetPriorityGrouping             0x080025e9   Thumb Code    16  stm32f4xx_hal_cortex.o(.text.HAL_NVIC_SetPriorityGrouping)
    HAL_RCC_ClockConfig                      0x080025f9   Thumb Code   610  stm32f4xx_hal_rcc.o(.text.HAL_RCC_ClockConfig)
    HAL_RCC_GetHCLKFreq                      0x0800285d   Thumb Code    12  stm32f4xx_hal_rcc.o(.text.HAL_RCC_GetHCLKFreq)
    HAL_RCC_GetPCLK1Freq                     0x08002869   Thumb Code    34  stm32f4xx_hal_rcc.o(.text.HAL_RCC_GetPCLK1Freq)
    HAL_RCC_GetPCLK2Freq                     0x0800288d   Thumb Code    34  stm32f4xx_hal_rcc.o(.text.HAL_RCC_GetPCLK2Freq)
    HAL_RCC_GetSysClockFreq                  0x080028b1   Thumb Code   368  stm32f4xx_hal_rcc_ex.o(.text.HAL_RCC_GetSysClockFreq)
    HAL_RCC_OscConfig                        0x08002a21   Thumb Code  1830  stm32f4xx_hal_rcc_ex.o(.text.HAL_RCC_OscConfig)
    HAL_SPI_ErrorCallback                    0x08003149   Thumb Code     8  stm32f4xx_hal_spi.o(.text.HAL_SPI_ErrorCallback)
    HAL_SPI_IRQHandler                       0x08003151   Thumb Code   560  stm32f4xx_hal_spi.o(.text.HAL_SPI_IRQHandler)
    HAL_SPI_Init                             0x08003381   Thumb Code   256  stm32f4xx_hal_spi.o(.text.HAL_SPI_Init)
    HAL_SPI_MspInit                          0x08003481   Thumb Code   246  spi.o(.text.HAL_SPI_MspInit)
    HAL_SPI_Transmit                         0x08003579   Thumb Code   644  stm32f4xx_hal_spi.o(.text.HAL_SPI_Transmit)
    HAL_SPI_Transmit_DMA                     0x080037fd   Thumb Code   368  stm32f4xx_hal_spi.o(.text.HAL_SPI_Transmit_DMA)
    HAL_SPI_TxCpltCallback                   0x0800396d   Thumb Code     8  stm32f4xx_hal_spi.o(.text.HAL_SPI_TxCpltCallback)
    HAL_SPI_TxHalfCpltCallback               0x08003975   Thumb Code     8  stm32f4xx_hal_spi.o(.text.HAL_SPI_TxHalfCpltCallback)
    HAL_SYSTICK_Callback                     0x0800397d   Thumb Code    88  main.o(.text.HAL_SYSTICK_Callback)
    HAL_SYSTICK_Config                       0x080039d5   Thumb Code    16  stm32f4xx_hal_cortex.o(.text.HAL_SYSTICK_Config)
    HAL_SYSTICK_IRQHandler                   0x080039e5   Thumb Code     8  stm32f4xx_hal_cortex.o(.text.HAL_SYSTICK_IRQHandler)
    HAL_TIMEx_MasterConfigSynchronization    0x080039ed   Thumb Code   290  stm32f4xx_hal_tim_ex.o(.text.HAL_TIMEx_MasterConfigSynchronization)
    HAL_TIM_Base_Init                        0x08003b11   Thumb Code   156  stm32f4xx_hal_tim.o(.text.HAL_TIM_Base_Init)
    HAL_TIM_Base_MspInit                     0x08003bad   Thumb Code   116  tim.o(.text.HAL_TIM_Base_MspInit)
    HAL_TIM_ConfigClockSource                0x08003c21   Thumb Code   388  stm32f4xx_hal_tim.o(.text.HAL_TIM_ConfigClockSource)
    HAL_UARTEx_RxEventCallback               0x08003da5   Thumb Code    12  stm32f4xx_hal_uart.o(.text.HAL_UARTEx_RxEventCallback)
    HAL_UART_ErrorCallback                   0x08003db1   Thumb Code     8  stm32f4xx_hal_uart.o(.text.HAL_UART_ErrorCallback)
    HAL_UART_IRQHandler                      0x08003db9   Thumb Code  1054  stm32f4xx_hal_uart.o(.text.HAL_UART_IRQHandler)
    HAL_UART_Init                            0x080041d9   Thumb Code   154  stm32f4xx_hal_uart.o(.text.HAL_UART_Init)
    HAL_UART_MspInit                         0x08004275   Thumb Code   462  usart.o(.text.HAL_UART_MspInit)
    HAL_UART_Receive_IT                      0x08004445   Thumb Code   120  stm32f4xx_hal_uart.o(.text.HAL_UART_Receive_IT)
    HAL_UART_RxCpltCallback                  0x080044bd   Thumb Code     8  stm32f4xx_hal_uart.o(.text.HAL_UART_RxCpltCallback)
    HAL_UART_Transmit_DMA                    0x080044c5   Thumb Code   272  stm32f4xx_hal_uart.o(.text.HAL_UART_Transmit_DMA)
    HAL_UART_TxCpltCallback                  0x080045d5   Thumb Code     8  stm32f4xx_hal_uart.o(.text.HAL_UART_TxCpltCallback)
    HAL_UART_TxHalfCpltCallback              0x080045dd   Thumb Code     8  stm32f4xx_hal_uart.o(.text.HAL_UART_TxHalfCpltCallback)
    HardFault_Handler                        0x080045e5   Thumb Code     4  stm32f4xx_it.o(.text.HardFault_Handler)
    MX_DMA_Init                              0x080045e9   Thumb Code   114  dma.o(.text.MX_DMA_Init)
    MX_GPIO_Init                             0x0800465d   Thumb Code   406  gpio.o(.text.MX_GPIO_Init)
    MX_SPI1_Init                             0x080047f5   Thumb Code    78  spi.o(.text.MX_SPI1_Init)
    MX_TIM12_Init                            0x08004845   Thumb Code    96  tim.o(.text.MX_TIM12_Init)
    MX_TIM1_Init                             0x080048a5   Thumb Code   132  tim.o(.text.MX_TIM1_Init)
    MX_UART5_Init                            0x08004929   Thumb Code    64  usart.o(.text.MX_UART5_Init)
    MX_USART2_UART_Init                      0x08004969   Thumb Code    64  usart.o(.text.MX_USART2_UART_Init)
    MemManage_Handler                        0x080049a9   Thumb Code     4  stm32f4xx_it.o(.text.MemManage_Handler)
    NMI_Handler                              0x080049ad   Thumb Code     4  stm32f4xx_it.o(.text.NMI_Handler)
    PendSV_Handler                           0x08004a1d   Thumb Code     2  stm32f4xx_it.o(.text.PendSV_Handler)
    SPI1_IRQHandler                          0x08004a21   Thumb Code    16  stm32f4xx_it.o(.text.SPI1_IRQHandler)
    SVC_Handler                              0x08004d15   Thumb Code     2  stm32f4xx_it.o(.text.SVC_Handler)
    SysTick_Handler                          0x08004d6d   Thumb Code    12  stm32f4xx_it.o(.text.SysTick_Handler)
    SystemClock_Config                       0x08004d79   Thumb Code   184  main.o(.text.SystemClock_Config)
    SystemInit                               0x08004e31   Thumb Code    18  system_stm32f4xx.o(.text.SystemInit)
    TIM_Base_SetConfig                       0x08004e45   Thumb Code   410  stm32f4xx_hal_tim.o(.text.TIM_Base_SetConfig)
    TIM_ETR_SetConfig                        0x08004fe1   Thumb Code    52  stm32f4xx_hal_tim.o(.text.TIM_ETR_SetConfig)
    UART5_IRQHandler                         0x080050e5   Thumb Code    16  stm32f4xx_it.o(.text.UART5_IRQHandler)
    UART_Start_Receive_IT                    0x080055b9   Thumb Code   110  stm32f4xx_hal_uart.o(.text.UART_Start_Receive_IT)
    UsageFault_Handler                       0x080056bd   Thumb Code     4  stm32f4xx_it.o(.text.UsageFault_Handler)
    add_notes                                0x08005781   Thumb Code   122  guitar.o(.text.add_notes)
    display_guitar                           0x080057fd   Thumb Code   208  guitar.o(.text.display_guitar)
    display_score                            0x080058cd   Thumb Code   318  guitar.o(.text.display_score)
    el_condor                                0x08005a0d   Thumb Code    64  guitar.o(.text.el_condor)
    gameOver                                 0x08005a4d   Thumb Code   234  guitar.o(.text.gameOver)
    glyph_index                              0x08005b39   Thumb Code    54  ili9341_font.o(.text.glyph_index)
    ili9341_draw_char                        0x08005cc9   Thumb Code   458  ili9341_gfx.o(.text.ili9341_draw_char)
    ili9341_draw_circle                      0x08005e95   Thumb Code   562  ili9341_gfx.o(.text.ili9341_draw_circle)
    ili9341_draw_pixel                       0x080060c9   Thumb Code   136  ili9341_gfx.o(.text.ili9341_draw_pixel)
    ili9341_draw_string                      0x08006151   Thumb Code   206  ili9341_gfx.o(.text.ili9341_draw_string)
    ili9341_fill_rect                        0x08006221   Thumb Code   306  ili9341_gfx.o(.text.ili9341_fill_rect)
    ili9341_fill_screen                      0x08006355   Thumb Code    42  ili9341_gfx.o(.text.ili9341_fill_screen)
    ili9341_new                              0x080066ed   Thumb Code   742  ili9341.o(.text.ili9341_new)
    ili9341_spi_slave_release                0x08006ab5   Thumb Code    52  ili9341.o(.text.ili9341_spi_slave_release)
    ili9341_spi_slave_select                 0x08006ae9   Thumb Code    52  ili9341.o(.text.ili9341_spi_slave_select)
    ili9341_spi_tft_release                  0x08006b1d   Thumb Code    22  ili9341.o(.text.ili9341_spi_tft_release)
    ili9341_spi_tft_select                   0x08006b35   Thumb Code    22  ili9341.o(.text.ili9341_spi_tft_select)
    ili9341_spi_tft_set_address_rect         0x08006b4d   Thumb Code   162  ili9341_gfx.o(.text.ili9341_spi_tft_set_address_rect)
    ili9341_spi_touch_release                0x08006bf1   Thumb Code    22  ili9341.o(.text.ili9341_spi_touch_release)
    ili9341_spi_touch_select                 0x08006c09   Thumb Code    22  ili9341.o(.text.ili9341_spi_touch_select)
    ili9341_spi_write_command                0x08006c21   Thumb Code   112  ili9341.o(.text.ili9341_spi_write_command)
    ili9341_spi_write_command_data           0x08006c91   Thumb Code   120  ili9341.o(.text.ili9341_spi_write_command_data)
    ili9341_spi_write_data                   0x08006d09   Thumb Code   114  ili9341.o(.text.ili9341_spi_write_data)
    ili9341_transmit_color                   0x08006d7d   Thumb Code    72  ili9341_gfx.o(.text.ili9341_transmit_color)
    ili9341_transmit_wait                    0x08006dc5   Thumb Code    38  ili9341_gfx.o(.text.ili9341_transmit_wait)
    initGame                                 0x08006ded   Thumb Code   184  guitar.o(.text.initGame)
    main                                     0x08006ea5   Thumb Code   384  main.o(.text.main)
    next_state                               0x08007025   Thumb Code   194  guitar.o(.text.next_state)
    _btod_d2e                                0x080070e7   Thumb Code    62  btod.o(CL$$btod_d2e)
    _d2e_denorm_low                          0x08007125   Thumb Code    70  btod.o(CL$$btod_d2e_denorm_low)
    _d2e_norm_op1                            0x0800716b   Thumb Code    96  btod.o(CL$$btod_d2e_norm_op1)
    __btod_div_common                        0x080071cd   Thumb Code   696  btod.o(CL$$btod_div_common)
    _e2e                                     0x08007505   Thumb Code   220  btod.o(CL$$btod_e2e)
    _btod_ediv                               0x080075e1   Thumb Code    42  btod.o(CL$$btod_ediv)
    _btod_emul                               0x0800760b   Thumb Code    42  btod.o(CL$$btod_emul)
    __btod_mult_common                       0x08007635   Thumb Code   580  btod.o(CL$$btod_mult_common)
    __ARM_fpclassify                         0x08007879   Thumb Code    48  fpclassify.o(i.__ARM_fpclassify)
    _is_digit                                0x080078a9   Thumb Code    14  __printf_wp.o(i._is_digit)
    _get_lc_numeric                          0x080078b9   Thumb Code    44  lc_numeric_c.o(locale$$code)
    _get_lc_ctype                            0x080078e5   Thumb Code    44  lc_ctype_c.o(locale$$code)
    _fp_init                                 0x08007911   Thumb Code    26  fpinit.o(x$fpl$fpinit)
    __fplib_config_fpu_vfp                   0x08007929   Thumb Code     0  fpinit.o(x$fpl$fpinit)
    __fplib_config_pureend_doubles           0x08007929   Thumb Code     0  fpinit.o(x$fpl$fpinit)
    _printf_fp_dec                           0x0800792b   Thumb Code     4  printf1.o(x$fpl$printf1)
    _printf_fp_hex                           0x0800792f   Thumb Code     4  printf2.o(x$fpl$printf2)
    __I$use$fp                               0x08007932   Number         0  usenofp.o(x$fpl$usenofp)
    AHBPrescTable                            0x08007a30   Data          16  system_stm32f4xx.o(.rodata.AHBPrescTable)
    APBPrescTable                            0x08007a40   Data           8  system_stm32f4xx.o(.rodata.APBPrescTable)
    ILI9341_BLUE                             0x08007a50   Data           2  ili9341_gfx.o(.rodata.ILI9341_BLUE)
    ILI9341_GREEN                            0x08007a52   Data           2  ili9341_gfx.o(.rodata.ILI9341_GREEN)
    ILI9341_RED                              0x08007a54   Data           2  ili9341_gfx.o(.rodata.ILI9341_RED)
    ILI9341_WHITE                            0x08007a56   Data           2  ili9341_gfx.o(.rodata.ILI9341_WHITE)
    ili9341_font_11x18                       0x08007a58   Data        3422  ili9341_font.o(.rodata.ili9341_font_11x18)
    ili9341_font_16x26                       0x080087b6   Data        4942  ili9341_font.o(.rodata.ili9341_font_16x26)
    Region$$Table$$Base                      0x08009b1c   Number         0  anon$$obj.o(Region$$Table)
    Region$$Table$$Limit                     0x08009b3c   Number         0  anon$$obj.o(Region$$Table)
    __ctype                                  0x08009b65   Data           0  lc_ctype_c.o(locale$$data)
    SystemCoreClock                          0x20000000   Data           4  system_stm32f4xx.o(.data.SystemCoreClock)
    el_condor_length                         0x20000004   Data         400  guitar.o(.data.el_condor_length)
    el_condor_length_bass                    0x20000194   Data         400  guitar.o(.data.el_condor_length_bass)
    el_condor_notes                          0x20000324   Data         100  guitar.o(.data.el_condor_notes)
    el_condor_notes_bass                     0x20000388   Data         100  guitar.o(.data.el_condor_notes_bass)
    fps                                      0x200003ec   Data           4  main.o(.data.fps)
    frameUp                                  0x200003f0   Data           4  main.o(.data.frameUp)
    position_us                              0x200003f4   Data           4  guitar.o(.data.position_us)
    rxdata                                   0x200003f8   Data           1  main.o(.data.rxdata)
    txdata                                   0x200003f9   Data           1  main.o(.data.txdata)
    uwTickFreq                               0x200003fa   Data           1  stm32f4xx_hal.o(.data.uwTickFreq)
    uwTickPrio                               0x200003fc   Data           4  stm32f4xx_hal.o(.data.uwTickPrio)
    __libspace_start                         0x20000400   Data          96  libspace.o(.bss)
    POSX                                     0x20000460   Data          64  guitar.o(.bss.POSX)
    __temporary_stack_top$libspace           0x20000460   Data           0  libspace.o(.bss)
    _screen                                  0x200004a0   Data           4  guitar.o(.bss._screen)
    current_time                             0x200004a4   Data           4  guitar.o(.bss.current_time)
    full_timer                               0x200004a8   Data           4  main.o(.bss.full_timer)
    guitar                                   0x200004ac   Data          12  guitar.o(.bss.guitar)
    hdma_spi1_tx                             0x200004b8   Data          96  spi.o(.bss.hdma_spi1_tx)
    hdma_uart5_tx                            0x20000518   Data          96  usart.o(.bss.hdma_uart5_tx)
    hspi1                                    0x20000578   Data          88  spi.o(.bss.hspi1)
    htim1                                    0x200005d0   Data          72  tim.o(.bss.htim1)
    htim12                                   0x20000618   Data          72  tim.o(.bss.htim12)
    huart2                                   0x20000660   Data          68  usart.o(.bss.huart2)
    huart5                                   0x200006a4   Data          68  usart.o(.bss.huart5)
    life                                     0x200006e8   Data           4  main.o(.bss.life)
    nextNoteUp                               0x200006ec   Data           4  guitar.o(.bss.nextNoteUp)
    timerFPS                                 0x20000ef0   Data           4  main.o(.bss.timerFPS)
    uwTick                                   0x20000ef4   Data           4  stm32f4xx_hal.o(.bss.uwTick)
    voice1                                   0x20000ef8   Data        1000  guitar.o(.bss.voice1)
    voice2                                   0x200012e0   Data        1000  guitar.o(.bss.voice2)



==============================================================================

Memory Map of the image

  Image Entry point : 0x080001c5

  Load Region LR_IROM1 (Base: 0x08000000, Size: 0x0000a068, Max: 0x00080000, ABSOLUTE, COMPRESSED[0x00009cc0])

    Execution Region ER_IROM1 (Exec base: 0x08000000, Load base: 0x08000000, Size: 0x00009c68, Max: 0x00080000, ABSOLUTE)

    Exec Addr    Load Addr    Size         Type   Attr      Idx    E Section Name        Object

    0x08000000   0x08000000   0x000001c4   Data   RO            3    RESET               startup_stm32f446xx.o
    0x080001c4   0x080001c4   0x00000008   Code   RO         1463  * !!!main             c_w.l(__main.o)
    0x080001cc   0x080001cc   0x00000034   Code   RO         1882    !!!scatter          c_w.l(__scatter.o)
    0x08000200   0x08000200   0x0000005a   Code   RO         1880    !!dczerorl2         c_w.l(__dczerorl2.o)
    0x0800025a   0x0800025a   0x00000002   PAD
    0x0800025c   0x0800025c   0x0000001c   Code   RO         1884    !!handler_zi        c_w.l(__scatter_zi.o)
    0x08000278   0x08000278   0x00000000   Code   RO         1596    .ARM.Collect$$_printf_percent$$00000000  c_w.l(_printf_percent.o)
    0x08000278   0x08000278   0x00000006   Code   RO         1585    .ARM.Collect$$_printf_percent$$00000001  c_w.l(_printf_n.o)
    0x0800027e   0x0800027e   0x00000006   Code   RO         1587    .ARM.Collect$$_printf_percent$$00000002  c_w.l(_printf_p.o)
    0x08000284   0x08000284   0x00000006   Code   RO         1592    .ARM.Collect$$_printf_percent$$00000003  c_w.l(_printf_f.o)
    0x0800028a   0x0800028a   0x00000006   Code   RO         1593    .ARM.Collect$$_printf_percent$$00000004  c_w.l(_printf_e.o)
    0x08000290   0x08000290   0x00000006   Code   RO         1594    .ARM.Collect$$_printf_percent$$00000005  c_w.l(_printf_g.o)
    0x08000296   0x08000296   0x00000006   Code   RO         1595    .ARM.Collect$$_printf_percent$$00000006  c_w.l(_printf_a.o)
    0x0800029c   0x0800029c   0x0000000a   Code   RO         1600    .ARM.Collect$$_printf_percent$$00000007  c_w.l(_printf_ll.o)
    0x080002a6   0x080002a6   0x00000006   Code   RO         1589    .ARM.Collect$$_printf_percent$$00000008  c_w.l(_printf_i.o)
    0x080002ac   0x080002ac   0x00000006   Code   RO         1590    .ARM.Collect$$_printf_percent$$00000009  c_w.l(_printf_d.o)
    0x080002b2   0x080002b2   0x00000006   Code   RO         1591    .ARM.Collect$$_printf_percent$$0000000A  c_w.l(_printf_u.o)
    0x080002b8   0x080002b8   0x00000006   Code   RO         1588    .ARM.Collect$$_printf_percent$$0000000B  c_w.l(_printf_o.o)
    0x080002be   0x080002be   0x00000006   Code   RO         1586    .ARM.Collect$$_printf_percent$$0000000C  c_w.l(_printf_x.o)
    0x080002c4   0x080002c4   0x00000006   Code   RO         1597    .ARM.Collect$$_printf_percent$$0000000D  c_w.l(_printf_lli.o)
    0x080002ca   0x080002ca   0x00000006   Code   RO         1598    .ARM.Collect$$_printf_percent$$0000000E  c_w.l(_printf_lld.o)
    0x080002d0   0x080002d0   0x00000006   Code   RO         1599    .ARM.Collect$$_printf_percent$$0000000F  c_w.l(_printf_llu.o)
    0x080002d6   0x080002d6   0x00000006   Code   RO         1604    .ARM.Collect$$_printf_percent$$00000010  c_w.l(_printf_llo.o)
    0x080002dc   0x080002dc   0x00000006   Code   RO         1605    .ARM.Collect$$_printf_percent$$00000011  c_w.l(_printf_llx.o)
    0x080002e2   0x080002e2   0x0000000a   Code   RO         1601    .ARM.Collect$$_printf_percent$$00000012  c_w.l(_printf_l.o)
    0x080002ec   0x080002ec   0x00000006   Code   RO         1583    .ARM.Collect$$_printf_percent$$00000013  c_w.l(_printf_c.o)
    0x080002f2   0x080002f2   0x00000006   Code   RO         1584    .ARM.Collect$$_printf_percent$$00000014  c_w.l(_printf_s.o)
    0x080002f8   0x080002f8   0x00000006   Code   RO         1602    .ARM.Collect$$_printf_percent$$00000015  c_w.l(_printf_lc.o)
    0x080002fe   0x080002fe   0x00000006   Code   RO         1603    .ARM.Collect$$_printf_percent$$00000016  c_w.l(_printf_ls.o)
    0x08000304   0x08000304   0x00000004   Code   RO         1721    .ARM.Collect$$_printf_percent$$00000017  c_w.l(_printf_percent_end.o)
    0x08000308   0x08000308   0x00000002   Code   RO         1802    .ARM.Collect$$libinit$$00000000  c_w.l(libinit.o)
    0x0800030a   0x0800030a   0x00000004   Code   RO         1610    .ARM.Collect$$libinit$$00000001  c_w.l(libinit2.o)
    0x0800030e   0x0800030e   0x00000000   Code   RO         1613    .ARM.Collect$$libinit$$00000004  c_w.l(libinit2.o)
    0x0800030e   0x0800030e   0x00000000   Code   RO         1615    .ARM.Collect$$libinit$$00000006  c_w.l(libinit2.o)
    0x0800030e   0x0800030e   0x00000008   Code   RO         1616    .ARM.Collect$$libinit$$00000007  c_w.l(libinit2.o)
    0x08000316   0x08000316   0x00000000   Code   RO         1618    .ARM.Collect$$libinit$$0000000C  c_w.l(libinit2.o)
    0x08000316   0x08000316   0x00000000   Code   RO         1620    .ARM.Collect$$libinit$$0000000E  c_w.l(libinit2.o)
    0x08000316   0x08000316   0x00000000   Code   RO         1622    .ARM.Collect$$libinit$$00000010  c_w.l(libinit2.o)
    0x08000316   0x08000316   0x00000006   Code   RO         1623    .ARM.Collect$$libinit$$00000011  c_w.l(libinit2.o)
    0x0800031c   0x0800031c   0x00000000   Code   RO         1625    .ARM.Collect$$libinit$$00000013  c_w.l(libinit2.o)
    0x0800031c   0x0800031c   0x0000000c   Code   RO         1626    .ARM.Collect$$libinit$$00000014  c_w.l(libinit2.o)
    0x08000328   0x08000328   0x00000000   Code   RO         1627    .ARM.Collect$$libinit$$00000015  c_w.l(libinit2.o)
    0x08000328   0x08000328   0x00000000   Code   RO         1629    .ARM.Collect$$libinit$$00000017  c_w.l(libinit2.o)
    0x08000328   0x08000328   0x0000000a   Code   RO         1630    .ARM.Collect$$libinit$$00000018  c_w.l(libinit2.o)
    0x08000332   0x08000332   0x00000000   Code   RO         1631    .ARM.Collect$$libinit$$00000019  c_w.l(libinit2.o)
    0x08000332   0x08000332   0x00000000   Code   RO         1633    .ARM.Collect$$libinit$$0000001B  c_w.l(libinit2.o)
    0x08000332   0x08000332   0x00000000   Code   RO         1635    .ARM.Collect$$libinit$$0000001D  c_w.l(libinit2.o)
    0x08000332   0x08000332   0x00000000   Code   RO         1637    .ARM.Collect$$libinit$$0000001F  c_w.l(libinit2.o)
    0x08000332   0x08000332   0x00000000   Code   RO         1639    .ARM.Collect$$libinit$$00000021  c_w.l(libinit2.o)
    0x08000332   0x08000332   0x00000000   Code   RO         1641    .ARM.Collect$$libinit$$00000023  c_w.l(libinit2.o)
    0x08000332   0x08000332   0x00000000   Code   RO         1643    .ARM.Collect$$libinit$$00000025  c_w.l(libinit2.o)
    0x08000332   0x08000332   0x00000000   Code   RO         1645    .ARM.Collect$$libinit$$00000027  c_w.l(libinit2.o)
    0x08000332   0x08000332   0x00000000   Code   RO         1649    .ARM.Collect$$libinit$$0000002E  c_w.l(libinit2.o)
    0x08000332   0x08000332   0x00000000   Code   RO         1651    .ARM.Collect$$libinit$$00000030  c_w.l(libinit2.o)
    0x08000332   0x08000332   0x00000000   Code   RO         1653    .ARM.Collect$$libinit$$00000032  c_w.l(libinit2.o)
    0x08000332   0x08000332   0x00000000   Code   RO         1655    .ARM.Collect$$libinit$$00000034  c_w.l(libinit2.o)
    0x08000332   0x08000332   0x00000002   Code   RO         1656    .ARM.Collect$$libinit$$00000035  c_w.l(libinit2.o)
    0x08000334   0x08000334   0x00000002   Code   RO         1877    .ARM.Collect$$libshutdown$$00000000  c_w.l(libshutdown.o)
    0x08000336   0x08000336   0x00000000   Code   RO         1831    .ARM.Collect$$libshutdown$$00000002  c_w.l(libshutdown2.o)
    0x08000336   0x08000336   0x00000000   Code   RO         1833    .ARM.Collect$$libshutdown$$00000004  c_w.l(libshutdown2.o)
    0x08000336   0x08000336   0x00000000   Code   RO         1836    .ARM.Collect$$libshutdown$$00000007  c_w.l(libshutdown2.o)
    0x08000336   0x08000336   0x00000000   Code   RO         1839    .ARM.Collect$$libshutdown$$0000000A  c_w.l(libshutdown2.o)
    0x08000336   0x08000336   0x00000000   Code   RO         1841    .ARM.Collect$$libshutdown$$0000000C  c_w.l(libshutdown2.o)
    0x08000336   0x08000336   0x00000000   Code   RO         1844    .ARM.Collect$$libshutdown$$0000000F  c_w.l(libshutdown2.o)
    0x08000336   0x08000336   0x00000002   Code   RO         1845    .ARM.Collect$$libshutdown$$00000010  c_w.l(libshutdown2.o)
    0x08000338   0x08000338   0x00000000   Code   RO         1481    .ARM.Collect$$rtentry$$00000000  c_w.l(__rtentry.o)
    0x08000338   0x08000338   0x00000000   Code   RO         1680    .ARM.Collect$$rtentry$$00000002  c_w.l(__rtentry2.o)
    0x08000338   0x08000338   0x00000006   Code   RO         1692    .ARM.Collect$$rtentry$$00000004  c_w.l(__rtentry4.o)
    0x0800033e   0x0800033e   0x00000000   Code   RO         1682    .ARM.Collect$$rtentry$$00000009  c_w.l(__rtentry2.o)
    0x0800033e   0x0800033e   0x00000004   Code   RO         1683    .ARM.Collect$$rtentry$$0000000A  c_w.l(__rtentry2.o)
    0x08000342   0x08000342   0x00000000   Code   RO         1685    .ARM.Collect$$rtentry$$0000000C  c_w.l(__rtentry2.o)
    0x08000342   0x08000342   0x00000008   Code   RO         1686    .ARM.Collect$$rtentry$$0000000D  c_w.l(__rtentry2.o)
    0x0800034a   0x0800034a   0x00000002   Code   RO         1811    .ARM.Collect$$rtexit$$00000000  c_w.l(rtexit.o)
    0x0800034c   0x0800034c   0x00000000   Code   RO         1851    .ARM.Collect$$rtexit$$00000002  c_w.l(rtexit2.o)
    0x0800034c   0x0800034c   0x00000004   Code   RO         1852    .ARM.Collect$$rtexit$$00000003  c_w.l(rtexit2.o)
    0x08000350   0x08000350   0x00000006   Code   RO         1853    .ARM.Collect$$rtexit$$00000004  c_w.l(rtexit2.o)
    0x08000356   0x08000356   0x00000002   PAD
    0x08000358   0x08000358   0x00000040   Code   RO            4    .text               startup_stm32f446xx.o
    0x08000398   0x08000398   0x0000005e   Code   RO         1394    .text               c_w.l(h1_alloc.o)
    0x080003f6   0x080003f6   0x000000f0   Code   RO         1448    .text               c_w.l(lludivv7m.o)
    0x080004e6   0x080004e6   0x00000002   PAD
    0x080004e8   0x080004e8   0x0000002c   Code   RO         1450    .text               c_w.l(sprintf.o)
    0x08000514   0x08000514   0x0000004e   Code   RO         1459    .text               c_w.l(rt_memclr_w.o)
    0x08000562   0x08000562   0x00000006   Code   RO         1461    .text               c_w.l(heapauxi.o)
    0x08000568   0x08000568   0x00000008   Code   RO         1489    .text               c_w.l(rt_heap_descriptor_intlibspace.o)
    0x08000570   0x08000570   0x00000004   Code   RO         1491    .text               c_w.l(hguard.o)
    0x08000574   0x08000574   0x0000008a   Code   RO         1493    .text               c_w.l(init_alloc.o)
    0x080005fe   0x080005fe   0x0000000e   Code   RO         1499    .text               c_w.l(h1_init.o)
    0x0800060c   0x0800060c   0x0000004e   Code   RO         1501    .text               c_w.l(h1_free.o)
    0x0800065a   0x0800065a   0x0000004e   Code   RO         1517    .text               c_w.l(_printf_pad.o)
    0x080006a8   0x080006a8   0x00000024   Code   RO         1519    .text               c_w.l(_printf_truncate.o)
    0x080006cc   0x080006cc   0x00000052   Code   RO         1521    .text               c_w.l(_printf_str.o)
    0x0800071e   0x0800071e   0x00000002   PAD
    0x08000720   0x08000720   0x00000078   Code   RO         1523    .text               c_w.l(_printf_dec.o)
    0x08000798   0x08000798   0x00000028   Code   RO         1525    .text               c_w.l(_printf_charcount.o)
    0x080007c0   0x080007c0   0x00000030   Code   RO         1527    .text               c_w.l(_printf_char_common.o)
    0x080007f0   0x080007f0   0x0000000a   Code   RO         1529    .text               c_w.l(_sputc.o)
    0x080007fa   0x080007fa   0x00000002   PAD
    0x080007fc   0x080007fc   0x000000bc   Code   RO         1531    .text               c_w.l(_printf_wctomb.o)
    0x080008b8   0x080008b8   0x0000007c   Code   RO         1534    .text               c_w.l(_printf_longlong_dec.o)
    0x08000934   0x08000934   0x00000070   Code   RO         1540    .text               c_w.l(_printf_oct_int_ll.o)
    0x080009a4   0x080009a4   0x00000094   Code   RO         1560    .text               c_w.l(_printf_hex_int_ll_ptr.o)
    0x08000a38   0x08000a38   0x00000188   Code   RO         1580    .text               c_w.l(__printf_flags_ss_wp.o)
    0x08000bc0   0x08000bc0   0x00000008   Code   RO         1676    .text               c_w.l(libspace.o)
    0x08000bc8   0x08000bc8   0x00000000   Code   RO         1698    .text               c_w.l(maybetermalloc1.o)
    0x08000bc8   0x08000bc8   0x00000034   Code   RO         1700    .text               c_w.l(h1_extend.o)
    0x08000bfc   0x08000bfc   0x0000008a   Code   RO         1704    .text               c_w.l(lludiv10.o)
    0x08000c86   0x08000c86   0x000000b2   Code   RO         1706    .text               c_w.l(_printf_intcommon.o)
    0x08000d38   0x08000d38   0x0000041c   Code   RO         1708    .text               c_w.l(_printf_fp_dec.o)
    0x08001154   0x08001154   0x000002fc   Code   RO         1712    .text               c_w.l(_printf_fp_hex.o)
    0x08001450   0x08001450   0x0000002c   Code   RO         1717    .text               c_w.l(_printf_char.o)
    0x0800147c   0x0800147c   0x0000002c   Code   RO         1719    .text               c_w.l(_printf_wchar.o)
    0x080014a8   0x080014a8   0x00000048   Code   RO         1722    .text               c_w.l(_c16rtomb.o)
    0x080014f0   0x080014f0   0x0000000e   Code   RO         1724    .text               c_w.l(defsig_rtmem_outer.o)
    0x080014fe   0x080014fe   0x00000002   Code   RO         1735    .text               c_w.l(use_no_semi.o)
    0x08001500   0x08001500   0x00000000   Code   RO         1737    .text               c_w.l(indicate_semi.o)
    0x08001500   0x08001500   0x0000004a   Code   RO         1738    .text               c_w.l(sys_stackheap_outer.o)
    0x0800154a   0x0800154a   0x00000002   PAD
    0x0800154c   0x0800154c   0x00000010   Code   RO         1740    .text               c_w.l(rt_ctype_table.o)
    0x0800155c   0x0800155c   0x00000008   Code   RO         1747    .text               c_w.l(rt_locale_intlibspace.o)
    0x08001564   0x08001564   0x00000080   Code   RO         1751    .text               c_w.l(_printf_fp_infnan.o)
    0x080015e4   0x080015e4   0x000000e4   Code   RO         1753    .text               c_w.l(bigflt0.o)
    0x080016c8   0x080016c8   0x00000012   Code   RO         1783    .text               c_w.l(exit.o)
    0x080016da   0x080016da   0x0000000a   Code   RO         1785    .text               c_w.l(defsig_exit.o)
    0x080016e4   0x080016e4   0x00000050   Code   RO         1791    .text               c_w.l(defsig_rtmem_inner.o)
    0x08001734   0x08001734   0x0000000c   Code   RO         1807    .text               c_w.l(sys_exit.o)
    0x08001740   0x08001740   0x00000032   Code   RO         1824    .text               c_w.l(defsig_general.o)
    0x08001772   0x08001772   0x00000006   PAD
    0x08001778   0x08001778   0x0000007c   Code   RO         1828    .text               c_w.l(strcmpv7em.o)
    0x080017f4   0x080017f4   0x0000000e   Code   RO         1846    .text               c_w.l(sys_wrch.o)
    0x08001802   0x08001802   0x00000002   PAD
    0x08001804   0x08001804   0x00000004   Code   RO          284    .text.BusFault_Handler  stm32f4xx_it.o
    0x08001808   0x08001808   0x00000010   Code   RO          298    .text.DMA1_Stream7_IRQHandler  stm32f4xx_it.o
    0x08001818   0x08001818   0x00000010   Code   RO          302    .text.DMA2_Stream3_IRQHandler  stm32f4xx_it.o
    0x08001828   0x08001828   0x00000056   Code   RO          652    .text.DMA_CalcBaseAndBitshift  stm32f4xx_hal_dma.o
    0x0800187e   0x0800187e   0x00000002   PAD
    0x08001880   0x08001880   0x000000f0   Code   RO          650    .text.DMA_CheckFifoParam  stm32f4xx_hal_dma.o
    0x08001970   0x08001970   0x00000050   Code   RO          658    .text.DMA_SetConfig  stm32f4xx_hal_dma.o
    0x080019c0   0x080019c0   0x00000002   Code   RO          290    .text.DebugMon_Handler  stm32f4xx_it.o
    0x080019c2   0x080019c2   0x00000002   PAD
    0x080019c4   0x080019c4   0x0000000e   Code   RO          191    .text.Error_Handler  main.o
    0x080019d2   0x080019d2   0x00000002   PAD
    0x080019d4   0x080019d4   0x000000ec   Code   RO          662    .text.HAL_DMA_Abort  stm32f4xx_hal_dma.o
    0x08001ac0   0x08001ac0   0x00000044   Code   RO          664    .text.HAL_DMA_Abort_IT  stm32f4xx_hal_dma.o
    0x08001b04   0x08001b04   0x0000000e   Code   RO          674    .text.HAL_DMA_GetState  stm32f4xx_hal_dma.o
    0x08001b12   0x08001b12   0x00000002   PAD
    0x08001b14   0x08001b14   0x0000031e   Code   RO          668    .text.HAL_DMA_IRQHandler  stm32f4xx_hal_dma.o
    0x08001e32   0x08001e32   0x00000002   PAD
    0x08001e34   0x08001e34   0x0000016e   Code   RO          648    .text.HAL_DMA_Init  stm32f4xx_hal_dma.o
    0x08001fa2   0x08001fa2   0x00000002   PAD
    0x08001fa4   0x08001fa4   0x000000c2   Code   RO          660    .text.HAL_DMA_Start_IT  stm32f4xx_hal_dma.o
    0x08002066   0x08002066   0x00000002   PAD
    0x08002068   0x08002068   0x00000042   Code   RO          843    .text.HAL_Delay     stm32f4xx_hal.o
    0x080020aa   0x080020aa   0x00000002   PAD
    0x080020ac   0x080020ac   0x0000039a   Code   RO          610    .text.HAL_GPIO_Init  stm32f4xx_hal_gpio.o
    0x08002446   0x08002446   0x00000002   PAD
    0x08002448   0x08002448   0x0000002e   Code   RO          616    .text.HAL_GPIO_WritePin  stm32f4xx_hal_gpio.o
    0x08002476   0x08002476   0x00000002   PAD
    0x08002478   0x08002478   0x0000000c   Code   RO          835    .text.HAL_GetTick   stm32f4xx_hal.o
    0x08002484   0x08002484   0x0000001a   Code   RO          833    .text.HAL_IncTick   stm32f4xx_hal.o
    0x0800249e   0x0800249e   0x00000002   PAD
    0x080024a0   0x080024a0   0x0000003c   Code   RO          823    .text.HAL_Init      stm32f4xx_hal.o
    0x080024dc   0x080024dc   0x00000070   Code   RO          825    .text.HAL_InitTick  stm32f4xx_hal.o
    0x0800254c   0x0800254c   0x00000052   Code   RO          311    .text.HAL_MspInit   stm32f4xx_hal_msp.o
    0x0800259e   0x0800259e   0x00000002   PAD
    0x080025a0   0x080025a0   0x00000014   Code   RO          764    .text.HAL_NVIC_EnableIRQ  stm32f4xx_hal_cortex.o
    0x080025b4   0x080025b4   0x00000032   Code   RO          756    .text.HAL_NVIC_SetPriority  stm32f4xx_hal_cortex.o
    0x080025e6   0x080025e6   0x00000002   PAD
    0x080025e8   0x080025e8   0x00000010   Code   RO          752    .text.HAL_NVIC_SetPriorityGrouping  stm32f4xx_hal_cortex.o
    0x080025f8   0x080025f8   0x00000262   Code   RO          440    .text.HAL_RCC_ClockConfig  stm32f4xx_hal_rcc.o
    0x0800285a   0x0800285a   0x00000002   PAD
    0x0800285c   0x0800285c   0x0000000c   Code   RO          450    .text.HAL_RCC_GetHCLKFreq  stm32f4xx_hal_rcc.o
    0x08002868   0x08002868   0x00000022   Code   RO          452    .text.HAL_RCC_GetPCLK1Freq  stm32f4xx_hal_rcc.o
    0x0800288a   0x0800288a   0x00000002   PAD
    0x0800288c   0x0800288c   0x00000022   Code   RO          454    .text.HAL_RCC_GetPCLK2Freq  stm32f4xx_hal_rcc.o
    0x080028ae   0x080028ae   0x00000002   PAD
    0x080028b0   0x080028b0   0x00000170   Code   RO          487    .text.HAL_RCC_GetSysClockFreq  stm32f4xx_hal_rcc_ex.o
    0x08002a20   0x08002a20   0x00000726   Code   RO          491    .text.HAL_RCC_OscConfig  stm32f4xx_hal_rcc_ex.o
    0x08003146   0x08003146   0x00000002   PAD
    0x08003148   0x08003148   0x00000008   Code   RO          403    .text.HAL_SPI_ErrorCallback  stm32f4xx_hal_spi.o
    0x08003150   0x08003150   0x00000230   Code   RO          399    .text.HAL_SPI_IRQHandler  stm32f4xx_hal_spi.o
    0x08003380   0x08003380   0x00000100   Code   RO          319    .text.HAL_SPI_Init  stm32f4xx_hal_spi.o
    0x08003480   0x08003480   0x000000f6   Code   RO          230    .text.HAL_SPI_MspInit  spi.o
    0x08003576   0x08003576   0x00000002   PAD
    0x08003578   0x08003578   0x00000284   Code   RO          327    .text.HAL_SPI_Transmit  stm32f4xx_hal_spi.o
    0x080037fc   0x080037fc   0x00000170   Code   RO          359    .text.HAL_SPI_Transmit_DMA  stm32f4xx_hal_spi.o
    0x0800396c   0x0800396c   0x00000008   Code   RO          405    .text.HAL_SPI_TxCpltCallback  stm32f4xx_hal_spi.o
    0x08003974   0x08003974   0x00000008   Code   RO          411    .text.HAL_SPI_TxHalfCpltCallback  stm32f4xx_hal_spi.o
    0x0800397c   0x0800397c   0x00000058   Code   RO          181    .text.HAL_SYSTICK_Callback  main.o
    0x080039d4   0x080039d4   0x00000010   Code   RO          776    .text.HAL_SYSTICK_Config  stm32f4xx_hal_cortex.o
    0x080039e4   0x080039e4   0x00000008   Code   RO          812    .text.HAL_SYSTICK_IRQHandler  stm32f4xx_hal_cortex.o
    0x080039ec   0x080039ec   0x00000122   Code   RO         1225    .text.HAL_TIMEx_MasterConfigSynchronization  stm32f4xx_hal_tim_ex.o
    0x08003b0e   0x08003b0e   0x00000002   PAD
    0x08003b10   0x08003b10   0x0000009c   Code   RO          912    .text.HAL_TIM_Base_Init  stm32f4xx_hal_tim.o
    0x08003bac   0x08003bac   0x00000074   Code   RO          247    .text.HAL_TIM_Base_MspInit  tim.o
    0x08003c20   0x08003c20   0x00000184   Code   RO         1104    .text.HAL_TIM_ConfigClockSource  stm32f4xx_hal_tim.o
    0x08003da4   0x08003da4   0x0000000c   Code   RO         1338    .text.HAL_UARTEx_RxEventCallback  stm32f4xx_hal_uart.o
    0x08003db0   0x08003db0   0x00000008   Code   RO         1336    .text.HAL_UART_ErrorCallback  stm32f4xx_hal_uart.o
    0x08003db8   0x08003db8   0x0000041e   Code   RO         1330    .text.HAL_UART_IRQHandler  stm32f4xx_hal_uart.o
    0x080041d6   0x080041d6   0x00000002   PAD
    0x080041d8   0x080041d8   0x0000009a   Code   RO         1248    .text.HAL_UART_Init  stm32f4xx_hal_uart.o
    0x08004272   0x08004272   0x00000002   PAD
    0x08004274   0x08004274   0x000001ce   Code   RO          264    .text.HAL_UART_MspInit  usart.o
    0x08004442   0x08004442   0x00000002   PAD
    0x08004444   0x08004444   0x00000078   Code   RO         1272    .text.HAL_UART_Receive_IT  stm32f4xx_hal_uart.o
    0x080044bc   0x080044bc   0x00000008   Code   RO         1348    .text.HAL_UART_RxCpltCallback  stm32f4xx_hal_uart.o
    0x080044c4   0x080044c4   0x00000110   Code   RO         1276    .text.HAL_UART_Transmit_DMA  stm32f4xx_hal_uart.o
    0x080045d4   0x080045d4   0x00000008   Code   RO         1344    .text.HAL_UART_TxCpltCallback  stm32f4xx_hal_uart.o
    0x080045dc   0x080045dc   0x00000008   Code   RO         1346    .text.HAL_UART_TxHalfCpltCallback  stm32f4xx_hal_uart.o
    0x080045e4   0x080045e4   0x00000004   Code   RO          280    .text.HardFault_Handler  stm32f4xx_it.o
    0x080045e8   0x080045e8   0x00000072   Code   RO          220    .text.MX_DMA_Init   dma.o
    0x0800465a   0x0800465a   0x00000002   PAD
    0x0800465c   0x0800465c   0x00000196   Code   RO          212    .text.MX_GPIO_Init  gpio.o
    0x080047f2   0x080047f2   0x00000002   PAD
    0x080047f4   0x080047f4   0x0000004e   Code   RO          228    .text.MX_SPI1_Init  spi.o
    0x08004842   0x08004842   0x00000002   PAD
    0x08004844   0x08004844   0x00000060   Code   RO          245    .text.MX_TIM12_Init  tim.o
    0x080048a4   0x080048a4   0x00000084   Code   RO          243    .text.MX_TIM1_Init  tim.o
    0x08004928   0x08004928   0x00000040   Code   RO          260    .text.MX_UART5_Init  usart.o
    0x08004968   0x08004968   0x00000040   Code   RO          262    .text.MX_USART2_UART_Init  usart.o
    0x080049a8   0x080049a8   0x00000004   Code   RO          282    .text.MemManage_Handler  stm32f4xx_it.o
    0x080049ac   0x080049ac   0x00000004   Code   RO          278    .text.NMI_Handler   stm32f4xx_it.o
    0x080049b0   0x080049b0   0x0000006c   Code   RO          762    .text.NVIC_EncodePriority  stm32f4xx_hal_cortex.o
    0x08004a1c   0x08004a1c   0x00000002   Code   RO          292    .text.PendSV_Handler  stm32f4xx_it.o
    0x08004a1e   0x08004a1e   0x00000002   PAD
    0x08004a20   0x08004a20   0x00000010   Code   RO          296    .text.SPI1_IRQHandler  stm32f4xx_it.o
    0x08004a30   0x08004a30   0x00000020   Code   RO          401    .text.SPI_DMAAbortOnError  stm32f4xx_hal_spi.o
    0x08004a50   0x08004a50   0x00000034   Code   RO          365    .text.SPI_DMAError  stm32f4xx_hal_spi.o
    0x08004a84   0x08004a84   0x00000016   Code   RO          361    .text.SPI_DMAHalfTransmitCplt  stm32f4xx_hal_spi.o
    0x08004a9a   0x08004a9a   0x00000002   PAD
    0x08004a9c   0x08004a9c   0x000000a6   Code   RO          363    .text.SPI_DMATransmitCplt  stm32f4xx_hal_spi.o
    0x08004b42   0x08004b42   0x00000002   PAD
    0x08004b44   0x08004b44   0x000000a4   Code   RO          329    .text.SPI_EndRxTxTransaction  stm32f4xx_hal_spi.o
    0x08004be8   0x08004be8   0x0000012a   Code   RO          427    .text.SPI_WaitFlagStateUntilTimeout  stm32f4xx_hal_spi.o
    0x08004d12   0x08004d12   0x00000002   PAD
    0x08004d14   0x08004d14   0x00000002   Code   RO          288    .text.SVC_Handler   stm32f4xx_it.o
    0x08004d16   0x08004d16   0x00000002   PAD
    0x08004d18   0x08004d18   0x00000052   Code   RO          778    .text.SysTick_Config  stm32f4xx_hal_cortex.o
    0x08004d6a   0x08004d6a   0x00000002   PAD
    0x08004d6c   0x08004d6c   0x0000000c   Code   RO          294    .text.SysTick_Handler  stm32f4xx_it.o
    0x08004d78   0x08004d78   0x000000b8   Code   RO          189    .text.SystemClock_Config  main.o
    0x08004e30   0x08004e30   0x00000012   Code   RO         1377    .text.SystemInit    system_stm32f4xx.o
    0x08004e42   0x08004e42   0x00000002   PAD
    0x08004e44   0x08004e44   0x0000019a   Code   RO          916    .text.TIM_Base_SetConfig  stm32f4xx_hal_tim.o
    0x08004fde   0x08004fde   0x00000002   PAD
    0x08004fe0   0x08004fe0   0x00000034   Code   RO         1102    .text.TIM_ETR_SetConfig  stm32f4xx_hal_tim.o
    0x08005014   0x08005014   0x0000002a   Code   RO         1108    .text.TIM_ITRx_SetConfig  stm32f4xx_hal_tim.o
    0x0800503e   0x0800503e   0x00000002   PAD
    0x08005040   0x08005040   0x00000050   Code   RO         1106    .text.TIM_TI1_ConfigInputStage  stm32f4xx_hal_tim.o
    0x08005090   0x08005090   0x00000052   Code   RO         1110    .text.TIM_TI2_ConfigInputStage  stm32f4xx_hal_tim.o
    0x080050e2   0x080050e2   0x00000002   PAD
    0x080050e4   0x080050e4   0x00000010   Code   RO          300    .text.UART5_IRQHandler  stm32f4xx_it.o
    0x080050f4   0x080050f4   0x00000020   Code   RO         1334    .text.UART_DMAAbortOnError  stm32f4xx_hal_uart.o
    0x08005114   0x08005114   0x0000007c   Code   RO         1282    .text.UART_DMAError  stm32f4xx_hal_uart.o
    0x08005190   0x08005190   0x0000007a   Code   RO         1278    .text.UART_DMATransmitCplt  stm32f4xx_hal_uart.o
    0x0800520a   0x0800520a   0x00000002   PAD
    0x0800520c   0x0800520c   0x00000016   Code   RO         1280    .text.UART_DMATxHalfCplt  stm32f4xx_hal_uart.o
    0x08005222   0x08005222   0x00000002   PAD
    0x08005224   0x08005224   0x00000094   Code   RO         1296    .text.UART_EndRxTransfer  stm32f4xx_hal_uart.o
    0x080052b8   0x080052b8   0x00000026   Code   RO         1342    .text.UART_EndTransmit_IT  stm32f4xx_hal_uart.o
    0x080052de   0x080052de   0x00000002   PAD
    0x080052e0   0x080052e0   0x00000036   Code   RO         1294    .text.UART_EndTxTransfer  stm32f4xx_hal_uart.o
    0x08005316   0x08005316   0x00000002   PAD
    0x08005318   0x08005318   0x00000164   Code   RO         1332    .text.UART_Receive_IT  stm32f4xx_hal_uart.o
    0x0800547c   0x0800547c   0x0000013a   Code   RO         1252    .text.UART_SetConfig  stm32f4xx_hal_uart.o
    0x080055b6   0x080055b6   0x00000002   PAD
    0x080055b8   0x080055b8   0x0000006e   Code   RO         1274    .text.UART_Start_Receive_IT  stm32f4xx_hal_uart.o
    0x08005626   0x08005626   0x00000002   PAD
    0x08005628   0x08005628   0x00000094   Code   RO         1340    .text.UART_Transmit_IT  stm32f4xx_hal_uart.o
    0x080056bc   0x080056bc   0x00000004   Code   RO          286    .text.UsageFault_Handler  stm32f4xx_it.o
    0x080056c0   0x080056c0   0x00000030   Code   RO          766    .text.__NVIC_EnableIRQ  stm32f4xx_hal_cortex.o
    0x080056f0   0x080056f0   0x00000010   Code   RO          758    .text.__NVIC_GetPriorityGrouping  stm32f4xx_hal_cortex.o
    0x08005700   0x08005700   0x00000042   Code   RO          760    .text.__NVIC_SetPriority  stm32f4xx_hal_cortex.o
    0x08005742   0x08005742   0x00000002   PAD
    0x08005744   0x08005744   0x0000003c   Code   RO          754    .text.__NVIC_SetPriorityGrouping  stm32f4xx_hal_cortex.o
    0x08005780   0x08005780   0x0000007a   Code   RO          156    .text.add_notes     guitar.o
    0x080057fa   0x080057fa   0x00000002   PAD
    0x080057fc   0x080057fc   0x000000d0   Code   RO          146    .text.display_guitar  guitar.o
    0x080058cc   0x080058cc   0x0000013e   Code   RO          150    .text.display_score  guitar.o
    0x08005a0a   0x08005a0a   0x00000002   PAD
    0x08005a0c   0x08005a0c   0x00000040   Code   RO          158    .text.el_condor     guitar.o
    0x08005a4c   0x08005a4c   0x000000ea   Code   RO          154    .text.gameOver      guitar.o
    0x08005b36   0x08005b36   0x00000002   PAD
    0x08005b38   0x08005b38   0x00000036   Code   RO           71    .text.glyph_index   ili9341_font.o
    0x08005b6e   0x08005b6e   0x00000002   PAD
    0x08005b70   0x08005b70   0x00000158   Code   RO           94    .text.ili9341_clip_rect  ili9341_gfx.o
    0x08005cc8   0x08005cc8   0x000001ca   Code   RO          112    .text.ili9341_draw_char  ili9341_gfx.o
    0x08005e92   0x08005e92   0x00000002   PAD
    0x08005e94   0x08005e94   0x00000232   Code   RO          102    .text.ili9341_draw_circle  ili9341_gfx.o
    0x080060c6   0x080060c6   0x00000002   PAD
    0x080060c8   0x080060c8   0x00000088   Code   RO           92    .text.ili9341_draw_pixel  ili9341_gfx.o
    0x08006150   0x08006150   0x000000ce   Code   RO          114    .text.ili9341_draw_string  ili9341_gfx.o
    0x0800621e   0x0800621e   0x00000002   PAD
    0x08006220   0x08006220   0x00000132   Code   RO           98    .text.ili9341_fill_rect  ili9341_gfx.o
    0x08006352   0x08006352   0x00000002   PAD
    0x08006354   0x08006354   0x0000002a   Code   RO          108    .text.ili9341_fill_screen  ili9341_gfx.o
    0x0800637e   0x0800637e   0x00000002   PAD
    0x08006380   0x08006380   0x0000036c   Code   RO           15    .text.ili9341_initialize  ili9341.o
    0x080066ec   0x080066ec   0x000002e6   Code   RO           11    .text.ili9341_new   ili9341.o
    0x080069d2   0x080069d2   0x00000002   PAD
    0x080069d4   0x080069d4   0x00000034   Code   RO           57    .text.ili9341_reset  ili9341.o
    0x08006a08   0x08006a08   0x00000046   Code   RO           59    .text.ili9341_screen_rotation  ili9341.o
    0x08006a4e   0x08006a4e   0x00000002   PAD
    0x08006a50   0x08006a50   0x00000064   Code   RO           13    .text.ili9341_screen_size  ili9341.o
    0x08006ab4   0x08006ab4   0x00000034   Code   RO           43    .text.ili9341_spi_slave_release  ili9341.o
    0x08006ae8   0x08006ae8   0x00000034   Code   RO           41    .text.ili9341_spi_slave_select  ili9341.o
    0x08006b1c   0x08006b1c   0x00000016   Code   RO           39    .text.ili9341_spi_tft_release  ili9341.o
    0x08006b32   0x08006b32   0x00000002   PAD
    0x08006b34   0x08006b34   0x00000016   Code   RO           37    .text.ili9341_spi_tft_select  ili9341.o
    0x08006b4a   0x08006b4a   0x00000002   PAD
    0x08006b4c   0x08006b4c   0x000000a2   Code   RO           86    .text.ili9341_spi_tft_set_address_rect  ili9341_gfx.o
    0x08006bee   0x08006bee   0x00000002   PAD
    0x08006bf0   0x08006bf0   0x00000016   Code   RO           29    .text.ili9341_spi_touch_release  ili9341.o
    0x08006c06   0x08006c06   0x00000002   PAD
    0x08006c08   0x08006c08   0x00000016   Code   RO           27    .text.ili9341_spi_touch_select  ili9341.o
    0x08006c1e   0x08006c1e   0x00000002   PAD
    0x08006c20   0x08006c20   0x00000070   Code   RO           45    .text.ili9341_spi_write_command  ili9341.o
    0x08006c90   0x08006c90   0x00000078   Code   RO           51    .text.ili9341_spi_write_command_data  ili9341.o
    0x08006d08   0x08006d08   0x00000072   Code   RO           47    .text.ili9341_spi_write_data  ili9341.o
    0x08006d7a   0x08006d7a   0x00000002   PAD
    0x08006d7c   0x08006d7c   0x00000048   Code   RO           90    .text.ili9341_transmit_color  ili9341_gfx.o
    0x08006dc4   0x08006dc4   0x00000026   Code   RO           88    .text.ili9341_transmit_wait  ili9341_gfx.o
    0x08006dea   0x08006dea   0x00000002   PAD
    0x08006dec   0x08006dec   0x000000b8   Code   RO          144    .text.initGame      guitar.o
    0x08006ea4   0x08006ea4   0x00000180   Code   RO          187    .text.main          main.o
    0x08007024   0x08007024   0x000000c2   Code   RO          152    .text.next_state    guitar.o
    0x080070e6   0x080070e6   0x0000003e   Code   RO         1756    CL$$btod_d2e        c_w.l(btod.o)
    0x08007124   0x08007124   0x00000046   Code   RO         1758    CL$$btod_d2e_denorm_low  c_w.l(btod.o)
    0x0800716a   0x0800716a   0x00000060   Code   RO         1757    CL$$btod_d2e_norm_op1  c_w.l(btod.o)
    0x080071ca   0x080071ca   0x00000002   PAD
    0x080071cc   0x080071cc   0x00000338   Code   RO         1766    CL$$btod_div_common  c_w.l(btod.o)
    0x08007504   0x08007504   0x000000dc   Code   RO         1763    CL$$btod_e2e        c_w.l(btod.o)
    0x080075e0   0x080075e0   0x0000002a   Code   RO         1760    CL$$btod_ediv       c_w.l(btod.o)
    0x0800760a   0x0800760a   0x0000002a   Code   RO         1759    CL$$btod_emul       c_w.l(btod.o)
    0x08007634   0x08007634   0x00000244   Code   RO         1765    CL$$btod_mult_common  c_w.l(btod.o)
    0x08007878   0x08007878   0x00000030   Code   RO         1805    i.__ARM_fpclassify  m_wm.l(fpclassify.o)
    0x080078a8   0x080078a8   0x0000000e   Code   RO         1573    i._is_digit         c_w.l(__printf_wp.o)
    0x080078b6   0x080078b6   0x00000002   PAD
    0x080078b8   0x080078b8   0x0000002c   Code   RO         1781    locale$$code        c_w.l(lc_numeric_c.o)
    0x080078e4   0x080078e4   0x0000002c   Code   RO         1820    locale$$code        c_w.l(lc_ctype_c.o)
    0x08007910   0x08007910   0x0000001a   Code   RO         1733    x$fpl$fpinit        fz_wm.l(fpinit.o)
    0x0800792a   0x0800792a   0x00000004   Code   RO         1663    x$fpl$printf1       fz_wm.l(printf1.o)
    0x0800792e   0x0800792e   0x00000004   Code   RO         1665    x$fpl$printf2       fz_wm.l(printf2.o)
    0x08007932   0x08007932   0x00000000   Code   RO         1671    x$fpl$usenofp       fz_wm.l(usenofp.o)
    0x08007932   0x08007932   0x00000002   PAD
    0x08007934   0x08007934   0x00000008   Data   RO         1532    .constdata          c_w.l(_printf_wctomb.o)
    0x0800793c   0x0800793c   0x00000028   Data   RO         1561    .constdata          c_w.l(_printf_hex_int_ll_ptr.o)
    0x08007964   0x08007964   0x00000011   Data   RO         1581    .constdata          c_w.l(__printf_flags_ss_wp.o)
    0x08007975   0x08007975   0x00000026   Data   RO         1713    .constdata          c_w.l(_printf_fp_hex.o)
    0x0800799b   0x0800799b   0x00000001   PAD
    0x0800799c   0x0800799c   0x00000094   Data   RO         1754    .constdata          c_w.l(bigflt0.o)
    0x08007a30   0x08007a30   0x00000010   Data   RO         1382    .rodata.AHBPrescTable  system_stm32f4xx.o
    0x08007a40   0x08007a40   0x00000008   Data   RO         1383    .rodata.APBPrescTable  system_stm32f4xx.o
    0x08007a48   0x08007a48   0x00000008   Data   RO          678    .rodata.DMA_CalcBaseAndBitshift.flagBitshiftOffset  stm32f4xx_hal_dma.o
    0x08007a50   0x08007a50   0x00000002   Data   RO          125    .rodata.ILI9341_BLUE  ili9341_gfx.o
    0x08007a52   0x08007a52   0x00000002   Data   RO          126    .rodata.ILI9341_GREEN  ili9341_gfx.o
    0x08007a54   0x08007a54   0x00000002   Data   RO          128    .rodata.ILI9341_RED  ili9341_gfx.o
    0x08007a56   0x08007a56   0x00000002   Data   RO          131    .rodata.ILI9341_WHITE  ili9341_gfx.o
    0x08007a58   0x08007a58   0x00000d5e   Data   RO           74    .rodata.ili9341_font_11x18  ili9341_font.o
    0x080087b6   0x080087b6   0x0000134e   Data   RO           75    .rodata.ili9341_font_16x26  ili9341_font.o
    0x08009b04   0x08009b04   0x00000015   Data   RO          169    .rodata.str1.1      guitar.o
    0x08009b19   0x08009b19   0x00000003   PAD
    0x08009b1c   0x08009b1c   0x00000020   Data   RO         1879    Region$$Table       anon$$obj.o
    0x08009b3c   0x08009b3c   0x0000001c   Data   RO         1780    locale$$data        c_w.l(lc_numeric_c.o)
    0x08009b58   0x08009b58   0x00000110   Data   RO         1819    locale$$data        c_w.l(lc_ctype_c.o)


    Execution Region RW_IRAM1 (Exec base: 0x20000000, Load base: 0x08009c68, Size: 0x00001cc8, Max: 0x00020000, ABSOLUTE, COMPRESSED[0x00000058])

    Exec Addr    Load Addr    Size         Type   Attr      Idx    E Section Name        Object

    0x20000000   COMPRESSED   0x00000004   Data   RW         1381    .data.SystemCoreClock  system_stm32f4xx.o
    0x20000004   COMPRESSED   0x00000190   Data   RW          171    .data.el_condor_length  guitar.o
    0x20000194   COMPRESSED   0x00000190   Data   RW          173    .data.el_condor_length_bass  guitar.o
    0x20000324   COMPRESSED   0x00000064   Data   RW          170    .data.el_condor_notes  guitar.o
    0x20000388   COMPRESSED   0x00000064   Data   RW          172    .data.el_condor_notes_bass  guitar.o
    0x200003ec   COMPRESSED   0x00000004   Data   RW          197    .data.fps           main.o
    0x200003f0   COMPRESSED   0x00000004   Data   RW          195    .data.frameUp       main.o
    0x200003f4   COMPRESSED   0x00000004   Data   RW          160    .data.position_us   guitar.o
    0x200003f8   COMPRESSED   0x00000001   Data   RW          200    .data.rxdata        main.o
    0x200003f9   COMPRESSED   0x00000001   Data   RW          199    .data.txdata        main.o
    0x200003fa   COMPRESSED   0x00000001   Data   RW          878    .data.uwTickFreq    stm32f4xx_hal.o
    0x200003fb   COMPRESSED   0x00000001   PAD
    0x200003fc   COMPRESSED   0x00000004   Data   RW          877    .data.uwTickPrio    stm32f4xx_hal.o
    0x20000400        -       0x00000060   Zero   RW         1677    .bss                c_w.l(libspace.o)
    0x20000460        -       0x00000040   Zero   RW          161    .bss.POSX           guitar.o
    0x200004a0        -       0x00000004   Zero   RW          166    .bss._screen        guitar.o
    0x200004a4        -       0x00000004   Zero   RW          165    .bss.current_time   guitar.o
    0x200004a8        -       0x00000004   Zero   RW          201    .bss.full_timer     main.o
    0x200004ac        -       0x0000000c   Zero   RW          167    .bss.guitar         guitar.o
    0x200004b8        -       0x00000060   Zero   RW          235    .bss.hdma_spi1_tx   spi.o
    0x20000518        -       0x00000060   Zero   RW          270    .bss.hdma_uart5_tx  usart.o
    0x20000578        -       0x00000058   Zero   RW          234    .bss.hspi1          spi.o
    0x200005d0        -       0x00000048   Zero   RW          251    .bss.htim1          tim.o
    0x20000618        -       0x00000048   Zero   RW          252    .bss.htim12         tim.o
    0x20000660        -       0x00000044   Zero   RW          269    .bss.huart2         usart.o
    0x200006a4        -       0x00000044   Zero   RW          268    .bss.huart5         usart.o
    0x200006e8        -       0x00000004   Zero   RW          202    .bss.life           main.o
    0x200006ec        -       0x00000004   Zero   RW          168    .bss.nextNoteUp     guitar.o
    0x200006f0        -       0x00000800   Zero   RW          135    .bss.spi_tx_block   ili9341_gfx.o
    0x20000ef0        -       0x00000004   Zero   RW          196    .bss.timerFPS       main.o
    0x20000ef4        -       0x00000004   Zero   RW          879    .bss.uwTick         stm32f4xx_hal.o
    0x20000ef8        -       0x000003e8   Zero   RW          163    .bss.voice1         guitar.o
    0x200012e0        -       0x000003e8   Zero   RW          164    .bss.voice2         guitar.o
    0x200016c8        -       0x00000200   Zero   RW            2    HEAP                startup_stm32f446xx.o
    0x200018c8        -       0x00000400   Zero   RW            1    STACK               startup_stm32f446xx.o


==============================================================================

Image component sizes


      Code (inc. data)   RO Data    RW Data    ZI Data      Debug   Object Name

       114          0          0          0          0       3557   dma.o
       406          0          0          0          0       2358   gpio.o
      1324          0         21       1004       2088       8367   guitar.o
      2378          8          0          0          0      13210   ili9341.o
        54          0       8364          0          0       1007   ili9341_font.o
      2326          0          8          0       2048      14236   ili9341_gfx.o
       670          4          0         10         12       6817   main.o
       324          0          0          0        184       7037   spi.o
        64         26        452          0       1536        892   startup_stm32f446xx.o
       276          0          0          5          4       7344   stm32f4xx_hal.o
       490          0          0          0          0       9564   stm32f4xx_hal_cortex.o
      2082          8          8          0          0       8509   stm32f4xx_hal_dma.o
       968          0          0          0          0       5225   stm32f4xx_hal_gpio.o
        82          0          0          0          0       1624   stm32f4xx_hal_msp.o
       690          0          0          0          0       7732   stm32f4xx_hal_rcc.o
      2198         14          0          0          0      11052   stm32f4xx_hal_rcc_ex.o
      2586          0          0          0          0      19705   stm32f4xx_hal_spi.o
      1210          0          0          0          0      35793   stm32f4xx_hal_tim.o
       290          0          0          0          0      15297   stm32f4xx_hal_tim_ex.o
      3112          0          0          0          0      20151   stm32f4xx_hal_uart.o
       102          0          0          0          0       1439   stm32f4xx_it.o
        18          0         24          4          0       2654   system_stm32f4xx.o
       344          0          0          0        144       5511   tim.o
       590          0          0          0        232       7345   usart.o

    ----------------------------------------------------------------------
     22818         60       8912       1024       6248     216426   Object Totals
         0          0         32          0          0          0   (incl. Generated)
       120          0          3          1          0          0   (incl. Padding)

    ----------------------------------------------------------------------

      Code (inc. data)   RO Data    RW Data    ZI Data      Debug   Library Member Name

        90          0          0          0          0          0   __dczerorl2.o
         8          0          0          0          0         68   __main.o
       392          4         17          0          0         92   __printf_flags_ss_wp.o
        14          0          0          0          0         68   __printf_wp.o
         0          0          0          0          0          0   __rtentry.o
        12          0          0          0          0          0   __rtentry2.o
         6          0          0          0          0          0   __rtentry4.o
        52          8          0          0          0          0   __scatter.o
        28          0          0          0          0          0   __scatter_zi.o
        72          0          0          0          0         96   _c16rtomb.o
         6          0          0          0          0          0   _printf_a.o
         6          0          0          0          0          0   _printf_c.o
        44          0          0          0          0        108   _printf_char.o
        48          6          0          0          0         96   _printf_char_common.o
        40          0          0          0          0         68   _printf_charcount.o
         6          0          0          0          0          0   _printf_d.o
       120         16          0          0          0         92   _printf_dec.o
         6          0          0          0          0          0   _printf_e.o
         6          0          0          0          0          0   _printf_f.o
      1052          0          0          0          0        148   _printf_fp_dec.o
       764          8         38          0          0        100   _printf_fp_hex.o
       128         16          0          0          0         84   _printf_fp_infnan.o
         6          0          0          0          0          0   _printf_g.o
       148          4         40          0          0        160   _printf_hex_int_ll_ptr.o
         6          0          0          0          0          0   _printf_i.o
       178          0          0          0          0         88   _printf_intcommon.o
        10          0          0          0          0          0   _printf_l.o
         6          0          0          0          0          0   _printf_lc.o
        10          0          0          0          0          0   _printf_ll.o
         6          0          0          0          0          0   _printf_lld.o
         6          0          0          0          0          0   _printf_lli.o
         6          0          0          0          0          0   _printf_llo.o
         6          0          0          0          0          0   _printf_llu.o
         6          0          0          0          0          0   _printf_llx.o
       124         16          0          0          0         92   _printf_longlong_dec.o
         6          0          0          0          0          0   _printf_ls.o
         6          0          0          0          0          0   _printf_n.o
         6          0          0          0          0          0   _printf_o.o
       112          8          0          0          0        124   _printf_oct_int_ll.o
         6          0          0          0          0          0   _printf_p.o
        78          0          0          0          0        108   _printf_pad.o
         0          0          0          0          0          0   _printf_percent.o
         4          0          0          0          0          0   _printf_percent_end.o
         6          0          0          0          0          0   _printf_s.o
        82          0          0          0          0         80   _printf_str.o
        36          0          0          0          0         84   _printf_truncate.o
         6          0          0          0          0          0   _printf_u.o
        44          0          0          0          0        108   _printf_wchar.o
       188          6          8          0          0         92   _printf_wctomb.o
         6          0          0          0          0          0   _printf_x.o
        10          0          0          0          0         68   _sputc.o
       228          4        148          0          0         96   bigflt0.o
      1936        128          0          0          0        668   btod.o
        10          0          0          0          0         68   defsig_exit.o
        50          0          0          0          0         88   defsig_general.o
        80         58          0          0          0         76   defsig_rtmem_inner.o
        14          0          0          0          0         80   defsig_rtmem_outer.o
        18          0          0          0          0         80   exit.o
        94          0          0          0          0         80   h1_alloc.o
        52          0          0          0          0         68   h1_extend.o
        78          0          0          0          0         80   h1_free.o
        14          0          0          0          0         84   h1_init.o
         6          0          0          0          0        152   heapauxi.o
         4          0          0          0          0        136   hguard.o
         0          0          0          0          0          0   indicate_semi.o
       138          0          0          0          0        168   init_alloc.o
        44         10        272          0          0         76   lc_ctype_c.o
        44         10         28          0          0         76   lc_numeric_c.o
         2          0          0          0          0          0   libinit.o
        42          0          0          0          0          0   libinit2.o
         2          0          0          0          0          0   libshutdown.o
         2          0          0          0          0          0   libshutdown2.o
         8          4          0          0         96         68   libspace.o
       138          0          0          0          0         80   lludiv10.o
       240          0          0          0          0        100   lludivv7m.o
         0          0          0          0          0          0   maybetermalloc1.o
        16          4          0          0          0         76   rt_ctype_table.o
         8          4          0          0          0         68   rt_heap_descriptor_intlibspace.o
         8          4          0          0          0         68   rt_locale_intlibspace.o
        78          0          0          0          0         80   rt_memclr_w.o
         2          0          0          0          0          0   rtexit.o
        10          0          0          0          0          0   rtexit2.o
        44          6          0          0          0         84   sprintf.o
       124          0          0          0          0         88   strcmpv7em.o
        12          4          0          0          0         68   sys_exit.o
        74          0          0          0          0         80   sys_stackheap_outer.o
        14          0          0          0          0         76   sys_wrch.o
         2          0          0          0          0         68   use_no_semi.o
        26          0          0          0          0        116   fpinit.o
         4          0          0          0          0        116   printf1.o
         4          0          0          0          0        116   printf2.o
         0          0          0          0          0          0   usenofp.o
        48          0          0          0          0        124   fpclassify.o

    ----------------------------------------------------------------------
      7758        328        552          0         96       5576   Library Totals
        26          0          1          0          0          0   (incl. Padding)

    ----------------------------------------------------------------------

      Code (inc. data)   RO Data    RW Data    ZI Data      Debug   Library Name

      7650        328        551          0         96       5104   c_w.l
        34          0          0          0          0        348   fz_wm.l
        48          0          0          0          0        124   m_wm.l

    ----------------------------------------------------------------------
      7758        328        552          0         96       5576   Library Totals

    ----------------------------------------------------------------------

==============================================================================


      Code (inc. data)   RO Data    RW Data    ZI Data      Debug   

     30576        388       9464       1024       6344     218554   Grand Totals
     30576        388       9464         88       6344     218554   ELF Image Totals (compressed)
     30576        388       9464         88          0          0   ROM Totals

==============================================================================

    Total RO  Size (Code + RO Data)                40040 (  39.10kB)
    Total RW  Size (RW Data + ZI Data)              7368 (   7.20kB)
    Total ROM Size (Code + RO Data + RW Data)      40128 (  39.19kB)

==============================================================================

