Component: Arm Compiler for Embedded 6.19 Tool: armlink [5e73cb00]

==============================================================================

Section Cross References

    startup_stm32f446xx.o(STACK) refers (Special) to heapauxi.o(.text) for __use_two_region_memory
    startup_stm32f446xx.o(HEAP) refers (Special) to heapauxi.o(.text) for __use_two_region_memory
    startup_stm32f446xx.o(RESET) refers (Special) to heapauxi.o(.text) for __use_two_region_memory
    startup_stm32f446xx.o(RESET) refers to startup_stm32f446xx.o(STACK) for __initial_sp
    startup_stm32f446xx.o(RESET) refers to startup_stm32f446xx.o(.text) for Reset_Handler
    startup_stm32f446xx.o(RESET) refers to stm32f4xx_it.o(.text.NMI_Handler) for NMI_Handler
    startup_stm32f446xx.o(RESET) refers to stm32f4xx_it.o(.text.HardFault_Handler) for HardFault_Handler
    startup_stm32f446xx.o(RESET) refers to stm32f4xx_it.o(.text.MemManage_Handler) for MemManage_Handler
    startup_stm32f446xx.o(RESET) refers to stm32f4xx_it.o(.text.BusFault_Handler) for BusFault_Handler
    startup_stm32f446xx.o(RESET) refers to stm32f4xx_it.o(.text.UsageFault_Handler) for UsageFault_Handler
    startup_stm32f446xx.o(RESET) refers to stm32f4xx_it.o(.text.SVC_Handler) for SVC_Handler
    startup_stm32f446xx.o(RESET) refers to stm32f4xx_it.o(.text.DebugMon_Handler) for DebugMon_Handler
    startup_stm32f446xx.o(RESET) refers to stm32f4xx_it.o(.text.PendSV_Handler) for PendSV_Handler
    startup_stm32f446xx.o(RESET) refers to stm32f4xx_it.o(.text.SysTick_Handler) for SysTick_Handler
    startup_stm32f446xx.o(RESET) refers to stm32f4xx_it.o(.text.EXTI2_IRQHandler) for EXTI2_IRQHandler
    startup_stm32f446xx.o(RESET) refers to stm32f4xx_it.o(.text.DMA1_Stream5_IRQHandler) for DMA1_Stream5_IRQHandler
    startup_stm32f446xx.o(RESET) refers to stm32f4xx_it.o(.text.TIM2_IRQHandler) for TIM2_IRQHandler
    startup_stm32f446xx.o(RESET) refers to stm32f4xx_it.o(.text.SPI1_IRQHandler) for SPI1_IRQHandler
    startup_stm32f446xx.o(RESET) refers to stm32f4xx_it.o(.text.DMA1_Stream7_IRQHandler) for DMA1_Stream7_IRQHandler
    startup_stm32f446xx.o(RESET) refers to stm32f4xx_it.o(.text.UART5_IRQHandler) for UART5_IRQHandler
    startup_stm32f446xx.o(RESET) refers to stm32f4xx_it.o(.text.DMA2_Stream3_IRQHandler) for DMA2_Stream3_IRQHandler
    startup_stm32f446xx.o(.text) refers (Special) to heapauxi.o(.text) for __use_two_region_memory
    startup_stm32f446xx.o(.text) refers to system_stm32f4xx.o(.text.SystemInit) for SystemInit
    startup_stm32f446xx.o(.text) refers to __main.o(!!!main) for __main
    startup_stm32f446xx.o(.text) refers to startup_stm32f446xx.o(HEAP) for Heap_Mem
    startup_stm32f446xx.o(.text) refers to startup_stm32f446xx.o(STACK) for Stack_Mem
    ili9341.o(.text.ili9341_new) refers to h1_alloc.o(.text) for malloc
    ili9341.o(.text.ili9341_new) refers to ili9341.o(.text.ili9341_screen_size) for ili9341_screen_size
    ili9341.o(.text.ili9341_new) refers to ili9341.o(.text.ili9341_initialize) for ili9341_initialize
    ili9341.o(.ARM.exidx.text.ili9341_new) refers to ili9341.o(.text.ili9341_new) for [Anonymous Symbol]
    ili9341.o(.ARM.exidx.text.ili9341_screen_size) refers to ili9341.o(.text.ili9341_screen_size) for [Anonymous Symbol]
    ili9341.o(.text.ili9341_initialize) refers to ili9341.o(.text.ili9341_reset) for ili9341_reset
    ili9341.o(.text.ili9341_initialize) refers to ili9341.o(.text.ili9341_spi_tft_select) for ili9341_spi_tft_select
    ili9341.o(.text.ili9341_initialize) refers to ili9341.o(.text.ili9341_spi_write_command) for ili9341_spi_write_command
    ili9341.o(.text.ili9341_initialize) refers to stm32f4xx_hal.o(.text.HAL_Delay) for HAL_Delay
    ili9341.o(.text.ili9341_initialize) refers to ili9341.o(.text.ili9341_spi_write_command_data) for ili9341_spi_write_command_data
    ili9341.o(.text.ili9341_initialize) refers to ili9341.o(.text.ili9341_screen_rotation) for ili9341_screen_rotation
    ili9341.o(.text.ili9341_initialize) refers to ili9341.o(.text.ili9341_spi_tft_release) for ili9341_spi_tft_release
    ili9341.o(.ARM.exidx.text.ili9341_initialize) refers to ili9341.o(.text.ili9341_initialize) for [Anonymous Symbol]
    ili9341.o(.text.ili9341_touch_interrupt) refers to ili9341.o(.text.ili9341_touch_coordinate) for ili9341_touch_coordinate
    ili9341.o(.ARM.exidx.text.ili9341_touch_interrupt) refers to ili9341.o(.text.ili9341_touch_interrupt) for [Anonymous Symbol]
    ili9341.o(.text.ili9341_touch_coordinate) refers to ili9341.o(.text.ili9341_spi_touch_select) for ili9341_spi_touch_select
    ili9341.o(.text.ili9341_touch_coordinate) refers to ili9341.o(.text.ili9341_touch_pressed) for ili9341_touch_pressed
    ili9341.o(.text.ili9341_touch_coordinate) refers to ili9341.o(.data.ili9341_touch_coordinate.x_cmd) for ili9341_touch_coordinate.x_cmd
    ili9341.o(.text.ili9341_touch_coordinate) refers to stm32f4xx_hal_spi.o(.text.HAL_SPI_Transmit) for HAL_SPI_Transmit
[...]
    HAL_RCC_GetSysClockFreq                  0x08002eed   Thumb Code   368  stm32f4xx_hal_rcc_ex.o(.text.HAL_RCC_GetSysClockFreq)
    HAL_RCC_OscConfig                        0x0800305d   Thumb Code  1830  stm32f4xx_hal_rcc_ex.o(.text.HAL_RCC_OscConfig)
    HAL_SPI_ErrorCallback                    0x08003785   Thumb Code     8  stm32f4xx_hal_spi.o(.text.HAL_SPI_ErrorCallback)
    HAL_SPI_IRQHandler                       0x0800378d   Thumb Code   560  stm32f4xx_hal_spi.o(.text.HAL_SPI_IRQHandler)
    HAL_SPI_Init                             0x080039bd   Thumb Code   256  stm32f4xx_hal_spi.o(.text.HAL_SPI_Init)
    HAL_SPI_MspInit                          0x08003abd   Thumb Code   246  spi.o(.text.HAL_SPI_MspInit)
    HAL_SPI_Transmit                         0x08003bb5   Thumb Code   644  stm32f4xx_hal_spi.o(.text.HAL_SPI_Transmit)
    HAL_SPI_Transmit_DMA                     0x08003e39   Thumb Code   368  stm32f4xx_hal_spi.o(.text.HAL_SPI_Transmit_DMA)
    HAL_SPI_TxCpltCallback                   0x08003fa9   Thumb Code     8  stm32f4xx_hal_spi.o(.text.HAL_SPI_TxCpltCallback)
    HAL_SPI_TxHalfCpltCallback               0x08003fb1   Thumb Code     8  stm32f4xx_hal_spi.o(.text.HAL_SPI_TxHalfCpltCallback)
    HAL_SYSTICK_Callback                     0x08003fb9   Thumb Code    88  main.o(.text.HAL_SYSTICK_Callback)
    HAL_SYSTICK_Config                       0x08004011   Thumb Code    16  stm32f4xx_hal_cortex.o(.text.HAL_SYSTICK_Config)
    HAL_SYSTICK_IRQHandler                   0x08004021   Thumb Code     8  stm32f4xx_hal_cortex.o(.text.HAL_SYSTICK_IRQHandler)
    HAL_TIMEx_BreakCallback                  0x08004029   Thumb Code     8  stm32f4xx_hal_tim_ex.o(.text.HAL_TIMEx_BreakCallback)
    HAL_TIMEx_CommutCallback                 0x08004031   Thumb Code     8  stm32f4xx_hal_tim_ex.o(.text.HAL_TIMEx_CommutCallback)
    HAL_TIMEx_MasterConfigSynchronization    0x08004039   Thumb Code   290  stm32f4xx_hal_tim_ex.o(.text.HAL_TIMEx_MasterConfigSynchronization)
    HAL_TIM_Base_Init                        0x0800415d   Thumb Code   156  stm32f4xx_hal_tim.o(.text.HAL_TIM_Base_Init)
    HAL_TIM_Base_MspInit                     0x080041f9   Thumb Code   378  tim.o(.text.HAL_TIM_Base_MspInit)
    HAL_TIM_Base_Start                       0x08004375   Thumb Code   234  stm32f4xx_hal_tim.o(.text.HAL_TIM_Base_Start)
    HAL_TIM_Base_Start_IT                    0x08004461   Thumb Code   246  stm32f4xx_hal_tim.o(.text.HAL_TIM_Base_Start_IT)
    HAL_TIM_ConfigClockSource                0x08004559   Thumb Code   388  stm32f4xx_hal_tim.o(.text.HAL_TIM_ConfigClockSource)
    HAL_TIM_IC_CaptureCallback               0x080046e1   Thumb Code   264  main.o(.text.HAL_TIM_IC_CaptureCallback)
    HAL_TIM_IC_ConfigChannel                 0x080047e9   Thumb Code   304  stm32f4xx_hal_tim.o(.text.HAL_TIM_IC_ConfigChannel)
    HAL_TIM_IC_Init                          0x08004919   Thumb Code   156  stm32f4xx_hal_tim.o(.text.HAL_TIM_IC_Init)
    HAL_TIM_IC_MspInit                       0x080049b5   Thumb Code     8  stm32f4xx_hal_tim.o(.text.HAL_TIM_IC_MspInit)
    HAL_TIM_IC_Start_IT                      0x080049bd   Thumb Code   678  stm32f4xx_hal_tim.o(.text.HAL_TIM_IC_Start_IT)
    HAL_TIM_IRQHandler                       0x08004c65   Thumb Code   634  stm32f4xx_hal_tim.o(.text.HAL_TIM_IRQHandler)
    HAL_TIM_MspPostInit                      0x08004ee1   Thumb Code   188  tim.o(.text.HAL_TIM_MspPostInit)
    HAL_TIM_OC_DelayElapsedCallback          0x08004f9d   Thumb Code     8  stm32f4xx_hal_tim.o(.text.HAL_TIM_OC_DelayElapsedCallback)
    HAL_TIM_PWM_ConfigChannel                0x08004fa5   Thumb Code   322  stm32f4xx_hal_tim.o(.text.HAL_TIM_PWM_ConfigChannel)
    HAL_TIM_PWM_Init                         0x080050e9   Thumb Code   156  stm32f4xx_hal_tim.o(.text.HAL_TIM_PWM_Init)
    HAL_TIM_PWM_MspInit                      0x08005185   Thumb Code     8  stm32f4xx_hal_tim.o(.text.HAL_TIM_PWM_MspInit)
    HAL_TIM_PWM_PulseFinishedCallback        0x0800518d   Thumb Code     8  stm32f4xx_hal_tim.o(.text.HAL_TIM_PWM_PulseFinishedCallback)
    HAL_TIM_PWM_Start                        0x08005195   Thumb Code   458  stm32f4xx_hal_tim.o(.text.HAL_TIM_PWM_Start)
    HAL_TIM_PWM_Stop                         0x08005361   Thumb Code   262  stm32f4xx_hal_tim.o(.text.HAL_TIM_PWM_Stop)
    HAL_TIM_PeriodElapsedCallback            0x08005469   Thumb Code     8  stm32f4xx_hal_tim.o(.text.HAL_TIM_PeriodElapsedCallback)
    HAL_TIM_TriggerCallback                  0x08005471   Thumb Code     8  stm32f4xx_hal_tim.o(.text.HAL_TIM_TriggerCallback)
    HAL_UARTEx_RxEventCallback               0x08005479   Thumb Code    12  stm32f4xx_hal_uart.o(.text.HAL_UARTEx_RxEventCallback)
    HAL_UART_ErrorCallback                   0x08005485   Thumb Code     8  stm32f4xx_hal_uart.o(.text.HAL_UART_ErrorCallback)
    HAL_UART_IRQHandler                      0x0800548d   Thumb Code  1054  stm32f4xx_hal_uart.o(.text.HAL_UART_IRQHandler)
    HAL_UART_Init                            0x080058ad   Thumb Code   154  stm32f4xx_hal_uart.o(.text.HAL_UART_Init)
    HAL_UART_MspInit                         0x08005949   Thumb Code   458  usart.o(.text.HAL_UART_MspInit)
    HAL_UART_Receive_IT                      0x08005b15   Thumb Code   120  stm32f4xx_hal_uart.o(.text.HAL_UART_Receive_IT)
    HAL_UART_RxCpltCallback                  0x08005b8d   Thumb Code    66  main.o(.text.HAL_UART_RxCpltCallback)
    HAL_UART_Transmit_DMA                    0x08005bd1   Thumb Code   272  stm32f4xx_hal_uart.o(.text.HAL_UART_Transmit_DMA)
    HAL_UART_TxCpltCallback                  0x08005ce1   Thumb Code     8  stm32f4xx_hal_uart.o(.text.HAL_UART_TxCpltCallback)
    HAL_UART_TxHalfCpltCallback              0x08005ce9   Thumb Code     8  stm32f4xx_hal_uart.o(.text.HAL_UART_TxHalfCpltCallback)
    HardFault_Handler                        0x08005cf1   Thumb Code     4  stm32f4xx_it.o(.text.HardFault_Handler)
    MX_DAC_Init                              0x08005cf5   Thumb Code    78  dac.o(.text.MX_DAC_Init)
    MX_DMA_Init                              0x08005d45   Thumb Code   132  dma.o(.text.MX_DMA_Init)
    MX_GPIO_Init                             0x08005dc9   Thumb Code   490  gpio.o(.text.MX_GPIO_Init)
    MX_SPI1_Init                             0x08005fb5   Thumb Code    78  spi.o(.text.MX_SPI1_Init)
    MX_TIM12_Init                            0x08006005   Thumb Code    96  tim.o(.text.MX_TIM12_Init)
    MX_TIM1_Init                             0x08006065   Thumb Code   132  tim.o(.text.MX_TIM1_Init)
    MX_TIM2_Init                             0x080060e9   Thumb Code   290  tim.o(.text.MX_TIM2_Init)
    MX_TIM4_Init                             0x0800620d   Thumb Code   218  tim.o(.text.MX_TIM4_Init)
    MX_TIM5_Init                             0x080062e9   Thumb Code   132  tim.o(.text.MX_TIM5_Init)
    MX_UART5_Init                            0x0800636d   Thumb Code    64  usart.o(.text.MX_UART5_Init)
    MX_USART2_UART_Init                      0x080063ad   Thumb Code    64  usart.o(.text.MX_USART2_UART_Init)
    MemManage_Handler                        0x080063ed   Thumb Code     4  stm32f4xx_it.o(.text.MemManage_Handler)
    NMI_Handler                              0x080063f1   Thumb Code     4  stm32f4xx_it.o(.text.NMI_Handler)
    PendSV_Handler                           0x08006461   Thumb Code     2  stm32f4xx_it.o(.text.PendSV_Handler)
    SPI1_IRQHandler                          0x08006465   Thumb Code    16  stm32f4xx_it.o(.text.SPI1_IRQHandler)
    SVC_Handler                              0x08006759   Thumb Code     2  stm32f4xx_it.o(.text.SVC_Handler)
    SysTick_Handler                          0x080067b1   Thumb Code    12  stm32f4xx_it.o(.text.SysTick_Handler)
    SystemClock_Config                       0x080067bd   Thumb Code   184  main.o(.text.SystemClock_Config)
    SystemInit                               0x08006875   Thumb Code    18  system_stm32f4xx.o(.text.SystemInit)
    TIM2_IRQHandler                          0x08006889   Thumb Code    16  stm32f4xx_it.o(.text.TIM2_IRQHandler)
    TIM_Base_SetConfig                       0x08006899   Thumb Code   410  stm32f4xx_hal_tim.o(.text.TIM_Base_SetConfig)
    TIM_CCxChannelCmd                        0x08006a35   Thumb Code    54  stm32f4xx_hal_tim.o(.text.TIM_CCxChannelCmd)
    TIM_ETR_SetConfig                        0x08006a6d   Thumb Code    52  stm32f4xx_hal_tim.o(.text.TIM_ETR_SetConfig)
    TIM_OC2_SetConfig                        0x08006bb9   Thumb Code   244  stm32f4xx_hal_tim.o(.text.TIM_OC2_SetConfig)
    TIM_TI1_SetConfig                        0x08006e95   Thumb Code   278  stm32f4xx_hal_tim.o(.text.TIM_TI1_SetConfig)
    UART5_IRQHandler                         0x08007145   Thumb Code    16  stm32f4xx_it.o(.text.UART5_IRQHandler)
    UART_Start_Receive_IT                    0x08007619   Thumb Code   110  stm32f4xx_hal_uart.o(.text.UART_Start_Receive_IT)
    UsageFault_Handler                       0x0800771d   Thumb Code     4  stm32f4xx_it.o(.text.UsageFault_Handler)
    add_notes                                0x080077e1   Thumb Code   122  guitar.o(.text.add_notes)
    createDuoTab                             0x0800785d   Thumb Code    60  main.o(.text.createDuoTab)
    createTab1                               0x08007899   Thumb Code   320  main.o(.text.createTab1)
    createTab2                               0x080079d9   Thumb Code   320  main.o(.text.createTab2)
    display_guitar                           0x08007b19   Thumb Code   194  guitar.o(.text.display_guitar)
    display_guitar2                          0x08007bdd   Thumb Code   194  guitar.o(.text.display_guitar2)
    display_score                            0x08007ca1   Thumb Code   318  guitar.o(.text.display_score)
    el_condor                                0x08007de1   Thumb Code    34  guitar.o(.text.el_condor)
    gameOver                                 0x08007e05   Thumb Code   244  guitar.o(.text.gameOver)
    getFrequency                             0x08007ef9   Thumb Code    26  main.o(.text.getFrequency)
    getIdNote                                0x08007f15   Thumb Code   736  main.o(.text.getIdNote)
    getTextNote                              0x080081f5   Thumb Code   236  main.o(.text.getTextNote)
    glyph_index                              0x080082e1   Thumb Code    54  ili9341_font.o(.text.glyph_index)
    ili9341_draw_char                        0x08008471   Thumb Code   458  ili9341_gfx.o(.text.ili9341_draw_char)
    ili9341_draw_circle                      0x0800863d   Thumb Code   562  ili9341_gfx.o(.text.ili9341_draw_circle)
    ili9341_draw_pixel                       0x08008871   Thumb Code   136  ili9341_gfx.o(.text.ili9341_draw_pixel)
    ili9341_draw_string                      0x080088f9   Thumb Code   206  ili9341_gfx.o(.text.ili9341_draw_string)
    ili9341_fill_rect                        0x080089c9   Thumb Code   306  ili9341_gfx.o(.text.ili9341_fill_rect)
    ili9341_fill_screen                      0x08008afd   Thumb Code    42  ili9341_gfx.o(.text.ili9341_fill_screen)
    ili9341_new                              0x08008e95   Thumb Code   742  ili9341.o(.text.ili9341_new)
    ili9341_spi_slave_release                0x0800925d   Thumb Code    52  ili9341.o(.text.ili9341_spi_slave_release)
    ili9341_spi_slave_select                 0x08009291   Thumb Code    52  ili9341.o(.text.ili9341_spi_slave_select)
    ili9341_spi_tft_release                  0x080092c5   Thumb Code    22  ili9341.o(.text.ili9341_spi_tft_release)
    ili9341_spi_tft_select                   0x080092dd   Thumb Code    22  ili9341.o(.text.ili9341_spi_tft_select)
    ili9341_spi_tft_set_address_rect         0x080092f5   Thumb Code   162  ili9341_gfx.o(.text.ili9341_spi_tft_set_address_rect)
    ili9341_spi_touch_release                0x08009399   Thumb Code    22  ili9341.o(.text.ili9341_spi_touch_release)
    ili9341_spi_touch_select                 0x080093b1   Thumb Code    22  ili9341.o(.text.ili9341_spi_touch_select)
    ili9341_spi_write_command                0x080093c9   Thumb Code   112  ili9341.o(.text.ili9341_spi_write_command)
    ili9341_spi_write_command_data           0x08009439   Thumb Code   120  ili9341.o(.text.ili9341_spi_write_command_data)
    ili9341_spi_write_data                   0x080094b1   Thumb Code   114  ili9341.o(.text.ili9341_spi_write_data)
    ili9341_transmit_color                   0x08009525   Thumb Code    72  ili9341_gfx.o(.text.ili9341_transmit_color)
    ili9341_transmit_wait                    0x0800956d   Thumb Code    38  ili9341_gfx.o(.text.ili9341_transmit_wait)
    initGame                                 0x08009595   Thumb Code   184  guitar.o(.text.initGame)
    liveScore                                0x08009651   Thumb Code   208  guitar.o(.text.liveScore)
    main                                     0x08009721   Thumb Code   714  main.o(.text.main)
    next_state                               0x080099ed   Thumb Code   194  guitar.o(.text.next_state)
    _btod_d2e                                0x08009aaf   Thumb Code    62  btod.o(CL$$btod_d2e)
    _d2e_denorm_low                          0x08009aed   Thumb Code    70  btod.o(CL$$btod_d2e_denorm_low)
    _d2e_norm_op1                            0x08009b33   Thumb Code    96  btod.o(CL$$btod_d2e_norm_op1)
    __btod_div_common                        0x08009b95   Thumb Code   696  btod.o(CL$$btod_div_common)
    _e2e                                     0x08009ecd   Thumb Code   220  btod.o(CL$$btod_e2e)
    _btod_ediv                               0x08009fa9   Thumb Code    42  btod.o(CL$$btod_ediv)
    _btod_emul                               0x08009fd3   Thumb Code    42  btod.o(CL$$btod_emul)
    __btod_mult_common                       0x08009ffd   Thumb Code   580  btod.o(CL$$btod_mult_common)
    __ARM_fpclassify                         0x0800a241   Thumb Code    48  fpclassify.o(i.__ARM_fpclassify)
    __hardfp_sin                             0x0800a271   Thumb Code   180  sin.o(i.__hardfp_sin)
    __ieee754_rem_pio2                       0x0800a339   Thumb Code   938  rred.o(i.__ieee754_rem_pio2)
    __kernel_cos                             0x0800a771   Thumb Code   322  cos_i.o(i.__kernel_cos)
    __kernel_poly                            0x0800a8e1   Thumb Code   248  poly.o(i.__kernel_poly)
    __kernel_sin                             0x0800a9d9   Thumb Code   280  sin_i.o(i.__kernel_sin)
    __mathlib_dbl_infnan                     0x0800ab09   Thumb Code    20  dunder.o(i.__mathlib_dbl_infnan)
    __mathlib_dbl_invalid                    0x0800ab21   Thumb Code    24  dunder.o(i.__mathlib_dbl_invalid)
    __mathlib_dbl_underflow                  0x0800ab41   Thumb Code    24  dunder.o(i.__mathlib_dbl_underflow)
    _is_digit                                0x0800ab61   Thumb Code    14  __printf_wp.o(i._is_digit)
    fabs                                     0x0800ab6f   Thumb Code    24  fabs.o(i.fabs)
    _get_lc_numeric                          0x0800ab89   Thumb Code    44  lc_numeric_c.o(locale$$code)
    _get_lc_ctype                            0x0800abb5   Thumb Code    44  lc_ctype_c.o(locale$$code)
    __aeabi_dneg                             0x0800abe1   Thumb Code     0  basic.o(x$fpl$basic)
    _dneg                                    0x0800abe1   Thumb Code     6  basic.o(x$fpl$basic)
    __aeabi_fneg                             0x0800abe7   Thumb Code     0  basic.o(x$fpl$basic)
    _fneg                                    0x0800abe7   Thumb Code     6  basic.o(x$fpl$basic)
    _dabs                                    0x0800abed   Thumb Code     6  basic.o(x$fpl$basic)
    _fabs                                    0x0800abf3   Thumb Code     6  basic.o(x$fpl$basic)
    __aeabi_d2f                              0x0800abf9   Thumb Code     0  d2f.o(x$fpl$d2f)
    _d2f                                     0x0800abf9   Thumb Code    98  d2f.o(x$fpl$d2f)
    __aeabi_dadd                             0x0800ac5d   Thumb Code     0  daddsub_clz.o(x$fpl$dadd)
    _dadd                                    0x0800ac5d   Thumb Code   332  daddsub_clz.o(x$fpl$dadd)
    __aeabi_ddiv                             0x0800adad   Thumb Code     0  ddiv.o(x$fpl$ddiv)
    _ddiv                                    0x0800adad   Thumb Code   556  ddiv.o(x$fpl$ddiv)
    __aeabi_d2iz                             0x0800b061   Thumb Code     0  dfix.o(x$fpl$dfix)
    _dfix                                    0x0800b061   Thumb Code    94  dfix.o(x$fpl$dfix)
    __aeabi_d2uiz                            0x0800b0c1   Thumb Code     0  dfixu.o(x$fpl$dfixu)
    _dfixu                                   0x0800b0c1   Thumb Code    90  dfixu.o(x$fpl$dfixu)
    __aeabi_i2d                              0x0800b11b   Thumb Code     0  dflt_clz.o(x$fpl$dflt)
    _dflt                                    0x0800b11b   Thumb Code    46  dflt_clz.o(x$fpl$dflt)
    __aeabi_ui2d                             0x0800b149   Thumb Code     0  dflt_clz.o(x$fpl$dfltu)
    _dfltu                                   0x0800b149   Thumb Code    38  dflt_clz.o(x$fpl$dfltu)
    __aeabi_dmul                             0x0800b171   Thumb Code     0  dmul.o(x$fpl$dmul)
    _dmul                                    0x0800b171   Thumb Code   332  dmul.o(x$fpl$dmul)
    __fpl_dnaninf                            0x0800b2c5   Thumb Code   156  dnaninf.o(x$fpl$dnaninf)
    __fpl_dretinf                            0x0800b361   Thumb Code    12  dretinf.o(x$fpl$dretinf)
    __aeabi_drsub                            0x0800b36d   Thumb Code     0  daddsub_clz.o(x$fpl$drsb)
    _drsb                                    0x0800b36d   Thumb Code    22  daddsub_clz.o(x$fpl$drsb)
    __aeabi_dsub                             0x0800b385   Thumb Code     0  daddsub_clz.o(x$fpl$dsub)
    _dsub                                    0x0800b385   Thumb Code   472  daddsub_clz.o(x$fpl$dsub)
    __aeabi_f2d                              0x0800b561   Thumb Code     0  f2d.o(x$fpl$f2d)
    _f2d                                     0x0800b561   Thumb Code    86  f2d.o(x$fpl$f2d)
    __fpl_fnaninf                            0x0800b5b7   Thumb Code   140  fnaninf.o(x$fpl$fnaninf)
    _fp_init                                 0x0800b643   Thumb Code    26  fpinit.o(x$fpl$fpinit)
    __fplib_config_fpu_vfp                   0x0800b65b   Thumb Code     0  fpinit.o(x$fpl$fpinit)
    __fplib_config_pureend_doubles           0x0800b65b   Thumb Code     0  fpinit.o(x$fpl$fpinit)
    __fpl_fretinf                            0x0800b65d   Thumb Code    10  fretinf.o(x$fpl$fretinf)
    _printf_fp_dec                           0x0800b667   Thumb Code     4  printf1.o(x$fpl$printf1)
    _printf_fp_hex                           0x0800b66b   Thumb Code     4  printf2.o(x$fpl$printf2)
    __I$use$fp                               0x0800b66e   Number         0  usenofp.o(x$fpl$usenofp)
    AHBPrescTable                            0x0800b89c   Data          16  system_stm32f4xx.o(.rodata.AHBPrescTable)
    APBPrescTable                            0x0800b8ac   Data           8  system_stm32f4xx.o(.rodata.APBPrescTable)
    ILI9341_BLACK                            0x0800b8bc   Data           2  ili9341_gfx.o(.rodata.ILI9341_BLACK)
    ILI9341_BLUE                             0x0800b8be   Data           2  ili9341_gfx.o(.rodata.ILI9341_BLUE)
    ILI9341_GREEN                            0x0800b8c0   Data           2  ili9341_gfx.o(.rodata.ILI9341_GREEN)
    ILI9341_RED                              0x0800b8c2   Data           2  ili9341_gfx.o(.rodata.ILI9341_RED)
    ILI9341_WHITE                            0x0800b8c4   Data           2  ili9341_gfx.o(.rodata.ILI9341_WHITE)
    ili9341_font_11x18                       0x0800b8c6   Data        3422  ili9341_font.o(.rodata.ili9341_font_11x18)
    ili9341_font_16x26                       0x0800c624   Data        4942  ili9341_font.o(.rodata.ili9341_font_16x26)
    Region$$Table$$Base                      0x0800da1c   Number         0  anon$$obj.o(Region$$Table)
    Region$$Table$$Limit                     0x0800da3c   Number         0  anon$$obj.o(Region$$Table)
    __ctype                                  0x0800da65   Data           0  lc_ctype_c.o(locale$$data)
    FREQX                                    0x20000000   Data          64  guitar.o(.data.FREQX)
    SystemCoreClock                          0x20000040   Data           4  system_stm32f4xx.o(.data.SystemCoreClock)
    current_tab                              0x20000044   Data           4  main.o(.data.current_tab)
    el_condor_length_bass                    0x20000048   Data         400  guitar.o(.data.el_condor_length_bass)
    el_condor_notes_bass                     0x200001d8   Data         100  guitar.o(.data.el_condor_notes_bass)
    fps                                      0x2000023c   Data           4  main.o(.data.fps)
    frameUp                                  0x20000240   Data           4  main.o(.data.frameUp)
    position_us                              0x20000244   Data           4  guitar.o(.data.position_us)
    text_note                                0x20000248   Data           4  main.o(.data.text_note)
    uwTickFreq                               0x2000024c   Data           1  stm32f4xx_hal.o(.data.uwTickFreq)
    uwTickPrio                               0x20000250   Data           4  stm32f4xx_hal.o(.data.uwTickPrio)
    __libspace_start                         0x20000258   Data          96  libspace.o(.bss)
    ID_note                                  0x200002b8   Data           4  main.o(.bss.ID_note)
    __temporary_stack_top$libspace           0x200002b8   Data           0  libspace.o(.bss)
    ID_note_received                         0x200002bc   Data           1  main.o(.bss.ID_note_received)
    ID_note_sent                             0x200002bd   Data           1  main.o(.bss.ID_note_sent)
    POSX                                     0x200002c0   Data          64  guitar.o(.bss.POSX)
    _screen                                  0x20000300   Data           4  guitar.o(.bss._screen)
    current_time                             0x20000304   Data           4  guitar.o(.bss.current_time)
    distanceCm                               0x20000308   Data           4  main.o(.bss.distanceCm)
    flag_captured                            0x2000030c   Data           4  main.o(.bss.flag_captured)
    frequency1                               0x20000310   Data           4  main.o(.bss.frequency1)
    frequency2                               0x20000314   Data           4  main.o(.bss.frequency2)
    full_timer                               0x20000318   Data           4  main.o(.bss.full_timer)
    guitar                                   0x2000031c   Data          12  guitar.o(.bss.guitar)
    guitar2                                  0x20000328   Data          12  guitar.o(.bss.guitar2)
    hdac                                     0x20000334   Data          20  dac.o(.bss.hdac)
    hdma_dac1                                0x20000348   Data          96  dac.o(.bss.hdma_dac1)
    hdma_spi1_tx                             0x200003a8   Data          96  spi.o(.bss.hdma_spi1_tx)
    hdma_uart5_tx                            0x20000408   Data          96  usart.o(.bss.hdma_uart5_tx)
    hspi1                                    0x20000468   Data          88  spi.o(.bss.hspi1)
    htim1                                    0x200004c0   Data          72  tim.o(.bss.htim1)
    htim12                                   0x20000508   Data          72  tim.o(.bss.htim12)
    htim2                                    0x20000550   Data          72  tim.o(.bss.htim2)
    htim4                                    0x20000598   Data          72  tim.o(.bss.htim4)
    htim5                                    0x200005e0   Data          72  tim.o(.bss.htim5)
    huart2                                   0x20000628   Data          68  usart.o(.bss.huart2)
    huart5                                   0x2000066c   Data          68  usart.o(.bss.huart5)
    life                                     0x200006b0   Data           4  main.o(.bss.life)
    nextNoteUp                               0x200006b4   Data           4  guitar.o(.bss.nextNoteUp)
    rxdata                                   0x200006b8   Data           1  main.o(.bss.rxdata)
    t1                                       0x20000ebc   Data           4  main.o(.bss.t1)
    t2                                       0x20000ec0   Data           4  main.o(.bss.t2)
    tab_value1                               0x20000ec4   Data        4000  main.o(.bss.tab_value1)
    tab_value2                               0x20001e64   Data        4000  main.o(.bss.tab_value2)
    tab_valueSin1                            0x20002e04   Data        4000  main.o(.bss.tab_valueSin1)
    tab_valueSin2                            0x20003da4   Data        4000  main.o(.bss.tab_valueSin2)
    timerFPS                                 0x20004d44   Data           4  main.o(.bss.timerFPS)
    uwTick                                   0x20004d48   Data           4  stm32f4xx_hal.o(.bss.uwTick)
    value1                                   0x20004d4c   Data           4  main.o(.bss.value1)
    value2                                   0x20004d50   Data           4  main.o(.bss.value2)
    voice1                                   0x20004d54   Data        1000  guitar.o(.bss.voice1)
    voice2                                   0x2000513c   Data        1000  guitar.o(.bss.voice2)



==============================================================================

Memory Map of the image

  Image Entry point : 0x080001c5

  Load Region LR_IROM1 (Base: 0x08000000, Size: 0x0000ddc0, Max: 0x00080000, ABSOLUTE, COMPRESSED[0x0000dbd8])

    Execution Region ER_IROM1 (Exec base: 0x08000000, Load base: 0x08000000, Size: 0x0000db68, Max: 0x00080000, ABSOLUTE)

    Exec Addr    Load Addr    Size         Type   Attr      Idx    E Section Name        Object

    0x08000000   0x08000000   0x000001c4   Data   RO            3    RESET               startup_stm32f446xx.o
    0x080001c4   0x080001c4   0x00000008   Code   RO         1633  * !!!main             c_w.l(__main.o)
    0x080001cc   0x080001cc   0x00000034   Code   RO         2120    !!!scatter          c_w.l(__scatter.o)
    0x08000200   0x08000200   0x0000005a   Code   RO         2118    !!dczerorl2         c_w.l(__dczerorl2.o)
    0x0800025a   0x0800025a   0x00000002   PAD
    0x0800025c   0x0800025c   0x0000001c   Code   RO         2122    !!handler_zi        c_w.l(__scatter_zi.o)
    0x08000278   0x08000278   0x00000000   Code   RO         1792    .ARM.Collect$$_printf_percent$$00000000  c_w.l(_printf_percent.o)
    0x08000278   0x08000278   0x00000006   Code   RO         1781    .ARM.Collect$$_printf_percent$$00000001  c_w.l(_printf_n.o)
    0x0800027e   0x0800027e   0x00000006   Code   RO         1783    .ARM.Collect$$_printf_percent$$00000002  c_w.l(_printf_p.o)
    0x08000284   0x08000284   0x00000006   Code   RO         1788    .ARM.Collect$$_printf_percent$$00000003  c_w.l(_printf_f.o)
    0x0800028a   0x0800028a   0x00000006   Code   RO         1789    .ARM.Collect$$_printf_percent$$00000004  c_w.l(_printf_e.o)
    0x08000290   0x08000290   0x00000006   Code   RO         1790    .ARM.Collect$$_printf_percent$$00000005  c_w.l(_printf_g.o)
    0x08000296   0x08000296   0x00000006   Code   RO         1791    .ARM.Collect$$_printf_percent$$00000006  c_w.l(_printf_a.o)
    0x0800029c   0x0800029c   0x0000000a   Code   RO         1796    .ARM.Collect$$_printf_percent$$00000007  c_w.l(_printf_ll.o)
    0x080002a6   0x080002a6   0x00000006   Code   RO         1785    .ARM.Collect$$_printf_percent$$00000008  c_w.l(_printf_i.o)
    0x080002ac   0x080002ac   0x00000006   Code   RO         1786    .ARM.Collect$$_printf_percent$$00000009  c_w.l(_printf_d.o)
    0x080002b2   0x080002b2   0x00000006   Code   RO         1787    .ARM.Collect$$_printf_percent$$0000000A  c_w.l(_printf_u.o)
    0x080002b8   0x080002b8   0x00000006   Code   RO         1784    .ARM.Collect$$_printf_percent$$0000000B  c_w.l(_printf_o.o)
    0x080002be   0x080002be   0x00000006   Code   RO         1782    .ARM.Collect$$_printf_percent$$0000000C  c_w.l(_printf_x.o)
    0x080002c4   0x080002c4   0x00000006   Code   RO         1793    .ARM.Collect$$_printf_percent$$0000000D  c_w.l(_printf_lli.o)
    0x080002ca   0x080002ca   0x00000006   Code   RO         1794    .ARM.Collect$$_printf_percent$$0000000E  c_w.l(_printf_lld.o)
    0x080002d0   0x080002d0   0x00000006   Code   RO         1795    .ARM.Collect$$_printf_percent$$0000000F  c_w.l(_printf_llu.o)
    0x080002d6   0x080002d6   0x00000006   Code   RO         1800    .ARM.Collect$$_printf_percent$$00000010  c_w.l(_printf_llo.o)
    0x080002dc   0x080002dc   0x00000006   Code   RO         1801    .ARM.Collect$$_printf_percent$$00000011  c_w.l(_printf_llx.o)
    0x080002e2   0x080002e2   0x0000000a   Code   RO         1797    .ARM.Collect$$_printf_percent$$00000012  c_w.l(_printf_l.o)
    0x080002ec   0x080002ec   0x00000006   Code   RO         1779    .ARM.Collect$$_printf_percent$$00000013  c_w.l(_printf_c.o)
    0x080002f2   0x080002f2   0x00000006   Code   RO         1780    .ARM.Collect$$_printf_percent$$00000014  c_w.l(_printf_s.o)
    0x080002f8   0x080002f8   0x00000006   Code   RO         1798    .ARM.Collect$$_printf_percent$$00000015  c_w.l(_printf_lc.o)
    0x080002fe   0x080002fe   0x00000006   Code   RO         1799    .ARM.Collect$$_printf_percent$$00000016  c_w.l(_printf_ls.o)
    0x08000304   0x08000304   0x00000004   Code   RO         1951    .ARM.Collect$$_printf_percent$$00000017  c_w.l(_printf_percent_end.o)
    0x08000308   0x08000308   0x00000002   Code   RO         2042    .ARM.Collect$$libinit$$00000000  c_w.l(libinit.o)
    0x0800030a   0x0800030a   0x00000004   Code   RO         1806    .ARM.Collect$$libinit$$00000001  c_w.l(libinit2.o)
    0x0800030e   0x0800030e   0x00000000   Code   RO         1809    .ARM.Collect$$libinit$$00000004  c_w.l(libinit2.o)
    0x0800030e   0x0800030e   0x00000000   Code   RO         1811    .ARM.Collect$$libinit$$00000006  c_w.l(libinit2.o)
    0x0800030e   0x0800030e   0x00000008   Code   RO         1812    .ARM.Collect$$libinit$$00000007  c_w.l(libinit2.o)
    0x08000316   0x08000316   0x00000000   Code   RO         1814    .ARM.Collect$$libinit$$0000000C  c_w.l(libinit2.o)
    0x08000316   0x08000316   0x00000000   Code   RO         1816    .ARM.Collect$$libinit$$0000000E  c_w.l(libinit2.o)
    0x08000316   0x08000316   0x00000000   Code   RO         1818    .ARM.Collect$$libinit$$00000010  c_w.l(libinit2.o)
    0x08000316   0x08000316   0x00000006   Code   RO         1819    .ARM.Collect$$libinit$$00000011  c_w.l(libinit2.o)
    0x0800031c   0x0800031c   0x00000000   Code   RO         1821    .ARM.Collect$$libinit$$00000013  c_w.l(libinit2.o)
    0x0800031c   0x0800031c   0x0000000c   Code   RO         1822    .ARM.Collect$$libinit$$00000014  c_w.l(libinit2.o)
    0x08000328   0x08000328   0x00000000   Code   RO         1823    .ARM.Collect$$libinit$$00000015  c_w.l(libinit2.o)
    0x08000328   0x08000328   0x00000000   Code   RO         1825    .ARM.Collect$$libinit$$00000017  c_w.l(libinit2.o)
    0x08000328   0x08000328   0x0000000a   Code   RO         1826    .ARM.Collect$$libinit$$00000018  c_w.l(libinit2.o)
    0x08000332   0x08000332   0x00000000   Code   RO         1827    .ARM.Collect$$libinit$$00000019  c_w.l(libinit2.o)
    0x08000332   0x08000332   0x00000000   Code   RO         1829    .ARM.Collect$$libinit$$0000001B  c_w.l(libinit2.o)
    0x08000332   0x08000332   0x00000000   Code   RO         1831    .ARM.Collect$$libinit$$0000001D  c_w.l(libinit2.o)
    0x08000332   0x08000332   0x00000000   Code   RO         1833    .ARM.Collect$$libinit$$0000001F  c_w.l(libinit2.o)
    0x08000332   0x08000332   0x00000000   Code   RO         1835    .ARM.Collect$$libinit$$00000021  c_w.l(libinit2.o)
    0x08000332   0x08000332   0x00000000   Code   RO         1837    .ARM.Collect$$libinit$$00000023  c_w.l(libinit2.o)
    0x08000332   0x08000332   0x00000000   Code   RO         1839    .ARM.Collect$$libinit$$00000025  c_w.l(libinit2.o)
    0x08000332   0x08000332   0x00000000   Code   RO         1841    .ARM.Collect$$libinit$$00000027  c_w.l(libinit2.o)
    0x08000332   0x08000332   0x00000000   Code   RO         1845    .ARM.Collect$$libinit$$0000002E  c_w.l(libinit2.o)
    0x08000332   0x08000332   0x00000000   Code   RO         1847    .ARM.Collect$$libinit$$00000030  c_w.l(libinit2.o)
    0x08000332   0x08000332   0x00000000   Code   RO         1849    .ARM.Collect$$libinit$$00000032  c_w.l(libinit2.o)
    0x08000332   0x08000332   0x00000000   Code   RO         1851    .ARM.Collect$$libinit$$00000034  c_w.l(libinit2.o)
    0x08000332   0x08000332   0x00000002   Code   RO         1852    .ARM.Collect$$libinit$$00000035  c_w.l(libinit2.o)
    0x08000334   0x08000334   0x00000002   Code   RO         2115    .ARM.Collect$$libshutdown$$00000000  c_w.l(libshutdown.o)
    0x08000336   0x08000336   0x00000000   Code   RO         2069    .ARM.Collect$$libshutdown$$00000002  c_w.l(libshutdown2.o)
    0x08000336   0x08000336   0x00000000   Code   RO         2071    .ARM.Collect$$libshutdown$$00000004  c_w.l(libshutdown2.o)
    0x08000336   0x08000336   0x00000000   Code   RO         2074    .ARM.Collect$$libshutdown$$00000007  c_w.l(libshutdown2.o)
    0x08000336   0x08000336   0x00000000   Code   RO         2077    .ARM.Collect$$libshutdown$$0000000A  c_w.l(libshutdown2.o)
    0x08000336   0x08000336   0x00000000   Code   RO         2079    .ARM.Collect$$libshutdown$$0000000C  c_w.l(libshutdown2.o)
    0x08000336   0x08000336   0x00000000   Code   RO         2082    .ARM.Collect$$libshutdown$$0000000F  c_w.l(libshutdown2.o)
    0x08000336   0x08000336   0x00000002   Code   RO         2083    .ARM.Collect$$libshutdown$$00000010  c_w.l(libshutdown2.o)
    0x08000338   0x08000338   0x00000000   Code   RO         1675    .ARM.Collect$$rtentry$$00000000  c_w.l(__rtentry.o)
    0x08000338   0x08000338   0x00000000   Code   RO         1905    .ARM.Collect$$rtentry$$00000002  c_w.l(__rtentry2.o)
    0x08000338   0x08000338   0x00000006   Code   RO         1917    .ARM.Collect$$rtentry$$00000004  c_w.l(__rtentry4.o)
    0x0800033e   0x0800033e   0x00000000   Code   RO         1907    .ARM.Collect$$rtentry$$00000009  c_w.l(__rtentry2.o)
    0x0800033e   0x0800033e   0x00000004   Code   RO         1908    .ARM.Collect$$rtentry$$0000000A  c_w.l(__rtentry2.o)
    0x08000342   0x08000342   0x00000000   Code   RO         1910    .ARM.Collect$$rtentry$$0000000C  c_w.l(__rtentry2.o)
    0x08000342   0x08000342   0x00000008   Code   RO         1911    .ARM.Collect$$rtentry$$0000000D  c_w.l(__rtentry2.o)
    0x0800034a   0x0800034a   0x00000002   Code   RO         2049    .ARM.Collect$$rtexit$$00000000  c_w.l(rtexit.o)
    0x0800034c   0x0800034c   0x00000000   Code   RO         2089    .ARM.Collect$$rtexit$$00000002  c_w.l(rtexit2.o)
    0x0800034c   0x0800034c   0x00000004   Code   RO         2090    .ARM.Collect$$rtexit$$00000003  c_w.l(rtexit2.o)
    0x08000350   0x08000350   0x00000006   Code   RO         2091    .ARM.Collect$$rtexit$$00000004  c_w.l(rtexit2.o)
    0x08000356   0x08000356   0x00000002   PAD
    0x08000358   0x08000358   0x00000040   Code   RO            4    .text               startup_stm32f446xx.o
    0x08000398   0x08000398   0x0000005e   Code   RO         1564    .text               c_w.l(h1_alloc.o)
    0x080003f6   0x080003f6   0x000000f0   Code   RO         1618    .text               c_w.l(lludivv7m.o)
    0x080004e6   0x080004e6   0x00000002   PAD
    0x080004e8   0x080004e8   0x0000002c   Code   RO         1620    .text               c_w.l(sprintf.o)
    0x08000514   0x08000514   0x0000004e   Code   RO         1629    .text               c_w.l(rt_memclr_w.o)
    0x08000562   0x08000562   0x00000006   Code   RO         1631    .text               c_w.l(heapauxi.o)
    0x08000568   0x08000568   0x00000008   Code   RO         1683    .text               c_w.l(rt_heap_descriptor_intlibspace.o)
    0x08000570   0x08000570   0x00000004   Code   RO         1685    .text               c_w.l(hguard.o)
    0x08000574   0x08000574   0x0000008a   Code   RO         1687    .text               c_w.l(init_alloc.o)
    0x080005fe   0x080005fe   0x0000000e   Code   RO         1693    .text               c_w.l(h1_init.o)
    0x0800060c   0x0800060c   0x0000004e   Code   RO         1695    .text               c_w.l(h1_free.o)
    0x0800065a   0x0800065a   0x00000016   Code   RO         1709    .text               c_w.l(_rserrno.o)
    0x08000670   0x08000670   0x0000004e   Code   RO         1713    .text               c_w.l(_printf_pad.o)
    0x080006be   0x080006be   0x00000024   Code   RO         1715    .text               c_w.l(_printf_truncate.o)
    0x080006e2   0x080006e2   0x00000052   Code   RO         1717    .text               c_w.l(_printf_str.o)
    0x08000734   0x08000734   0x00000078   Code   RO         1719    .text               c_w.l(_printf_dec.o)
    0x080007ac   0x080007ac   0x00000028   Code   RO         1721    .text               c_w.l(_printf_charcount.o)
    0x080007d4   0x080007d4   0x00000030   Code   RO         1723    .text               c_w.l(_printf_char_common.o)
    0x08000804   0x08000804   0x0000000a   Code   RO         1725    .text               c_w.l(_sputc.o)
    0x0800080e   0x0800080e   0x00000002   PAD
    0x08000810   0x08000810   0x000000bc   Code   RO         1727    .text               c_w.l(_printf_wctomb.o)
    0x080008cc   0x080008cc   0x0000007c   Code   RO         1730    .text               c_w.l(_printf_longlong_dec.o)
    0x08000948   0x08000948   0x00000070   Code   RO         1736    .text               c_w.l(_printf_oct_int_ll.o)
    0x080009b8   0x080009b8   0x00000094   Code   RO         1756    .text               c_w.l(_printf_hex_int_ll_ptr.o)
    0x08000a4c   0x08000a4c   0x00000188   Code   RO         1776    .text               c_w.l(__printf_flags_ss_wp.o)
    0x08000bd4   0x08000bd4   0x00000008   Code   RO         1901    .text               c_w.l(libspace.o)
    0x08000bdc   0x08000bdc   0x00000008   Code   RO         1924    .text               c_w.l(rt_errno_addr_intlibspace.o)
    0x08000be4   0x08000be4   0x00000000   Code   RO         1928    .text               c_w.l(maybetermalloc1.o)
    0x08000be4   0x08000be4   0x00000034   Code   RO         1930    .text               c_w.l(h1_extend.o)
    0x08000c18   0x08000c18   0x0000008a   Code   RO         1934    .text               c_w.l(lludiv10.o)
    0x08000ca2   0x08000ca2   0x000000b2   Code   RO         1936    .text               c_w.l(_printf_intcommon.o)
    0x08000d54   0x08000d54   0x0000041c   Code   RO         1938    .text               c_w.l(_printf_fp_dec.o)
    0x08001170   0x08001170   0x000002fc   Code   RO         1942    .text               c_w.l(_printf_fp_hex.o)
    0x0800146c   0x0800146c   0x0000002c   Code   RO         1947    .text               c_w.l(_printf_char.o)
    0x08001498   0x08001498   0x0000002c   Code   RO         1949    .text               c_w.l(_printf_wchar.o)
    0x080014c4   0x080014c4   0x00000048   Code   RO         1952    .text               c_w.l(_c16rtomb.o)
    0x0800150c   0x0800150c   0x0000000e   Code   RO         1954    .text               c_w.l(defsig_rtmem_outer.o)
    0x0800151a   0x0800151a   0x00000002   Code   RO         1975    .text               c_w.l(use_no_semi.o)
    0x0800151c   0x0800151c   0x00000000   Code   RO         1977    .text               c_w.l(indicate_semi.o)
    0x0800151c   0x0800151c   0x0000004a   Code   RO         1978    .text               c_w.l(sys_stackheap_outer.o)
    0x08001566   0x08001566   0x00000002   PAD
    0x08001568   0x08001568   0x00000010   Code   RO         1980    .text               c_w.l(rt_ctype_table.o)
    0x08001578   0x08001578   0x00000008   Code   RO         1987    .text               c_w.l(rt_locale_intlibspace.o)
    0x08001580   0x08001580   0x00000080   Code   RO         1991    .text               c_w.l(_printf_fp_infnan.o)
    0x08001600   0x08001600   0x000000e4   Code   RO         1993    .text               c_w.l(bigflt0.o)
    0x080016e4   0x080016e4   0x00000012   Code   RO         2023    .text               c_w.l(exit.o)
    0x080016f6   0x080016f6   0x0000000a   Code   RO         2025    .text               c_w.l(defsig_exit.o)
    0x08001700   0x08001700   0x00000050   Code   RO         2031    .text               c_w.l(defsig_rtmem_inner.o)
    0x08001750   0x08001750   0x0000000c   Code   RO         2045    .text               c_w.l(sys_exit.o)
    0x0800175c   0x0800175c   0x00000032   Code   RO         2062    .text               c_w.l(defsig_general.o)
    0x0800178e   0x0800178e   0x00000002   PAD
    0x08001790   0x08001790   0x0000007c   Code   RO         2066    .text               c_w.l(strcmpv7em.o)
    0x0800180c   0x0800180c   0x0000000e   Code   RO         2084    .text               c_w.l(sys_wrch.o)
    0x0800181a   0x0800181a   0x00000002   PAD
    0x0800181c   0x0800181c   0x00000004   Code   RO          366    .text.BusFault_Handler  stm32f4xx_it.o
    0x08001820   0x08001820   0x0000001c   Code   RO          421    .text.DAC_DMAConvCpltCh1  stm32f4xx_hal_dac.o
    0x0800183c   0x0800183c   0x0000001c   Code   RO          476    .text.DAC_DMAConvCpltCh2  stm32f4xx_hal_dac_ex.o
    0x08001858   0x08001858   0x00000026   Code   RO          425    .text.DAC_DMAErrorCh1  stm32f4xx_hal_dac.o
    0x0800187e   0x0800187e   0x00000002   PAD
    0x08001880   0x08001880   0x00000026   Code   RO          480    .text.DAC_DMAErrorCh2  stm32f4xx_hal_dac_ex.o
    0x080018a6   0x080018a6   0x00000002   PAD
    0x080018a8   0x080018a8   0x00000016   Code   RO          423    .text.DAC_DMAHalfConvCpltCh1  stm32f4xx_hal_dac.o
    0x080018be   0x080018be   0x00000002   PAD
    0x080018c0   0x080018c0   0x00000016   Code   RO          478    .text.DAC_DMAHalfConvCpltCh2  stm32f4xx_hal_dac_ex.o
    0x080018d6   0x080018d6   0x00000002   PAD
    0x080018d8   0x080018d8   0x00000010   Code   RO          380    .text.DMA1_Stream5_IRQHandler  stm32f4xx_it.o
    0x080018e8   0x080018e8   0x00000010   Code   RO          386    .text.DMA1_Stream7_IRQHandler  stm32f4xx_it.o
    0x080018f8   0x080018f8   0x00000010   Code   RO          390    .text.DMA2_Stream3_IRQHandler  stm32f4xx_it.o
    0x08001908   0x08001908   0x00000056   Code   RO          705    .text.DMA_CalcBaseAndBitshift  stm32f4xx_hal_dma.o
    0x0800195e   0x0800195e   0x00000002   PAD
    0x08001960   0x08001960   0x000000f0   Code   RO          703    .text.DMA_CheckFifoParam  stm32f4xx_hal_dma.o
    0x08001a50   0x08001a50   0x00000050   Code   RO          711    .text.DMA_SetConfig  stm32f4xx_hal_dma.o
    0x08001aa0   0x08001aa0   0x00000002   Code   RO          372    .text.DebugMon_Handler  stm32f4xx_it.o
    0x08001aa2   0x08001aa2   0x00000002   PAD
    0x08001aa4   0x08001aa4   0x0000000a   Code   RO          378    .text.EXTI2_IRQHandler  stm32f4xx_it.o
    0x08001aae   0x08001aae   0x00000002   PAD
    0x08001ab0   0x08001ab0   0x0000000e   Code   RO          224    .text.Error_Handler  main.o
    0x08001abe   0x08001abe   0x00000002   PAD
    0x08001ac0   0x08001ac0   0x00000008   Code   RO          466    .text.HAL_DACEx_ConvCpltCallbackCh2  stm32f4xx_hal_dac_ex.o
    0x08001ac8   0x08001ac8   0x00000008   Code   RO          468    .text.HAL_DACEx_ConvHalfCpltCallbackCh2  stm32f4xx_hal_dac_ex.o
    0x08001ad0   0x08001ad0   0x00000008   Code   RO          470    .text.HAL_DACEx_ErrorCallbackCh2  stm32f4xx_hal_dac_ex.o
    0x08001ad8   0x08001ad8   0x000000a2   Code   RO          443    .text.HAL_DAC_ConfigChannel  stm32f4xx_hal_dac.o
    0x08001b7a   0x08001b7a   0x00000002   PAD
    0x08001b7c   0x08001b7c   0x00000064   Code   RO          198    .text.HAL_DAC_ConvCpltCallbackCh1  main.o
    0x08001be0   0x08001be0   0x00000008   Code   RO          437    .text.HAL_DAC_ConvHalfCpltCallbackCh1  stm32f4xx_hal_dac.o
    0x08001be8   0x08001be8   0x00000008   Code   RO          439    .text.HAL_DAC_ErrorCallbackCh1  stm32f4xx_hal_dac.o
    0x08001bf0   0x08001bf0   0x0000004a   Code   RO          407    .text.HAL_DAC_Init  stm32f4xx_hal_dac.o
    0x08001c3a   0x08001c3a   0x00000002   PAD
    0x08001c3c   0x08001c3c   0x000000e4   Code   RO          278    .text.HAL_DAC_MspInit  dac.o
    0x08001d20   0x08001d20   0x000001b0   Code   RO          419    .text.HAL_DAC_Start_DMA  stm32f4xx_hal_dac.o
    0x08001ed0   0x08001ed0   0x000000ec   Code   RO          715    .text.HAL_DMA_Abort  stm32f4xx_hal_dma.o
    0x08001fbc   0x08001fbc   0x00000044   Code   RO          717    .text.HAL_DMA_Abort_IT  stm32f4xx_hal_dma.o
    0x08002000   0x08002000   0x0000000e   Code   RO          727    .text.HAL_DMA_GetState  stm32f4xx_hal_dma.o
    0x0800200e   0x0800200e   0x00000002   PAD
    0x08002010   0x08002010   0x0000031e   Code   RO          721    .text.HAL_DMA_IRQHandler  stm32f4xx_hal_dma.o
    0x0800232e   0x0800232e   0x00000002   PAD
    0x08002330   0x08002330   0x0000016e   Code   RO          701    .text.HAL_DMA_Init  stm32f4xx_hal_dma.o
    0x0800249e   0x0800249e   0x00000002   PAD
    0x080024a0   0x080024a0   0x000000c2   Code   RO          713    .text.HAL_DMA_Start_IT  stm32f4xx_hal_dma.o
    0x08002562   0x08002562   0x00000002   PAD
    0x08002564   0x08002564   0x00000042   Code   RO          896    .text.HAL_Delay     stm32f4xx_hal.o
    0x080025a6   0x080025a6   0x00000002   PAD
    0x080025a8   0x080025a8   0x000000d6   Code   RO          216    .text.HAL_GPIO_EXTI_Callback  main.o
    0x0800267e   0x0800267e   0x00000002   PAD
    0x08002680   0x08002680   0x00000038   Code   RO          675    .text.HAL_GPIO_EXTI_IRQHandler  stm32f4xx_hal_gpio.o
    0x080026b8   0x080026b8   0x0000039a   Code   RO          663    .text.HAL_GPIO_Init  stm32f4xx_hal_gpio.o
    0x08002a52   0x08002a52   0x00000002   PAD
    0x08002a54   0x08002a54   0x0000002e   Code   RO          667    .text.HAL_GPIO_ReadPin  stm32f4xx_hal_gpio.o
    0x08002a82   0x08002a82   0x00000002   PAD
    0x08002a84   0x08002a84   0x0000002e   Code   RO          669    .text.HAL_GPIO_WritePin  stm32f4xx_hal_gpio.o
    0x08002ab2   0x08002ab2   0x00000002   PAD
    0x08002ab4   0x08002ab4   0x0000000c   Code   RO          888    .text.HAL_GetTick   stm32f4xx_hal.o
    0x08002ac0   0x08002ac0   0x0000001a   Code   RO          886    .text.HAL_IncTick   stm32f4xx_hal.o
    0x08002ada   0x08002ada   0x00000002   PAD
    0x08002adc   0x08002adc   0x0000003c   Code   RO          876    .text.HAL_Init      stm32f4xx_hal.o
    0x08002b18   0x08002b18   0x00000070   Code   RO          878    .text.HAL_InitTick  stm32f4xx_hal.o
    0x08002b88   0x08002b88   0x00000052   Code   RO          399    .text.HAL_MspInit   stm32f4xx_hal_msp.o
    0x08002bda   0x08002bda   0x00000002   PAD
    0x08002bdc   0x08002bdc   0x00000014   Code   RO          817    .text.HAL_NVIC_EnableIRQ  stm32f4xx_hal_cortex.o
    0x08002bf0   0x08002bf0   0x00000032   Code   RO          809    .text.HAL_NVIC_SetPriority  stm32f4xx_hal_cortex.o
    0x08002c22   0x08002c22   0x00000002   PAD
    0x08002c24   0x08002c24   0x00000010   Code   RO          805    .text.HAL_NVIC_SetPriorityGrouping  stm32f4xx_hal_cortex.o
    0x08002c34   0x08002c34   0x00000262   Code   RO          493    .text.HAL_RCC_ClockConfig  stm32f4xx_hal_rcc.o
    0x08002e96   0x08002e96   0x00000002   PAD
    0x08002e98   0x08002e98   0x0000000c   Code   RO          503    .text.HAL_RCC_GetHCLKFreq  stm32f4xx_hal_rcc.o
    0x08002ea4   0x08002ea4   0x00000022   Code   RO          505    .text.HAL_RCC_GetPCLK1Freq  stm32f4xx_hal_rcc.o
    0x08002ec6   0x08002ec6   0x00000002   PAD
    0x08002ec8   0x08002ec8   0x00000022   Code   RO          507    .text.HAL_RCC_GetPCLK2Freq  stm32f4xx_hal_rcc.o
    0x08002eea   0x08002eea   0x00000002   PAD
    0x08002eec   0x08002eec   0x00000170   Code   RO          540    .text.HAL_RCC_GetSysClockFreq  stm32f4xx_hal_rcc_ex.o
    0x0800305c   0x0800305c   0x00000726   Code   RO          544    .text.HAL_RCC_OscConfig  stm32f4xx_hal_rcc_ex.o
    0x08003782   0x08003782   0x00000002   PAD
    0x08003784   0x08003784   0x00000008   Code   RO         1049    .text.HAL_SPI_ErrorCallback  stm32f4xx_hal_spi.o
    0x0800378c   0x0800378c   0x00000230   Code   RO         1045    .text.HAL_SPI_IRQHandler  stm32f4xx_hal_spi.o
    0x080039bc   0x080039bc   0x00000100   Code   RO          965    .text.HAL_SPI_Init  stm32f4xx_hal_spi.o
    0x08003abc   0x08003abc   0x000000f6   Code   RO          301    .text.HAL_SPI_MspInit  spi.o
    0x08003bb2   0x08003bb2   0x00000002   PAD
    0x08003bb4   0x08003bb4   0x00000284   Code   RO          973    .text.HAL_SPI_Transmit  stm32f4xx_hal_spi.o
    0x08003e38   0x08003e38   0x00000170   Code   RO         1005    .text.HAL_SPI_Transmit_DMA  stm32f4xx_hal_spi.o
    0x08003fa8   0x08003fa8   0x00000008   Code   RO         1051    .text.HAL_SPI_TxCpltCallback  stm32f4xx_hal_spi.o
    0x08003fb0   0x08003fb0   0x00000008   Code   RO         1057    .text.HAL_SPI_TxHalfCpltCallback  stm32f4xx_hal_spi.o
    0x08003fb8   0x08003fb8   0x00000058   Code   RO          200    .text.HAL_SYSTICK_Callback  main.o
    0x08004010   0x08004010   0x00000010   Code   RO          829    .text.HAL_SYSTICK_Config  stm32f4xx_hal_cortex.o
    0x08004020   0x08004020   0x00000008   Code   RO          865    .text.HAL_SYSTICK_IRQHandler  stm32f4xx_hal_cortex.o
    0x08004028   0x08004028   0x00000008   Code   RO         1405    .text.HAL_TIMEx_BreakCallback  stm32f4xx_hal_tim_ex.o
    0x08004030   0x08004030   0x00000008   Code   RO         1401    .text.HAL_TIMEx_CommutCallback  stm32f4xx_hal_tim_ex.o
    0x08004038   0x08004038   0x00000122   Code   RO         1395    .text.HAL_TIMEx_MasterConfigSynchronization  stm32f4xx_hal_tim_ex.o
    0x0800415a   0x0800415a   0x00000002   PAD
    0x0800415c   0x0800415c   0x0000009c   Code   RO         1082    .text.HAL_TIM_Base_Init  stm32f4xx_hal_tim.o
    0x080041f8   0x080041f8   0x0000017a   Code   RO          326    .text.HAL_TIM_Base_MspInit  tim.o
    0x08004372   0x08004372   0x00000002   PAD
    0x08004374   0x08004374   0x000000ea   Code   RO         1092    .text.HAL_TIM_Base_Start  stm32f4xx_hal_tim.o
    0x0800445e   0x0800445e   0x00000002   PAD
    0x08004460   0x08004460   0x000000f6   Code   RO         1096    .text.HAL_TIM_Base_Start_IT  stm32f4xx_hal_tim.o
    0x08004556   0x08004556   0x00000002   PAD
    0x08004558   0x08004558   0x00000184   Code   RO         1274    .text.HAL_TIM_ConfigClockSource  stm32f4xx_hal_tim.o
    0x080046dc   0x080046dc   0x00000004   PAD
    0x080046e0   0x080046e0   0x00000108   Code   RO          214    .text.HAL_TIM_IC_CaptureCallback  main.o
    0x080047e8   0x080047e8   0x00000130   Code   RO         1238    .text.HAL_TIM_IC_ConfigChannel  stm32f4xx_hal_tim.o
    0x08004918   0x08004918   0x0000009c   Code   RO         1156    .text.HAL_TIM_IC_Init  stm32f4xx_hal_tim.o
    0x080049b4   0x080049b4   0x00000008   Code   RO         1158    .text.HAL_TIM_IC_MspInit  stm32f4xx_hal_tim.o
    0x080049bc   0x080049bc   0x000002a6   Code   RO         1168    .text.HAL_TIM_IC_Start_IT  stm32f4xx_hal_tim.o
    0x08004c62   0x08004c62   0x00000002   PAD
    0x08004c64   0x08004c64   0x0000027a   Code   RO         1216    .text.HAL_TIM_IRQHandler  stm32f4xx_hal_tim.o
    0x08004ede   0x08004ede   0x00000002   PAD
    0x08004ee0   0x08004ee0   0x000000bc   Code   RO          318    .text.HAL_TIM_MspPostInit  tim.o
    0x08004f9c   0x08004f9c   0x00000008   Code   RO         1220    .text.HAL_TIM_OC_DelayElapsedCallback  stm32f4xx_hal_tim.o
    0x08004fa4   0x08004fa4   0x00000142   Code   RO         1248    .text.HAL_TIM_PWM_ConfigChannel  stm32f4xx_hal_tim.o
    0x080050e6   0x080050e6   0x00000002   PAD
    0x080050e8   0x080050e8   0x0000009c   Code   RO         1136    .text.HAL_TIM_PWM_Init  stm32f4xx_hal_tim.o
    0x08005184   0x08005184   0x00000008   Code   RO         1138    .text.HAL_TIM_PWM_MspInit  stm32f4xx_hal_tim.o
    0x0800518c   0x0800518c   0x00000008   Code   RO         1222    .text.HAL_TIM_PWM_PulseFinishedCallback  stm32f4xx_hal_tim.o
    0x08005194   0x08005194   0x000001ca   Code   RO         1144    .text.HAL_TIM_PWM_Start  stm32f4xx_hal_tim.o
    0x0800535e   0x0800535e   0x00000002   PAD
    0x08005360   0x08005360   0x00000106   Code   RO         1146    .text.HAL_TIM_PWM_Stop  stm32f4xx_hal_tim.o
    0x08005466   0x08005466   0x00000002   PAD
    0x08005468   0x08005468   0x00000008   Code   RO         1224    .text.HAL_TIM_PeriodElapsedCallback  stm32f4xx_hal_tim.o
    0x08005470   0x08005470   0x00000008   Code   RO         1226    .text.HAL_TIM_TriggerCallback  stm32f4xx_hal_tim.o
    0x08005478   0x08005478   0x0000000c   Code   RO         1508    .text.HAL_UARTEx_RxEventCallback  stm32f4xx_hal_uart.o
    0x08005484   0x08005484   0x00000008   Code   RO         1506    .text.HAL_UART_ErrorCallback  stm32f4xx_hal_uart.o
    0x0800548c   0x0800548c   0x0000041e   Code   RO         1500    .text.HAL_UART_IRQHandler  stm32f4xx_hal_uart.o
    0x080058aa   0x080058aa   0x00000002   PAD
    0x080058ac   0x080058ac   0x0000009a   Code   RO         1418    .text.HAL_UART_Init  stm32f4xx_hal_uart.o
    0x08005946   0x08005946   0x00000002   PAD
    0x08005948   0x08005948   0x000001ca   Code   RO          346    .text.HAL_UART_MspInit  usart.o
    0x08005b12   0x08005b12   0x00000002   PAD
    0x08005b14   0x08005b14   0x00000078   Code   RO         1442    .text.HAL_UART_Receive_IT  stm32f4xx_hal_uart.o
    0x08005b8c   0x08005b8c   0x00000042   Code   RO          218    .text.HAL_UART_RxCpltCallback  main.o
    0x08005bce   0x08005bce   0x00000002   PAD
    0x08005bd0   0x08005bd0   0x00000110   Code   RO         1446    .text.HAL_UART_Transmit_DMA  stm32f4xx_hal_uart.o
    0x08005ce0   0x08005ce0   0x00000008   Code   RO         1514    .text.HAL_UART_TxCpltCallback  stm32f4xx_hal_uart.o
    0x08005ce8   0x08005ce8   0x00000008   Code   RO         1516    .text.HAL_UART_TxHalfCpltCallback  stm32f4xx_hal_uart.o
    0x08005cf0   0x08005cf0   0x00000004   Code   RO          362    .text.HardFault_Handler  stm32f4xx_it.o
    0x08005cf4   0x08005cf4   0x0000004e   Code   RO          276    .text.MX_DAC_Init   dac.o
    0x08005d42   0x08005d42   0x00000002   PAD
    0x08005d44   0x08005d44   0x00000084   Code   RO          291    .text.MX_DMA_Init   dma.o
    0x08005dc8   0x08005dc8   0x000001ea   Code   RO          268    .text.MX_GPIO_Init  gpio.o
    0x08005fb2   0x08005fb2   0x00000002   PAD
    0x08005fb4   0x08005fb4   0x0000004e   Code   RO          299    .text.MX_SPI1_Init  spi.o
    0x08006002   0x08006002   0x00000002   PAD
    0x08006004   0x08006004   0x00000060   Code   RO          324    .text.MX_TIM12_Init  tim.o
    0x08006064   0x08006064   0x00000084   Code   RO          314    .text.MX_TIM1_Init  tim.o
    0x080060e8   0x080060e8   0x00000122   Code   RO          316    .text.MX_TIM2_Init  tim.o
    0x0800620a   0x0800620a   0x00000002   PAD
    0x0800620c   0x0800620c   0x000000da   Code   RO          320    .text.MX_TIM4_Init  tim.o
    0x080062e6   0x080062e6   0x00000002   PAD
    0x080062e8   0x080062e8   0x00000084   Code   RO          322    .text.MX_TIM5_Init  tim.o
    0x0800636c   0x0800636c   0x00000040   Code   RO          342    .text.MX_UART5_Init  usart.o
    0x080063ac   0x080063ac   0x00000040   Code   RO          344    .text.MX_USART2_UART_Init  usart.o
    0x080063ec   0x080063ec   0x00000004   Code   RO          364    .text.MemManage_Handler  stm32f4xx_it.o
    0x080063f0   0x080063f0   0x00000004   Code   RO          360    .text.NMI_Handler   stm32f4xx_it.o
    0x080063f4   0x080063f4   0x0000006c   Code   RO          815    .text.NVIC_EncodePriority  stm32f4xx_hal_cortex.o
    0x08006460   0x08006460   0x00000002   Code   RO          374    .text.PendSV_Handler  stm32f4xx_it.o
    0x08006462   0x08006462   0x00000002   PAD
    0x08006464   0x08006464   0x00000010   Code   RO          384    .text.SPI1_IRQHandler  stm32f4xx_it.o
    0x08006474   0x08006474   0x00000020   Code   RO         1047    .text.SPI_DMAAbortOnError  stm32f4xx_hal_spi.o
    0x08006494   0x08006494   0x00000034   Code   RO         1011    .text.SPI_DMAError  stm32f4xx_hal_spi.o
    0x080064c8   0x080064c8   0x00000016   Code   RO         1007    .text.SPI_DMAHalfTransmitCplt  stm32f4xx_hal_spi.o
    0x080064de   0x080064de   0x00000002   PAD
    0x080064e0   0x080064e0   0x000000a6   Code   RO         1009    .text.SPI_DMATransmitCplt  stm32f4xx_hal_spi.o
    0x08006586   0x08006586   0x00000002   PAD
    0x08006588   0x08006588   0x000000a4   Code   RO          975    .text.SPI_EndRxTxTransaction  stm32f4xx_hal_spi.o
    0x0800662c   0x0800662c   0x0000012a   Code   RO         1073    .text.SPI_WaitFlagStateUntilTimeout  stm32f4xx_hal_spi.o
    0x08006756   0x08006756   0x00000002   PAD
    0x08006758   0x08006758   0x00000002   Code   RO          370    .text.SVC_Handler   stm32f4xx_it.o
    0x0800675a   0x0800675a   0x00000002   PAD
    0x0800675c   0x0800675c   0x00000052   Code   RO          831    .text.SysTick_Config  stm32f4xx_hal_cortex.o
    0x080067ae   0x080067ae   0x00000002   PAD
    0x080067b0   0x080067b0   0x0000000c   Code   RO          376    .text.SysTick_Handler  stm32f4xx_it.o
    0x080067bc   0x080067bc   0x000000b8   Code   RO          222    .text.SystemClock_Config  main.o
    0x08006874   0x08006874   0x00000012   Code   RO         1547    .text.SystemInit    system_stm32f4xx.o
    0x08006886   0x08006886   0x00000002   PAD
    0x08006888   0x08006888   0x00000010   Code   RO          382    .text.TIM2_IRQHandler  stm32f4xx_it.o
    0x08006898   0x08006898   0x0000019a   Code   RO         1086    .text.TIM_Base_SetConfig  stm32f4xx_hal_tim.o
    0x08006a32   0x08006a32   0x00000002   PAD
    0x08006a34   0x08006a34   0x00000036   Code   RO         1120    .text.TIM_CCxChannelCmd  stm32f4xx_hal_tim.o
    0x08006a6a   0x08006a6a   0x00000002   PAD
    0x08006a6c   0x08006a6c   0x00000034   Code   RO         1272    .text.TIM_ETR_SetConfig  stm32f4xx_hal_tim.o
    0x08006aa0   0x08006aa0   0x0000002a   Code   RO         1278    .text.TIM_ITRx_SetConfig  stm32f4xx_hal_tim.o
    0x08006aca   0x08006aca   0x00000002   PAD
    0x08006acc   0x08006acc   0x000000ea   Code   RO         1230    .text.TIM_OC1_SetConfig  stm32f4xx_hal_tim.o
    0x08006bb6   0x08006bb6   0x00000002   PAD
    0x08006bb8   0x08006bb8   0x000000f4   Code   RO         1232    .text.TIM_OC2_SetConfig  stm32f4xx_hal_tim.o
    0x08006cac   0x08006cac   0x000000f2   Code   RO         1234    .text.TIM_OC3_SetConfig  stm32f4xx_hal_tim.o
    0x08006d9e   0x08006d9e   0x00000002   PAD
    0x08006da0   0x08006da0   0x000000a4   Code   RO         1236    .text.TIM_OC4_SetConfig  stm32f4xx_hal_tim.o
    0x08006e44   0x08006e44   0x00000050   Code   RO         1276    .text.TIM_TI1_ConfigInputStage  stm32f4xx_hal_tim.o
    0x08006e94   0x08006e94   0x00000116   Code   RO         1240    .text.TIM_TI1_SetConfig  stm32f4xx_hal_tim.o
    0x08006faa   0x08006faa   0x00000002   PAD
    0x08006fac   0x08006fac   0x00000052   Code   RO         1280    .text.TIM_TI2_ConfigInputStage  stm32f4xx_hal_tim.o
    0x08006ffe   0x08006ffe   0x00000002   PAD
    0x08007000   0x08007000   0x0000006c   Code   RO         1242    .text.TIM_TI2_SetConfig  stm32f4xx_hal_tim.o
    0x0800706c   0x0800706c   0x0000006a   Code   RO         1244    .text.TIM_TI3_SetConfig  stm32f4xx_hal_tim.o
    0x080070d6   0x080070d6   0x00000002   PAD
    0x080070d8   0x080070d8   0x0000006c   Code   RO         1246    .text.TIM_TI4_SetConfig  stm32f4xx_hal_tim.o
    0x08007144   0x08007144   0x00000010   Code   RO          388    .text.UART5_IRQHandler  stm32f4xx_it.o
    0x08007154   0x08007154   0x00000020   Code   RO         1504    .text.UART_DMAAbortOnError  stm32f4xx_hal_uart.o
    0x08007174   0x08007174   0x0000007c   Code   RO         1452    .text.UART_DMAError  stm32f4xx_hal_uart.o
    0x080071f0   0x080071f0   0x0000007a   Code   RO         1448    .text.UART_DMATransmitCplt  stm32f4xx_hal_uart.o
    0x0800726a   0x0800726a   0x00000002   PAD
    0x0800726c   0x0800726c   0x00000016   Code   RO         1450    .text.UART_DMATxHalfCplt  stm32f4xx_hal_uart.o
    0x08007282   0x08007282   0x00000002   PAD
    0x08007284   0x08007284   0x00000094   Code   RO         1466    .text.UART_EndRxTransfer  stm32f4xx_hal_uart.o
    0x08007318   0x08007318   0x00000026   Code   RO         1512    .text.UART_EndTransmit_IT  stm32f4xx_hal_uart.o
    0x0800733e   0x0800733e   0x00000002   PAD
    0x08007340   0x08007340   0x00000036   Code   RO         1464    .text.UART_EndTxTransfer  stm32f4xx_hal_uart.o
    0x08007376   0x08007376   0x00000002   PAD
    0x08007378   0x08007378   0x00000164   Code   RO         1502    .text.UART_Receive_IT  stm32f4xx_hal_uart.o
    0x080074dc   0x080074dc   0x0000013a   Code   RO         1422    .text.UART_SetConfig  stm32f4xx_hal_uart.o
    0x08007616   0x08007616   0x00000002   PAD
    0x08007618   0x08007618   0x0000006e   Code   RO         1444    .text.UART_Start_Receive_IT  stm32f4xx_hal_uart.o
    0x08007686   0x08007686   0x00000002   PAD
    0x08007688   0x08007688   0x00000094   Code   RO         1510    .text.UART_Transmit_IT  stm32f4xx_hal_uart.o
    0x0800771c   0x0800771c   0x00000004   Code   RO          368    .text.UsageFault_Handler  stm32f4xx_it.o
    0x08007720   0x08007720   0x00000030   Code   RO          819    .text.__NVIC_EnableIRQ  stm32f4xx_hal_cortex.o
    0x08007750   0x08007750   0x00000010   Code   RO          811    .text.__NVIC_GetPriorityGrouping  stm32f4xx_hal_cortex.o
    0x08007760   0x08007760   0x00000042   Code   RO          813    .text.__NVIC_SetPriority  stm32f4xx_hal_cortex.o
    0x080077a2   0x080077a2   0x00000002   PAD
    0x080077a4   0x080077a4   0x0000003c   Code   RO          807    .text.__NVIC_SetPriorityGrouping  stm32f4xx_hal_cortex.o
    0x080077e0   0x080077e0   0x0000007a   Code   RO          160    .text.add_notes     guitar.o
    0x0800785a   0x0800785a   0x00000002   PAD
    0x0800785c   0x0800785c   0x0000003c   Code   RO          206    .text.createDuoTab  main.o
    0x08007898   0x08007898   0x00000140   Code   RO          202    .text.createTab1    main.o
    0x080079d8   0x080079d8   0x00000140   Code   RO          204    .text.createTab2    main.o
    0x08007b18   0x08007b18   0x000000c2   Code   RO          146    .text.display_guitar  guitar.o
    0x08007bda   0x08007bda   0x00000002   PAD
    0x08007bdc   0x08007bdc   0x000000c2   Code   RO          152    .text.display_guitar2  guitar.o
    0x08007c9e   0x08007c9e   0x00000002   PAD
    0x08007ca0   0x08007ca0   0x0000013e   Code   RO          150    .text.display_score  guitar.o
    0x08007dde   0x08007dde   0x00000002   PAD
    0x08007de0   0x08007de0   0x00000022   Code   RO          162    .text.el_condor     guitar.o
    0x08007e02   0x08007e02   0x00000002   PAD
    0x08007e04   0x08007e04   0x000000f4   Code   RO          156    .text.gameOver      guitar.o
    0x08007ef8   0x08007ef8   0x0000001a   Code   RO          210    .text.getFrequency  main.o
    0x08007f12   0x08007f12   0x00000002   PAD
    0x08007f14   0x08007f14   0x000002e0   Code   RO          208    .text.getIdNote     main.o
    0x080081f4   0x080081f4   0x000000ec   Code   RO          212    .text.getTextNote   main.o
    0x080082e0   0x080082e0   0x00000036   Code   RO           71    .text.glyph_index   ili9341_font.o
    0x08008316   0x08008316   0x00000002   PAD
    0x08008318   0x08008318   0x00000158   Code   RO           94    .text.ili9341_clip_rect  ili9341_gfx.o
    0x08008470   0x08008470   0x000001ca   Code   RO          112    .text.ili9341_draw_char  ili9341_gfx.o
    0x0800863a   0x0800863a   0x00000002   PAD
    0x0800863c   0x0800863c   0x00000232   Code   RO          102    .text.ili9341_draw_circle  ili9341_gfx.o
    0x0800886e   0x0800886e   0x00000002   PAD
    0x08008870   0x08008870   0x00000088   Code   RO           92    .text.ili9341_draw_pixel  ili9341_gfx.o
    0x080088f8   0x080088f8   0x000000ce   Code   RO          114    .text.ili9341_draw_string  ili9341_gfx.o
    0x080089c6   0x080089c6   0x00000002   PAD
    0x080089c8   0x080089c8   0x00000132   Code   RO           98    .text.ili9341_fill_rect  ili9341_gfx.o
    0x08008afa   0x08008afa   0x00000002   PAD
    0x08008afc   0x08008afc   0x0000002a   Code   RO          108    .text.ili9341_fill_screen  ili9341_gfx.o
    0x08008b26   0x08008b26   0x00000002   PAD
    0x08008b28   0x08008b28   0x0000036c   Code   RO           15    .text.ili9341_initialize  ili9341.o
    0x08008e94   0x08008e94   0x000002e6   Code   RO           11    .text.ili9341_new   ili9341.o
    0x0800917a   0x0800917a   0x00000002   PAD
    0x0800917c   0x0800917c   0x00000034   Code   RO           57    .text.ili9341_reset  ili9341.o
    0x080091b0   0x080091b0   0x00000046   Code   RO           59    .text.ili9341_screen_rotation  ili9341.o
    0x080091f6   0x080091f6   0x00000002   PAD
    0x080091f8   0x080091f8   0x00000064   Code   RO           13    .text.ili9341_screen_size  ili9341.o
    0x0800925c   0x0800925c   0x00000034   Code   RO           43    .text.ili9341_spi_slave_release  ili9341.o
    0x08009290   0x08009290   0x00000034   Code   RO           41    .text.ili9341_spi_slave_select  ili9341.o
    0x080092c4   0x080092c4   0x00000016   Code   RO           39    .text.ili9341_spi_tft_release  ili9341.o
    0x080092da   0x080092da   0x00000002   PAD
    0x080092dc   0x080092dc   0x00000016   Code   RO           37    .text.ili9341_spi_tft_select  ili9341.o
    0x080092f2   0x080092f2   0x00000002   PAD
    0x080092f4   0x080092f4   0x000000a2   Code   RO           86    .text.ili9341_spi_tft_set_address_rect  ili9341_gfx.o
    0x08009396   0x08009396   0x00000002   PAD
    0x08009398   0x08009398   0x00000016   Code   RO           29    .text.ili9341_spi_touch_release  ili9341.o
    0x080093ae   0x080093ae   0x00000002   PAD
    0x080093b0   0x080093b0   0x00000016   Code   RO           27    .text.ili9341_spi_touch_select  ili9341.o
    0x080093c6   0x080093c6   0x00000002   PAD
    0x080093c8   0x080093c8   0x00000070   Code   RO           45    .text.ili9341_spi_write_command  ili9341.o
    0x08009438   0x08009438   0x00000078   Code   RO           51    .text.ili9341_spi_write_command_data  ili9341.o
    0x080094b0   0x080094b0   0x00000072   Code   RO           47    .text.ili9341_spi_write_data  ili9341.o
    0x08009522   0x08009522   0x00000002   PAD
    0x08009524   0x08009524   0x00000048   Code   RO           90    .text.ili9341_transmit_color  ili9341_gfx.o
    0x0800956c   0x0800956c   0x00000026   Code   RO           88    .text.ili9341_transmit_wait  ili9341_gfx.o
    0x08009592   0x08009592   0x00000002   PAD
    0x08009594   0x08009594   0x000000b8   Code   RO          144    .text.initGame      guitar.o
    0x0800964c   0x0800964c   0x00000004   PAD
    0x08009650   0x08009650   0x000000d0   Code   RO          158    .text.liveScore     guitar.o
    0x08009720   0x08009720   0x000002ca   Code   RO          220    .text.main          main.o
    0x080099ea   0x080099ea   0x00000002   PAD
    0x080099ec   0x080099ec   0x000000c2   Code   RO          154    .text.next_state    guitar.o
    0x08009aae   0x08009aae   0x0000003e   Code   RO         1996    CL$$btod_d2e        c_w.l(btod.o)
    0x08009aec   0x08009aec   0x00000046   Code   RO         1998    CL$$btod_d2e_denorm_low  c_w.l(btod.o)
    0x08009b32   0x08009b32   0x00000060   Code   RO         1997    CL$$btod_d2e_norm_op1  c_w.l(btod.o)
    0x08009b92   0x08009b92   0x00000002   PAD
    0x08009b94   0x08009b94   0x00000338   Code   RO         2006    CL$$btod_div_common  c_w.l(btod.o)
    0x08009ecc   0x08009ecc   0x000000dc   Code   RO         2003    CL$$btod_e2e        c_w.l(btod.o)
    0x08009fa8   0x08009fa8   0x0000002a   Code   RO         2000    CL$$btod_ediv       c_w.l(btod.o)
    0x08009fd2   0x08009fd2   0x0000002a   Code   RO         1999    CL$$btod_emul       c_w.l(btod.o)
    0x08009ffc   0x08009ffc   0x00000244   Code   RO         2005    CL$$btod_mult_common  c_w.l(btod.o)
    0x0800a240   0x0800a240   0x00000030   Code   RO         1971    i.__ARM_fpclassify  m_wm.l(fpclassify.o)
    0x0800a270   0x0800a270   0x000000c8   Code   RO         1667    i.__hardfp_sin      m_wm.l(sin.o)
    0x0800a338   0x0800a338   0x00000438   Code   RO         1889    i.__ieee754_rem_pio2  m_wm.l(rred.o)
    0x0800a770   0x0800a770   0x00000170   Code   RO         1872    i.__kernel_cos      m_wm.l(cos_i.o)
    0x0800a8e0   0x0800a8e0   0x000000f8   Code   RO         1973    i.__kernel_poly     m_wm.l(poly.o)
    0x0800a9d8   0x0800a9d8   0x00000130   Code   RO         1894    i.__kernel_sin      m_wm.l(sin_i.o)
    0x0800ab08   0x0800ab08   0x00000014   Code   RO         1876    i.__mathlib_dbl_infnan  m_wm.l(dunder.o)
    0x0800ab1c   0x0800ab1c   0x00000004   PAD
    0x0800ab20   0x0800ab20   0x00000020   Code   RO         1878    i.__mathlib_dbl_invalid  m_wm.l(dunder.o)
    0x0800ab40   0x0800ab40   0x00000020   Code   RO         1881    i.__mathlib_dbl_underflow  m_wm.l(dunder.o)
    0x0800ab60   0x0800ab60   0x0000000e   Code   RO         1769    i._is_digit         c_w.l(__printf_wp.o)
    0x0800ab6e   0x0800ab6e   0x00000018   Code   RO         1967    i.fabs              m_wm.l(fabs.o)
    0x0800ab86   0x0800ab86   0x00000002   PAD
    0x0800ab88   0x0800ab88   0x0000002c   Code   RO         2021    locale$$code        c_w.l(lc_numeric_c.o)
    0x0800abb4   0x0800abb4   0x0000002c   Code   RO         2058    locale$$code        c_w.l(lc_ctype_c.o)
    0x0800abe0   0x0800abe0   0x00000018   Code   RO         1853    x$fpl$basic         fz_wm.l(basic.o)
    0x0800abf8   0x0800abf8   0x00000062   Code   RO         1635    x$fpl$d2f           fz_wm.l(d2f.o)
    0x0800ac5a   0x0800ac5a   0x00000002   PAD
    0x0800ac5c   0x0800ac5c   0x00000150   Code   RO         1637    x$fpl$dadd          fz_wm.l(daddsub_clz.o)
    0x0800adac   0x0800adac   0x000002b4   Code   RO         1644    x$fpl$ddiv          fz_wm.l(ddiv.o)
    0x0800b060   0x0800b060   0x0000005e   Code   RO         1647    x$fpl$dfix          fz_wm.l(dfix.o)
    0x0800b0be   0x0800b0be   0x00000002   PAD
    0x0800b0c0   0x0800b0c0   0x0000005a   Code   RO         1651    x$fpl$dfixu         fz_wm.l(dfixu.o)
    0x0800b11a   0x0800b11a   0x0000002e   Code   RO         1656    x$fpl$dflt          fz_wm.l(dflt_clz.o)
    0x0800b148   0x0800b148   0x00000026   Code   RO         1655    x$fpl$dfltu         fz_wm.l(dflt_clz.o)
    0x0800b16e   0x0800b16e   0x00000002   PAD
    0x0800b170   0x0800b170   0x00000154   Code   RO         1661    x$fpl$dmul          fz_wm.l(dmul.o)
    0x0800b2c4   0x0800b2c4   0x0000009c   Code   RO         1855    x$fpl$dnaninf       fz_wm.l(dnaninf.o)
    0x0800b360   0x0800b360   0x0000000c   Code   RO         1857    x$fpl$dretinf       fz_wm.l(dretinf.o)
    0x0800b36c   0x0800b36c   0x00000016   Code   RO         1638    x$fpl$drsb          fz_wm.l(daddsub_clz.o)
    0x0800b382   0x0800b382   0x00000002   PAD
    0x0800b384   0x0800b384   0x000001dc   Code   RO         1639    x$fpl$dsub          fz_wm.l(daddsub_clz.o)
    0x0800b560   0x0800b560   0x00000056   Code   RO         1663    x$fpl$f2d           fz_wm.l(f2d.o)
    0x0800b5b6   0x0800b5b6   0x0000008c   Code   RO         1859    x$fpl$fnaninf       fz_wm.l(fnaninf.o)
    0x0800b642   0x0800b642   0x0000001a   Code   RO         1963    x$fpl$fpinit        fz_wm.l(fpinit.o)
    0x0800b65c   0x0800b65c   0x0000000a   Code   RO         1861    x$fpl$fretinf       fz_wm.l(fretinf.o)
    0x0800b666   0x0800b666   0x00000004   Code   RO         1863    x$fpl$printf1       fz_wm.l(printf1.o)
    0x0800b66a   0x0800b66a   0x00000004   Code   RO         1865    x$fpl$printf2       fz_wm.l(printf2.o)
    0x0800b66e   0x0800b66e   0x00000000   Code   RO         1871    x$fpl$usenofp       fz_wm.l(usenofp.o)
    0x0800b66e   0x0800b66e   0x00000002   PAD
    0x0800b670   0x0800b670   0x00000008   Data   RO         1728    .constdata          c_w.l(_printf_wctomb.o)
    0x0800b678   0x0800b678   0x00000028   Data   RO         1757    .constdata          c_w.l(_printf_hex_int_ll_ptr.o)
    0x0800b6a0   0x0800b6a0   0x00000011   Data   RO         1777    .constdata          c_w.l(__printf_flags_ss_wp.o)
    0x0800b6b1   0x0800b6b1   0x00000007   PAD
    0x0800b6b8   0x0800b6b8   0x00000030   Data   RO         1873    .constdata          m_wm.l(cos_i.o)
    0x0800b6e8   0x0800b6e8   0x000000cc   Data   RO         1891    .constdata          m_wm.l(rred.o)
    0x0800b7b4   0x0800b7b4   0x00000004   PAD
    0x0800b7b8   0x0800b7b8   0x00000028   Data   RO         1895    .constdata          m_wm.l(sin_i.o)
    0x0800b7e0   0x0800b7e0   0x00000026   Data   RO         1943    .constdata          c_w.l(_printf_fp_hex.o)
    0x0800b806   0x0800b806   0x00000002   PAD
    0x0800b808   0x0800b808   0x00000094   Data   RO         1994    .constdata          c_w.l(bigflt0.o)
    0x0800b89c   0x0800b89c   0x00000010   Data   RO         1552    .rodata.AHBPrescTable  system_stm32f4xx.o
    0x0800b8ac   0x0800b8ac   0x00000008   Data   RO         1553    .rodata.APBPrescTable  system_stm32f4xx.o
    0x0800b8b4   0x0800b8b4   0x00000008   Data   RO          731    .rodata.DMA_CalcBaseAndBitshift.flagBitshiftOffset  stm32f4xx_hal_dma.o
    0x0800b8bc   0x0800b8bc   0x00000002   Data   RO          116    .rodata.ILI9341_BLACK  ili9341_gfx.o
    0x0800b8be   0x0800b8be   0x00000002   Data   RO          125    .rodata.ILI9341_BLUE  ili9341_gfx.o
    0x0800b8c0   0x0800b8c0   0x00000002   Data   RO          126    .rodata.ILI9341_GREEN  ili9341_gfx.o
    0x0800b8c2   0x0800b8c2   0x00000002   Data   RO          128    .rodata.ILI9341_RED  ili9341_gfx.o
    0x0800b8c4   0x0800b8c4   0x00000002   Data   RO          131    .rodata.ILI9341_WHITE  ili9341_gfx.o
    0x0800b8c6   0x0800b8c6   0x00000d5e   Data   RO           74    .rodata.ili9341_font_11x18  ili9341_font.o
    0x0800c624   0x0800c624   0x0000134e   Data   RO           75    .rodata.ili9341_font_16x26  ili9341_font.o
    0x0800d972   0x0800d972   0x00000020   Data   RO          186    .rodata.str1.1      guitar.o
    0x0800d992   0x0800d992   0x00000089   Data   RO          236    .rodata.str1.1      main.o
    0x0800da1b   0x0800da1b   0x00000001   PAD
    0x0800da1c   0x0800da1c   0x00000020   Data   RO         2117    Region$$Table       anon$$obj.o
    0x0800da3c   0x0800da3c   0x0000001c   Data   RO         2020    locale$$data        c_w.l(lc_numeric_c.o)
    0x0800da58   0x0800da58   0x00000110   Data   RO         2057    locale$$data        c_w.l(lc_ctype_c.o)


    Execution Region RW_IRAM1 (Exec base: 0x20000000, Load base: 0x0800db68, Size: 0x00005b28, Max: 0x00020000, ABSOLUTE, COMPRESSED[0x00000070])

    Exec Addr    Load Addr    Size         Type   Attr      Idx    E Section Name        Object

    0x20000000   COMPRESSED   0x00000040   Data   RW          178    .data.FREQX         guitar.o
    0x20000040   COMPRESSED   0x00000004   Data   RW         1551    .data.SystemCoreClock  system_stm32f4xx.o
    0x20000044   COMPRESSED   0x00000004   Data   RW          240    .data.current_tab   main.o
    0x20000048   COMPRESSED   0x00000190   Data   RW          190    .data.el_condor_length_bass  guitar.o
    0x200001d8   COMPRESSED   0x00000064   Data   RW          189    .data.el_condor_notes_bass  guitar.o
    0x2000023c   COMPRESSED   0x00000004   Data   RW          247    .data.fps           main.o
    0x20000240   COMPRESSED   0x00000004   Data   RW          245    .data.frameUp       main.o
    0x20000244   COMPRESSED   0x00000004   Data   RW          176    .data.position_us   guitar.o
    0x20000248   COMPRESSED   0x00000004   Data   RW          237    .data.text_note     main.o
    0x2000024c   COMPRESSED   0x00000001   Data   RW          931    .data.uwTickFreq    stm32f4xx_hal.o
    0x2000024d   COMPRESSED   0x00000003   PAD
    0x20000250   COMPRESSED   0x00000004   Data   RW          930    .data.uwTickPrio    stm32f4xx_hal.o
    0x20000254   COMPRESSED   0x00000004   PAD
    0x20000258        -       0x00000060   Zero   RW         1902    .bss                c_w.l(libspace.o)
    0x200002b8        -       0x00000004   Zero   RW          233    .bss.ID_note        main.o
    0x200002bc        -       0x00000001   Zero   RW          250    .bss.ID_note_received  main.o
    0x200002bd        -       0x00000001   Zero   RW          251    .bss.ID_note_sent   main.o
    0x200002be   COMPRESSED   0x00000002   PAD
    0x200002c0        -       0x00000040   Zero   RW          177    .bss.POSX           guitar.o
    0x20000300        -       0x00000004   Zero   RW          182    .bss._screen        guitar.o
    0x20000304        -       0x00000004   Zero   RW          181    .bss.current_time   guitar.o
    0x20000308        -       0x00000004   Zero   RW          231    .bss.distanceCm     main.o
    0x2000030c        -       0x00000004   Zero   RW          230    .bss.flag_captured  main.o
    0x20000310        -       0x00000004   Zero   RW          234    .bss.frequency1     main.o
    0x20000314        -       0x00000004   Zero   RW          235    .bss.frequency2     main.o
    0x20000318        -       0x00000004   Zero   RW          253    .bss.full_timer     main.o
    0x2000031c        -       0x0000000c   Zero   RW          183    .bss.guitar         guitar.o
    0x20000328        -       0x0000000c   Zero   RW          185    .bss.guitar2        guitar.o
    0x20000334        -       0x00000014   Zero   RW          282    .bss.hdac           dac.o
    0x20000348        -       0x00000060   Zero   RW          283    .bss.hdma_dac1      dac.o
    0x200003a8        -       0x00000060   Zero   RW          306    .bss.hdma_spi1_tx   spi.o
    0x20000408        -       0x00000060   Zero   RW          352    .bss.hdma_uart5_tx  usart.o
    0x20000468        -       0x00000058   Zero   RW          305    .bss.hspi1          spi.o
    0x200004c0        -       0x00000048   Zero   RW          330    .bss.htim1          tim.o
    0x20000508        -       0x00000048   Zero   RW          334    .bss.htim12         tim.o
    0x20000550        -       0x00000048   Zero   RW          331    .bss.htim2          tim.o
    0x20000598        -       0x00000048   Zero   RW          332    .bss.htim4          tim.o
    0x200005e0        -       0x00000048   Zero   RW          333    .bss.htim5          tim.o
    0x20000628        -       0x00000044   Zero   RW          351    .bss.huart2         usart.o
    0x2000066c        -       0x00000044   Zero   RW          350    .bss.huart5         usart.o
    0x200006b0        -       0x00000004   Zero   RW          255    .bss.life           main.o
    0x200006b4        -       0x00000004   Zero   RW          184    .bss.nextNoteUp     guitar.o
    0x200006b8        -       0x00000001   Zero   RW          254    .bss.rxdata         main.o
    0x200006b9   COMPRESSED   0x00000001   PAD
    0x200006ba        -       0x00000800   Zero   RW          135    .bss.spi_tx_block   ili9341_gfx.o
    0x20000eba   COMPRESSED   0x00000002   PAD
    0x20000ebc        -       0x00000004   Zero   RW          242    .bss.t1             main.o
    0x20000ec0        -       0x00000004   Zero   RW          243    .bss.t2             main.o
    0x20000ec4        -       0x00000fa0   Zero   RW          239    .bss.tab_value1     main.o
    0x20001e64        -       0x00000fa0   Zero   RW          252    .bss.tab_value2     main.o
    0x20002e04        -       0x00000fa0   Zero   RW          256    .bss.tab_valueSin1  main.o
    0x20003da4        -       0x00000fa0   Zero   RW          257    .bss.tab_valueSin2  main.o
    0x20004d44        -       0x00000004   Zero   RW          246    .bss.timerFPS       main.o
    0x20004d48        -       0x00000004   Zero   RW          932    .bss.uwTick         stm32f4xx_hal.o
    0x20004d4c        -       0x00000004   Zero   RW          228    .bss.value1         main.o
    0x20004d50        -       0x00000004   Zero   RW          229    .bss.value2         main.o
    0x20004d54        -       0x000003e8   Zero   RW          179    .bss.voice1         guitar.o
    0x2000513c        -       0x000003e8   Zero   RW          180    .bss.voice2         guitar.o
    0x20005524   COMPRESSED   0x00000004   PAD
    0x20005528        -       0x00000200   Zero   RW            2    HEAP                startup_stm32f446xx.o
    0x20005728        -       0x00000400   Zero   RW            1    STACK               startup_stm32f446xx.o


==============================================================================

Image component sizes


      Code (inc. data)   RO Data    RW Data    ZI Data      Debug   Object Name

       306          0          0          0        116       4719   dac.o
       132          0          0          0          0       3613   dma.o
       490          0          0          0          0       4398   gpio.o
      1692          8         32        568       2100      10384   guitar.o
      2378          8          0          0          0      13264   ili9341.o
        54          0       8364          0          0       1061   ili9341_font.o
      2326          0         10          0       2048      14290   ili9341_gfx.o
      3342        128        137         16      16051      12842   main.o
       324          0          0          0        184       7091   spi.o
        64         26        452          0       1536        948   startup_stm32f446xx.o
       276          0          0          5          4       7398   stm32f4xx_hal.o
       490          0          0          0          0       9618   stm32f4xx_hal_cortex.o
       772          0          0          0          0       6727   stm32f4xx_hal_dac.o
       112          0          0          0          0       5031   stm32f4xx_hal_dac_ex.o
      2082          8          8          0          0       8563   stm32f4xx_hal_dma.o
      1070          0          0          0          0       5279   stm32f4xx_hal_gpio.o
        82          0          0          0          0       1678   stm32f4xx_hal_msp.o
       690          0          0          0          0       7786   stm32f4xx_hal_rcc.o
      2198         14          0          0          0      11106   stm32f4xx_hal_rcc_ex.o
      2586          0          0          0          0      19759   stm32f4xx_hal_spi.o
      6246         28          0          0          0      35847   stm32f4xx_hal_tim.o
       306          0          0          0          0      15351   stm32f4xx_hal_tim_ex.o
      3104          0          0          0          0      20205   stm32f4xx_hal_uart.o
       144          0          0          0          0       1939   stm32f4xx_it.o
        18          0         24          4          0       2708   system_stm32f4xx.o
      1434          0          0          0        360       9825   tim.o
       586          0          0          0        232       7399   usart.o

    ----------------------------------------------------------------------
     33490        220       9060        596      22644     248829   Object Totals
         0          0         32          0          0          0   (incl. Generated)
       186          0          1          3         13          0   (incl. Padding)

    ----------------------------------------------------------------------

      Code (inc. data)   RO Data    RW Data    ZI Data      Debug   Library Member Name

        90          0          0          0          0          0   __dczerorl2.o
         8          0          0          0          0         68   __main.o
       392          4         17          0          0         92   __printf_flags_ss_wp.o
        14          0          0          0          0         68   __printf_wp.o
         0          0          0          0          0          0   __rtentry.o
        12          0          0          0          0          0   __rtentry2.o
         6          0          0          0          0          0   __rtentry4.o
        52          8          0          0          0          0   __scatter.o
        28          0          0          0          0          0   __scatter_zi.o
        72          0          0          0          0         96   _c16rtomb.o
         6          0          0          0          0          0   _printf_a.o
         6          0          0          0          0          0   _printf_c.o
        44          0          0          0          0        108   _printf_char.o
        48          6          0          0          0         96   _printf_char_common.o
        40          0          0          0          0         68   _printf_charcount.o
         6          0          0          0          0          0   _printf_d.o
       120         16          0          0          0         92   _printf_dec.o
         6          0          0          0          0          0   _printf_e.o
         6          0          0          0          0          0   _printf_f.o
      1052          0          0          0          0        148   _printf_fp_dec.o
       764          8         38          0          0        100   _printf_fp_hex.o
       128         16          0          0          0         84   _printf_fp_infnan.o
         6          0          0          0          0          0   _printf_g.o
       148          4         40          0          0        160   _printf_hex_int_ll_ptr.o
         6          0          0          0          0          0   _printf_i.o
       178          0          0          0          0         88   _printf_intcommon.o
        10          0          0          0          0          0   _printf_l.o
         6          0          0          0          0          0   _printf_lc.o
        10          0          0          0          0          0   _printf_ll.o
         6          0          0          0          0          0   _printf_lld.o
         6          0          0          0          0          0   _printf_lli.o
         6          0          0          0          0          0   _printf_llo.o
         6          0          0          0          0          0   _printf_llu.o
         6          0          0          0          0          0   _printf_llx.o
       124         16          0          0          0         92   _printf_longlong_dec.o
         6          0          0          0          0          0   _printf_ls.o
         6          0          0          0          0          0   _printf_n.o
         6          0          0          0          0          0   _printf_o.o
       112          8          0          0          0        124   _printf_oct_int_ll.o
         6          0          0          0          0          0   _printf_p.o
        78          0          0          0          0        108   _printf_pad.o
         0          0          0          0          0          0   _printf_percent.o
         4          0          0          0          0          0   _printf_percent_end.o
         6          0          0          0          0          0   _printf_s.o
        82          0          0          0          0         80   _printf_str.o
        36          0          0          0          0         84   _printf_truncate.o
         6          0          0          0          0          0   _printf_u.o
        44          0          0          0          0        108   _printf_wchar.o
       188          6          8          0          0         92   _printf_wctomb.o
         6          0          0          0          0          0   _printf_x.o
        22          0          0          0          0        100   _rserrno.o
        10          0          0          0          0         68   _sputc.o
       228          4        148          0          0         96   bigflt0.o
      1936        128          0          0          0        668   btod.o
        10          0          0          0          0         68   defsig_exit.o
        50          0          0          0          0         88   defsig_general.o
        80         58          0          0          0         76   defsig_rtmem_inner.o
        14          0          0          0          0         80   defsig_rtmem_outer.o
        18          0          0          0          0         80   exit.o
        94          0          0          0          0         80   h1_alloc.o
        52          0          0          0          0         68   h1_extend.o
        78          0          0          0          0         80   h1_free.o
        14          0          0          0          0         84   h1_init.o
         6          0          0          0          0        152   heapauxi.o
         4          0          0          0          0        136   hguard.o
         0          0          0          0          0          0   indicate_semi.o
       138          0          0          0          0        168   init_alloc.o
        44         10        272          0          0         76   lc_ctype_c.o
        44         10         28          0          0         76   lc_numeric_c.o
         2          0          0          0          0          0   libinit.o
        42          0          0          0          0          0   libinit2.o
         2          0          0          0          0          0   libshutdown.o
         2          0          0          0          0          0   libshutdown2.o
         8          4          0          0         96         68   libspace.o
       138          0          0          0          0         80   lludiv10.o
       240          0          0          0          0        100   lludivv7m.o
         0          0          0          0          0          0   maybetermalloc1.o
        16          4          0          0          0         76   rt_ctype_table.o
         8          4          0          0          0         68   rt_errno_addr_intlibspace.o
         8          4          0          0          0         68   rt_heap_descriptor_intlibspace.o
         8          4          0          0          0         68   rt_locale_intlibspace.o
        78          0          0          0          0         80   rt_memclr_w.o
         2          0          0          0          0          0   rtexit.o
        10          0          0          0          0          0   rtexit2.o
        44          6          0          0          0         84   sprintf.o
       124          0          0          0          0         88   strcmpv7em.o
        12          4          0          0          0         68   sys_exit.o
        74          0          0          0          0         80   sys_stackheap_outer.o
        14          0          0          0          0         76   sys_wrch.o
         2          0          0          0          0         68   use_no_semi.o
        24          0          0          0          0        164   basic.o
        98          4          0          0          0        140   d2f.o
       834         16          0          0          0        516   daddsub_clz.o
       692        140          0          0          0        264   ddiv.o
        94          4          0          0          0        140   dfix.o
        90          4          0          0          0        140   dfixu.o
        84          0          0          0          0        232   dflt_clz.o
       340         12          0          0          0        152   dmul.o
       156          4          0          0          0        140   dnaninf.o
        12          0          0          0          0        116   dretinf.o
        86          4          0          0          0        132   f2d.o
       140          4          0          0          0        132   fnaninf.o
        26          0          0          0          0        116   fpinit.o
        10          0          0          0          0        116   fretinf.o
         4          0          0          0          0        116   printf1.o
         4          0          0          0          0        116   printf2.o
         0          0          0          0          0          0   usenofp.o
       368         46         48          0          0        200   cos_i.o
        84         16          0          0          0        372   dunder.o
        24          0          0          0          0        124   fabs.o
        48          0          0          0          0        124   fpclassify.o
       248          0          0          0          0        152   poly.o
      1080        142        204          0          0        188   rred.o
       200         20          0          0          0        164   sin.o
       304         24         40          0          0        208   sin_i.o

    ----------------------------------------------------------------------
     12762        772        856          0         96       9536   Library Totals
        32          0         13          0          0          0   (incl. Padding)

    ----------------------------------------------------------------------

      Code (inc. data)   RO Data    RW Data    ZI Data      Debug   Library Name

      7680        332        551          0         96       5272   c_w.l
      2694        192          0          0          0       2732   fz_wm.l
      2356        248        292          0          0       1532   m_wm.l

    ----------------------------------------------------------------------
     12762        772        856          0         96       9536   Library Totals

    ----------------------------------------------------------------------

==============================================================================


      Code (inc. data)   RO Data    RW Data    ZI Data      Debug   

     46252        992       9916        596      22740     252253   Grand Totals
     46252        992       9916        112      22740     252253   ELF Image Totals (compressed)
     46252        992       9916        112          0          0   ROM Totals

==============================================================================

    Total RO  Size (Code + RO Data)                56168 (  54.85kB)
    Total RW  Size (RW Data + ZI Data)             23336 (  22.79kB)
    Total ROM Size (Code + RO Data + RW Data)      56280 (  54.96kB)

==============================================================================

