Component: Arm Compiler for Embedded 6.19 Tool: armlink [5e73cb00]

==============================================================================

Section Cross References

    startup_stm32f446xx.o(RESET) refers to startup_stm32f446xx.o(STACK) for __initial_sp
    startup_stm32f446xx.o(RESET) refers to startup_stm32f446xx.o(.text) for Reset_Handler
    startup_stm32f446xx.o(RESET) refers to stm32f4xx_it.o(.text.NMI_Handler) for NMI_Handler
    startup_stm32f446xx.o(RESET) refers to stm32f4xx_it.o(.text.HardFault_Handler) for HardFault_Handler
    startup_stm32f446xx.o(RESET) refers to stm32f4xx_it.o(.text.MemManage_Handler) for MemManage_Handler
    startup_stm32f446xx.o(RESET) refers to stm32f4xx_it.o(.text.BusFault_Handler) for BusFault_Handler
    startup_stm32f446xx.o(RESET) refers to stm32f4xx_it.o(.text.UsageFault_Handler) for UsageFault_Handler
    startup_stm32f446xx.o(RESET) refers to stm32f4xx_it.o(.text.SVC_Handler) for SVC_Handler
    startup_stm32f446xx.o(RESET) refers to stm32f4xx_it.o(.text.DebugMon_Handler) for DebugMon_Handler
    startup_stm32f446xx.o(RESET) refers to stm32f4xx_it.o(.text.PendSV_Handler) for PendSV_Handler
    startup_stm32f446xx.o(RESET) refers to stm32f4xx_it.o(.text.SysTick_Handler) for SysTick_Handler
    startup_stm32f446xx.o(RESET) refers to stm32f4xx_it.o(.text.TIM2_IRQHandler) for TIM2_IRQHandler
    startup_stm32f446xx.o(RESET) refers to stm32f4xx_it.o(.text.SPI1_IRQHandler) for SPI1_IRQHandler
    startup_stm32f446xx.o(RESET) refers to stm32f4xx_it.o(.text.DMA1_Stream7_IRQHandler) for DMA1_Stream7_IRQHandler
    startup_stm32f446xx.o(RESET) refers to stm32f4xx_it.o(.text.UART5_IRQHandler) for UART5_IRQHandler
    startup_stm32f446xx.o(RESET) refers to stm32f4xx_it.o(.text.DMA2_Stream3_IRQHandler) for DMA2_Stream3_IRQHandler
    startup_stm32f446xx.o(.text) refers to system_stm32f4xx.o(.text.SystemInit) for SystemInit
    startup_stm32f446xx.o(.text) refers to entry.o(.ARM.Collect$$$$00000000) for __main
    ili9341.o(.text.ili9341_new) refers to malloc.o(i.malloc) for malloc
    ili9341.o(.text.ili9341_new) refers to ili9341.o(.text.ili9341_screen_size) for ili9341_screen_size
    ili9341.o(.text.ili9341_new) refers to ili9341.o(.text.ili9341_initialize) for ili9341_initialize
    ili9341.o(.ARM.exidx.text.ili9341_new) refers to ili9341.o(.text.ili9341_new) for [Anonymous Symbol]
    ili9341.o(.ARM.exidx.text.ili9341_screen_size) refers to ili9341.o(.text.ili9341_screen_size) for [Anonymous Symbol]
    ili9341.o(.text.ili9341_initialize) refers to ili9341.o(.text.ili9341_reset) for ili9341_reset
    ili9341.o(.text.ili9341_initialize) refers to ili9341.o(.text.ili9341_spi_tft_select) for ili9341_spi_tft_select
    ili9341.o(.text.ili9341_initialize) refers to ili9341.o(.text.ili9341_spi_write_command) for ili9341_spi_write_command
    ili9341.o(.text.ili9341_initialize) refers to stm32f4xx_hal.o(.text.HAL_Delay) for HAL_Delay
    ili9341.o(.text.ili9341_initialize) refers to ili9341.o(.text.ili9341_spi_write_command_data) for ili9341_spi_write_command_data
    ili9341.o(.text.ili9341_initialize) refers to ili9341.o(.text.ili9341_screen_rotation) for ili9341_screen_rotation
    ili9341.o(.text.ili9341_initialize) refers to ili9341.o(.text.ili9341_spi_tft_release) for ili9341_spi_tft_release
    ili9341.o(.ARM.exidx.text.ili9341_initialize) refers to ili9341.o(.text.ili9341_initialize) for [Anonymous Symbol]
    ili9341.o(.text.ili9341_touch_interrupt) refers to ili9341.o(.text.ili9341_touch_coordinate) for ili9341_touch_coordinate
    ili9341.o(.ARM.exidx.text.ili9341_touch_interrupt) refers to ili9341.o(.text.ili9341_touch_interrupt) for [Anonymous Symbol]
    ili9341.o(.text.ili9341_touch_coordinate) refers to ili9341.o(.text.ili9341_spi_touch_select) for ili9341_spi_touch_select
    ili9341.o(.text.ili9341_touch_coordinate) refers to ili9341.o(.text.ili9341_touch_pressed) for ili9341_touch_pressed
    ili9341.o(.text.ili9341_touch_coordinate) refers to ili9341.o(.data.ili9341_touch_coordinate.x_cmd) for ili9341_touch_coordinate.x_cmd
    ili9341.o(.text.ili9341_touch_coordinate) refers to stm32f4xx_hal_spi.o(.text.HAL_SPI_Transmit) for HAL_SPI_Transmit
    ili9341.o(.text.ili9341_touch_coordinate) refers to stm32f4xx_hal_spi.o(.text.HAL_SPI_TransmitReceive) for HAL_SPI_TransmitReceive
    ili9341.o(.text.ili9341_touch_coordinate) refers to ili9341.o(.data.ili9341_touch_coordinate.y_cmd) for ili9341_touch_coordinate.y_cmd
    ili9341.o(.text.ili9341_touch_coordinate) refers to ili9341.o(.bss.ili9341_touch_coordinate.sleep) for ili9341_touch_coordinate.sleep
    ili9341.o(.text.ili9341_touch_coordinate) refers to ili9341.o(.text.ili9341_spi_touch_release) for ili9341_spi_touch_release
    ili9341.o(.text.ili9341_touch_coordinate) refers to ili9341.o(.text.ili9341_project_touch_coordinate) for ili9341_project_touch_coordinate
    ili9341.o(.ARM.exidx.text.ili9341_touch_coordinate) refers to ili9341.o(.text.ili9341_touch_coordinate) for [Anonymous Symbol]
[...]
    [Anonymous Symbol]                       0x08000e14   Section        0  adc.o(.text.HAL_ADC_MspInit)
    [Anonymous Symbol]                       0x08000e9c   Section        0  stm32f4xx_hal_adc.o(.text.HAL_ADC_Start)
    [Anonymous Symbol]                       0x0800106c   Section        0  stm32f4xx_hal_dma.o(.text.HAL_DMA_Abort)
    [Anonymous Symbol]                       0x08001158   Section        0  stm32f4xx_hal_dma.o(.text.HAL_DMA_Abort_IT)
    [Anonymous Symbol]                       0x0800119c   Section        0  stm32f4xx_hal_dma.o(.text.HAL_DMA_GetState)
    [Anonymous Symbol]                       0x080011ac   Section        0  stm32f4xx_hal_dma.o(.text.HAL_DMA_IRQHandler)
    [Anonymous Symbol]                       0x080014cc   Section        0  stm32f4xx_hal_dma.o(.text.HAL_DMA_Init)
    [Anonymous Symbol]                       0x0800163c   Section        0  stm32f4xx_hal_dma.o(.text.HAL_DMA_Start_IT)
    [Anonymous Symbol]                       0x08001700   Section        0  stm32f4xx_hal.o(.text.HAL_Delay)
    [Anonymous Symbol]                       0x08001744   Section        0  stm32f4xx_hal_gpio.o(.text.HAL_GPIO_Init)
    [Anonymous Symbol]                       0x08001ae0   Section        0  stm32f4xx_hal_gpio.o(.text.HAL_GPIO_WritePin)
    [Anonymous Symbol]                       0x08001b10   Section        0  stm32f4xx_hal.o(.text.HAL_GetTick)
    [Anonymous Symbol]                       0x08001b1c   Section        0  stm32f4xx_hal.o(.text.HAL_IncTick)
    [Anonymous Symbol]                       0x08001b38   Section        0  stm32f4xx_hal.o(.text.HAL_Init)
    [Anonymous Symbol]                       0x08001b74   Section        0  stm32f4xx_hal.o(.text.HAL_InitTick)
    [Anonymous Symbol]                       0x08001be4   Section        0  stm32f4xx_hal_msp.o(.text.HAL_MspInit)
    [Anonymous Symbol]                       0x08001c38   Section        0  stm32f4xx_hal_cortex.o(.text.HAL_NVIC_EnableIRQ)
    [Anonymous Symbol]                       0x08001c4c   Section        0  stm32f4xx_hal_cortex.o(.text.HAL_NVIC_SetPriority)
    [Anonymous Symbol]                       0x08001c80   Section        0  stm32f4xx_hal_cortex.o(.text.HAL_NVIC_SetPriorityGrouping)
    [Anonymous Symbol]                       0x08001c90   Section        0  stm32f4xx_hal_rcc.o(.text.HAL_RCC_ClockConfig)
    [Anonymous Symbol]                       0x08001ef4   Section        0  stm32f4xx_hal_rcc.o(.text.HAL_RCC_GetHCLKFreq)
    [Anonymous Symbol]                       0x08001f00   Section        0  stm32f4xx_hal_rcc.o(.text.HAL_RCC_GetPCLK1Freq)
    [Anonymous Symbol]                       0x08001f24   Section        0  stm32f4xx_hal_rcc.o(.text.HAL_RCC_GetPCLK2Freq)
    [Anonymous Symbol]                       0x08001f48   Section        0  stm32f4xx_hal_rcc_ex.o(.text.HAL_RCC_GetSysClockFreq)
    [Anonymous Symbol]                       0x080020b8   Section        0  stm32f4xx_hal_rcc_ex.o(.text.HAL_RCC_OscConfig)
    [Anonymous Symbol]                       0x080027e0   Section        0  stm32f4xx_hal_spi.o(.text.HAL_SPI_ErrorCallback)
    [Anonymous Symbol]                       0x080027e8   Section        0  stm32f4xx_hal_spi.o(.text.HAL_SPI_IRQHandler)
    [Anonymous Symbol]                       0x08002a18   Section        0  stm32f4xx_hal_spi.o(.text.HAL_SPI_Init)
    [Anonymous Symbol]                       0x08002b18   Section        0  spi.o(.text.HAL_SPI_MspInit)
    [Anonymous Symbol]                       0x08002c10   Section        0  stm32f4xx_hal_spi.o(.text.HAL_SPI_Transmit)
    [Anonymous Symbol]                       0x08002e94   Section        0  stm32f4xx_hal_spi.o(.text.HAL_SPI_Transmit_DMA)
    [Anonymous Symbol]                       0x08003004   Section        0  stm32f4xx_hal_spi.o(.text.HAL_SPI_TxCpltCallback)
    [Anonymous Symbol]                       0x0800300c   Section        0  stm32f4xx_hal_spi.o(.text.HAL_SPI_TxHalfCpltCallback)
    [Anonymous Symbol]                       0x08003014   Section        0  main.o(.text.HAL_SYSTICK_Callback)
    [Anonymous Symbol]                       0x0800306c   Section        0  stm32f4xx_hal_cortex.o(.text.HAL_SYSTICK_Config)
    [Anonymous Symbol]                       0x0800307c   Section        0  stm32f4xx_hal_cortex.o(.text.HAL_SYSTICK_IRQHandler)
    [Anonymous Symbol]                       0x08003084   Section        0  stm32f4xx_hal_tim_ex.o(.text.HAL_TIMEx_BreakCallback)
    [Anonymous Symbol]                       0x0800308c   Section        0  stm32f4xx_hal_tim_ex.o(.text.HAL_TIMEx_CommutCallback)
    [Anonymous Symbol]                       0x08003094   Section        0  stm32f4xx_hal_tim_ex.o(.text.HAL_TIMEx_MasterConfigSynchronization)
    [Anonymous Symbol]                       0x080031b8   Section        0  stm32f4xx_hal_tim.o(.text.HAL_TIM_Base_Init)
    [Anonymous Symbol]                       0x08003254   Section        0  tim.o(.text.HAL_TIM_Base_MspInit)
    [Anonymous Symbol]                       0x08003310   Section        0  stm32f4xx_hal_tim.o(.text.HAL_TIM_ConfigClockSource)
    [Anonymous Symbol]                       0x08003494   Section        0  stm32f4xx_hal_tim.o(.text.HAL_TIM_IC_CaptureCallback)
    [Anonymous Symbol]                       0x0800349c   Section        0  stm32f4xx_hal_tim.o(.text.HAL_TIM_IRQHandler)
    [Anonymous Symbol]                       0x08003718   Section        0  stm32f4xx_hal_tim.o(.text.HAL_TIM_OC_DelayElapsedCallback)
    [Anonymous Symbol]                       0x08003720   Section        0  stm32f4xx_hal_tim.o(.text.HAL_TIM_PWM_PulseFinishedCallback)
    [Anonymous Symbol]                       0x08003728   Section        0  stm32f4xx_hal_tim.o(.text.HAL_TIM_PeriodElapsedCallback)
    [Anonymous Symbol]                       0x08003730   Section        0  stm32f4xx_hal_tim.o(.text.HAL_TIM_TriggerCallback)
    [Anonymous Symbol]                       0x08003738   Section        0  stm32f4xx_hal_uart.o(.text.HAL_UARTEx_RxEventCallback)
    [Anonymous Symbol]                       0x08003744   Section        0  stm32f4xx_hal_uart.o(.text.HAL_UART_ErrorCallback)
    [Anonymous Symbol]                       0x0800374c   Section        0  stm32f4xx_hal_uart.o(.text.HAL_UART_IRQHandler)
    [Anonymous Symbol]                       0x08003b6c   Section        0  stm32f4xx_hal_uart.o(.text.HAL_UART_Init)
    [Anonymous Symbol]                       0x08003c08   Section        0  usart.o(.text.HAL_UART_MspInit)
    [Anonymous Symbol]                       0x08003dd4   Section        0  stm32f4xx_hal_uart.o(.text.HAL_UART_Receive_IT)
    [Anonymous Symbol]                       0x08003e4c   Section        0  stm32f4xx_hal_uart.o(.text.HAL_UART_RxCpltCallback)
    [Anonymous Symbol]                       0x08003e54   Section        0  stm32f4xx_hal_uart.o(.text.HAL_UART_Transmit)
    [Anonymous Symbol]                       0x08003fa4   Section        0  stm32f4xx_hal_uart.o(.text.HAL_UART_Transmit_DMA)
    [Anonymous Symbol]                       0x080040b4   Section        0  stm32f4xx_hal_uart.o(.text.HAL_UART_TxCpltCallback)
    [Anonymous Symbol]                       0x080040bc   Section        0  stm32f4xx_hal_uart.o(.text.HAL_UART_TxHalfCpltCallback)
    [Anonymous Symbol]                       0x080040c4   Section        0  stm32f4xx_it.o(.text.HardFault_Handler)
    [Anonymous Symbol]                       0x080040c8   Section        0  adc.o(.text.MX_ADC1_Init)
    [Anonymous Symbol]                       0x08004148   Section        0  dma.o(.text.MX_DMA_Init)
    [Anonymous Symbol]                       0x080041bc   Section        0  gpio.o(.text.MX_GPIO_Init)
    [Anonymous Symbol]                       0x08004364   Section        0  spi.o(.text.MX_SPI1_Init)
    [Anonymous Symbol]                       0x080043b4   Section        0  tim.o(.text.MX_TIM12_Init)
    [Anonymous Symbol]                       0x08004414   Section        0  tim.o(.text.MX_TIM1_Init)
    [Anonymous Symbol]                       0x08004498   Section        0  tim.o(.text.MX_TIM2_Init)
    [Anonymous Symbol]                       0x08004518   Section        0  usart.o(.text.MX_UART5_Init)
    [Anonymous Symbol]                       0x08004558   Section        0  usart.o(.text.MX_USART2_UART_Init)
    [Anonymous Symbol]                       0x08004598   Section        0  stm32f4xx_it.o(.text.MemManage_Handler)
    [Anonymous Symbol]                       0x0800459c   Section        0  stm32f4xx_it.o(.text.NMI_Handler)
    NVIC_EncodePriority                      0x080045a1   Thumb Code   108  stm32f4xx_hal_cortex.o(.text.NVIC_EncodePriority)
    [Anonymous Symbol]                       0x080045a0   Section        0  stm32f4xx_hal_cortex.o(.text.NVIC_EncodePriority)
    [Anonymous Symbol]                       0x0800460c   Section        0  stm32f4xx_it.o(.text.PendSV_Handler)
    [Anonymous Symbol]                       0x08004610   Section        0  stm32f4xx_it.o(.text.SPI1_IRQHandler)
    SPI_DMAAbortOnError                      0x08004621   Thumb Code    32  stm32f4xx_hal_spi.o(.text.SPI_DMAAbortOnError)
    [Anonymous Symbol]                       0x08004620   Section        0  stm32f4xx_hal_spi.o(.text.SPI_DMAAbortOnError)
    SPI_DMAError                             0x08004641   Thumb Code    52  stm32f4xx_hal_spi.o(.text.SPI_DMAError)
    [Anonymous Symbol]                       0x08004640   Section        0  stm32f4xx_hal_spi.o(.text.SPI_DMAError)
    SPI_DMAHalfTransmitCplt                  0x08004675   Thumb Code    22  stm32f4xx_hal_spi.o(.text.SPI_DMAHalfTransmitCplt)
    [Anonymous Symbol]                       0x08004674   Section        0  stm32f4xx_hal_spi.o(.text.SPI_DMAHalfTransmitCplt)
    SPI_DMATransmitCplt                      0x0800468d   Thumb Code   166  stm32f4xx_hal_spi.o(.text.SPI_DMATransmitCplt)
    [Anonymous Symbol]                       0x0800468c   Section        0  stm32f4xx_hal_spi.o(.text.SPI_DMATransmitCplt)
    SPI_EndRxTxTransaction                   0x08004735   Thumb Code   164  stm32f4xx_hal_spi.o(.text.SPI_EndRxTxTransaction)
    [Anonymous Symbol]                       0x08004734   Section        0  stm32f4xx_hal_spi.o(.text.SPI_EndRxTxTransaction)
    SPI_WaitFlagStateUntilTimeout            0x080047d9   Thumb Code   298  stm32f4xx_hal_spi.o(.text.SPI_WaitFlagStateUntilTimeout)
    [Anonymous Symbol]                       0x080047d8   Section        0  stm32f4xx_hal_spi.o(.text.SPI_WaitFlagStateUntilTimeout)
    [Anonymous Symbol]                       0x08004904   Section        0  stm32f4xx_it.o(.text.SVC_Handler)
    SysTick_Config                           0x08004909   Thumb Code    82  stm32f4xx_hal_cortex.o(.text.SysTick_Config)
    [Anonymous Symbol]                       0x08004908   Section        0  stm32f4xx_hal_cortex.o(.text.SysTick_Config)
    [Anonymous Symbol]                       0x0800495c   Section        0  stm32f4xx_it.o(.text.SysTick_Handler)
    [Anonymous Symbol]                       0x08004974   Section        0  main.o(.text.SystemClock_Config)
    [Anonymous Symbol]                       0x08004a2c   Section        0  system_stm32f4xx.o(.text.SystemInit)
    [Anonymous Symbol]                       0x08004a40   Section        0  stm32f4xx_it.o(.text.TIM2_IRQHandler)
    [Anonymous Symbol]                       0x08004a50   Section        0  stm32f4xx_hal_tim.o(.text.TIM_Base_SetConfig)
    [Anonymous Symbol]                       0x08004bec   Section        0  stm32f4xx_hal_tim.o(.text.TIM_ETR_SetConfig)
    TIM_ITRx_SetConfig                       0x08004c21   Thumb Code    42  stm32f4xx_hal_tim.o(.text.TIM_ITRx_SetConfig)
    [Anonymous Symbol]                       0x08004c20   Section        0  stm32f4xx_hal_tim.o(.text.TIM_ITRx_SetConfig)
    TIM_TI1_ConfigInputStage                 0x08004c4d   Thumb Code    80  stm32f4xx_hal_tim.o(.text.TIM_TI1_ConfigInputStage)
    [Anonymous Symbol]                       0x08004c4c   Section        0  stm32f4xx_hal_tim.o(.text.TIM_TI1_ConfigInputStage)
    TIM_TI2_ConfigInputStage                 0x08004c9d   Thumb Code    82  stm32f4xx_hal_tim.o(.text.TIM_TI2_ConfigInputStage)
    [Anonymous Symbol]                       0x08004c9c   Section        0  stm32f4xx_hal_tim.o(.text.TIM_TI2_ConfigInputStage)
    [Anonymous Symbol]                       0x08004cf0   Section        0  stm32f4xx_it.o(.text.UART5_IRQHandler)
    UART_DMAAbortOnError                     0x08004d01   Thumb Code    32  stm32f4xx_hal_uart.o(.text.UART_DMAAbortOnError)
    [Anonymous Symbol]                       0x08004d00   Section        0  stm32f4xx_hal_uart.o(.text.UART_DMAAbortOnError)
    UART_DMAError                            0x08004d21   Thumb Code   124  stm32f4xx_hal_uart.o(.text.UART_DMAError)
    [Anonymous Symbol]                       0x08004d20   Section        0  stm32f4xx_hal_uart.o(.text.UART_DMAError)
    UART_DMATransmitCplt                     0x08004d9d   Thumb Code   122  stm32f4xx_hal_uart.o(.text.UART_DMATransmitCplt)
    [Anonymous Symbol]                       0x08004d9c   Section        0  stm32f4xx_hal_uart.o(.text.UART_DMATransmitCplt)
    UART_DMATxHalfCplt                       0x08004e19   Thumb Code    22  stm32f4xx_hal_uart.o(.text.UART_DMATxHalfCplt)
    [Anonymous Symbol]                       0x08004e18   Section        0  stm32f4xx_hal_uart.o(.text.UART_DMATxHalfCplt)
    UART_EndRxTransfer                       0x08004e31   Thumb Code   148  stm32f4xx_hal_uart.o(.text.UART_EndRxTransfer)
    [Anonymous Symbol]                       0x08004e30   Section        0  stm32f4xx_hal_uart.o(.text.UART_EndRxTransfer)
    UART_EndTransmit_IT                      0x08004ec5   Thumb Code    38  stm32f4xx_hal_uart.o(.text.UART_EndTransmit_IT)
    [Anonymous Symbol]                       0x08004ec4   Section        0  stm32f4xx_hal_uart.o(.text.UART_EndTransmit_IT)
    UART_EndTxTransfer                       0x08004eed   Thumb Code    54  stm32f4xx_hal_uart.o(.text.UART_EndTxTransfer)
    [Anonymous Symbol]                       0x08004eec   Section        0  stm32f4xx_hal_uart.o(.text.UART_EndTxTransfer)
    UART_Receive_IT                          0x08004f25   Thumb Code   356  stm32f4xx_hal_uart.o(.text.UART_Receive_IT)
    [Anonymous Symbol]                       0x08004f24   Section        0  stm32f4xx_hal_uart.o(.text.UART_Receive_IT)
    UART_SetConfig                           0x08005089   Thumb Code   314  stm32f4xx_hal_uart.o(.text.UART_SetConfig)
    [Anonymous Symbol]                       0x08005088   Section        0  stm32f4xx_hal_uart.o(.text.UART_SetConfig)
    [Anonymous Symbol]                       0x080051c4   Section        0  stm32f4xx_hal_uart.o(.text.UART_Start_Receive_IT)
    UART_Transmit_IT                         0x08005235   Thumb Code   148  stm32f4xx_hal_uart.o(.text.UART_Transmit_IT)
    [Anonymous Symbol]                       0x08005234   Section        0  stm32f4xx_hal_uart.o(.text.UART_Transmit_IT)
    UART_WaitOnFlagUntilTimeout              0x080052c9   Thumb Code   210  stm32f4xx_hal_uart.o(.text.UART_WaitOnFlagUntilTimeout)
    [Anonymous Symbol]                       0x080052c8   Section        0  stm32f4xx_hal_uart.o(.text.UART_WaitOnFlagUntilTimeout)
    [Anonymous Symbol]                       0x0800539c   Section        0  stm32f4xx_it.o(.text.UsageFault_Handler)
    __NVIC_EnableIRQ                         0x080053a1   Thumb Code    48  stm32f4xx_hal_cortex.o(.text.__NVIC_EnableIRQ)
    [Anonymous Symbol]                       0x080053a0   Section        0  stm32f4xx_hal_cortex.o(.text.__NVIC_EnableIRQ)
    __NVIC_GetPriorityGrouping               0x080053d1   Thumb Code    16  stm32f4xx_hal_cortex.o(.text.__NVIC_GetPriorityGrouping)
    [Anonymous Symbol]                       0x080053d0   Section        0  stm32f4xx_hal_cortex.o(.text.__NVIC_GetPriorityGrouping)
    __NVIC_SetPriority                       0x080053e1   Thumb Code    66  stm32f4xx_hal_cortex.o(.text.__NVIC_SetPriority)
    [Anonymous Symbol]                       0x080053e0   Section        0  stm32f4xx_hal_cortex.o(.text.__NVIC_SetPriority)
    __NVIC_SetPriorityGrouping               0x08005425   Thumb Code    60  stm32f4xx_hal_cortex.o(.text.__NVIC_SetPriorityGrouping)
    [Anonymous Symbol]                       0x08005424   Section        0  stm32f4xx_hal_cortex.o(.text.__NVIC_SetPriorityGrouping)
    [Anonymous Symbol]                       0x08005460   Section        0  guitar.o(.text.add_notes)
    [Anonymous Symbol]                       0x080054dc   Section        0  guitar.o(.text.display_guitar)
    [Anonymous Symbol]                       0x080055c8   Section        0  guitar.o(.text.display_score)
    [Anonymous Symbol]                       0x08005708   Section        0  guitar.o(.text.el_condor)
    [Anonymous Symbol]                       0x08005748   Section        0  main.o(.text.fputc)
    [Anonymous Symbol]                       0x0800576c   Section        0  guitar.o(.text.gameOver)
    [Anonymous Symbol]                       0x08005858   Section        0  ili9341_font.o(.text.glyph_index)
    ili9341_clip_rect                        0x08005891   Thumb Code   344  ili9341_gfx.o(.text.ili9341_clip_rect)
    [Anonymous Symbol]                       0x08005890   Section        0  ili9341_gfx.o(.text.ili9341_clip_rect)
    [Anonymous Symbol]                       0x080059e8   Section        0  ili9341_gfx.o(.text.ili9341_draw_char)
    [Anonymous Symbol]                       0x08005bb4   Section        0  ili9341_gfx.o(.text.ili9341_draw_circle)
    [Anonymous Symbol]                       0x08005de8   Section        0  ili9341_gfx.o(.text.ili9341_draw_pixel)
    [Anonymous Symbol]                       0x08005e70   Section        0  ili9341_gfx.o(.text.ili9341_draw_string)
    [Anonymous Symbol]                       0x08005f40   Section        0  ili9341_gfx.o(.text.ili9341_fill_rect)
    [Anonymous Symbol]                       0x08006074   Section        0  ili9341_gfx.o(.text.ili9341_fill_screen)
    ili9341_initialize                       0x080060a1   Thumb Code   876  ili9341.o(.text.ili9341_initialize)
    [Anonymous Symbol]                       0x080060a0   Section        0  ili9341.o(.text.ili9341_initialize)
    [Anonymous Symbol]                       0x0800640c   Section        0  ili9341.o(.text.ili9341_new)
    ili9341_reset                            0x080066f5   Thumb Code    52  ili9341.o(.text.ili9341_reset)
    [Anonymous Symbol]                       0x080066f4   Section        0  ili9341.o(.text.ili9341_reset)
    ili9341_screen_rotation                  0x08006729   Thumb Code    70  ili9341.o(.text.ili9341_screen_rotation)
    [Anonymous Symbol]                       0x08006728   Section        0  ili9341.o(.text.ili9341_screen_rotation)
    ili9341_screen_size                      0x08006771   Thumb Code   100  ili9341.o(.text.ili9341_screen_size)
    [Anonymous Symbol]                       0x08006770   Section        0  ili9341.o(.text.ili9341_screen_size)
    [Anonymous Symbol]                       0x080067d4   Section        0  ili9341.o(.text.ili9341_spi_slave_release)
    [Anonymous Symbol]                       0x08006808   Section        0  ili9341.o(.text.ili9341_spi_slave_select)
    [Anonymous Symbol]                       0x0800683c   Section        0  ili9341.o(.text.ili9341_spi_tft_release)
    [Anonymous Symbol]                       0x08006854   Section        0  ili9341.o(.text.ili9341_spi_tft_select)
    [Anonymous Symbol]                       0x0800686c   Section        0  ili9341_gfx.o(.text.ili9341_spi_tft_set_address_rect)
    [Anonymous Symbol]                       0x08006910   Section        0  ili9341.o(.text.ili9341_spi_touch_release)
    [Anonymous Symbol]                       0x08006928   Section        0  ili9341.o(.text.ili9341_spi_touch_select)
    [Anonymous Symbol]                       0x08006940   Section        0  ili9341.o(.text.ili9341_spi_write_command)
    [Anonymous Symbol]                       0x080069b0   Section        0  ili9341.o(.text.ili9341_spi_write_command_data)
    [Anonymous Symbol]                       0x08006a28   Section        0  ili9341.o(.text.ili9341_spi_write_data)
    [Anonymous Symbol]                       0x08006a9c   Section        0  ili9341_gfx.o(.text.ili9341_transmit_color)
    [Anonymous Symbol]                       0x08006ae4   Section        0  ili9341_gfx.o(.text.ili9341_transmit_wait)
    [Anonymous Symbol]                       0x08006b0c   Section        0  guitar.o(.text.initGame)
    [Anonymous Symbol]                       0x08006bbc   Section        0  main.o(.text.main)
    [Anonymous Symbol]                       0x08006d88   Section        0  guitar.o(.text.next_state)
    i.__0printf                              0x08006de4   Section        0  printfa.o(i.__0printf)
    i.__0sprintf                             0x08006e04   Section        0  printfa.o(i.__0sprintf)
    i.__scatterload_copy                     0x08006e2c   Section       14  handlers.o(i.__scatterload_copy)
    i.__scatterload_null                     0x08006e3a   Section        2  handlers.o(i.__scatterload_null)
    i.__scatterload_zeroinit                 0x08006e3c   Section       14  handlers.o(i.__scatterload_zeroinit)
    _fp_digits                               0x08006e4d   Thumb Code   366  printfa.o(i._fp_digits)
    i._fp_digits                             0x08006e4c   Section        0  printfa.o(i._fp_digits)
    _printf_core                             0x08006fd1   Thumb Code  1744  printfa.o(i._printf_core)
    i._printf_core                           0x08006fd0   Section        0  printfa.o(i._printf_core)
    _printf_post_padding                     0x080076ad   Thumb Code    36  printfa.o(i._printf_post_padding)
    i._printf_post_padding                   0x080076ac   Section        0  printfa.o(i._printf_post_padding)
    _printf_pre_padding                      0x080076d1   Thumb Code    46  printfa.o(i._printf_pre_padding)
    i._printf_pre_padding                    0x080076d0   Section        0  printfa.o(i._printf_pre_padding)
    _sputc                                   0x080076ff   Thumb Code    10  printfa.o(i._sputc)
    i._sputc                                 0x080076fe   Section        0  printfa.o(i._sputc)
    i.malloc                                 0x08007708   Section        0  malloc.o(i.malloc)
    DMA_CalcBaseAndBitshift.flagBitshiftOffset 0x0800778c   Data           8  stm32f4xx_hal_dma.o(.rodata.DMA_CalcBaseAndBitshift.flagBitshiftOffset)
    [Anonymous Symbol]                       0x0800778c   Section        0  stm32f4xx_hal_dma.o(.rodata.DMA_CalcBaseAndBitshift.flagBitshiftOffset)
    .L.str                                   0x08009848   Data          10  guitar.o(.rodata.str1.1)
    [Anonymous Symbol]                       0x08009848   Section        0  guitar.o(.rodata.str1.1)
    .L.str.1                                 0x08009852   Data          11  guitar.o(.rodata.str1.1)
    .L.str                                   0x0800985d   Data          12  main.o(.rodata.str1.1)
    [Anonymous Symbol]                       0x0800985d   Section        0  main.o(.rodata.str1.1)
    .L.str.1                                 0x08009869   Data          12  main.o(.rodata.str1.1)
    .data                                    0x20000000   Section        4  stdout.o(.data)
    .data                                    0x20000004   Section        4  mvars.o(.data)
    .data                                    0x20000008   Section        4  mvars.o(.data)
    spi_tx_block                             0x20000730   Data        2048  ili9341_gfx.o(.bss.spi_tx_block)
    [Anonymous Symbol]                       0x20000730   Section        0  ili9341_gfx.o(.bss.spi_tx_block)
    HEAP                                     0x20001708   Section      512  startup_stm32f446xx.o(HEAP)
    STACK                                    0x20001908   Section     1024  startup_stm32f446xx.o(STACK)

    Global Symbols

    Symbol Name                              Value     Ov Type        Size  Object(Section)

    BuildAttributes$$THM_ISAv4$E$P$D$K$B$S$7EM$VFPi3$EXTD16$VFPS$VFMA$PE$A:L22UL41UL21$X:L11$S22US41US21$IEEE1$IW$~IW$USESV6$~STKCKD$USESV7$~SHL$OTIME$ROPI$EBA8$MICROLIB$REQ8$PRES8$EABIv2 0x00000000   Number         0  anon$$obj.o ABSOLUTE
    __cpp_initialize__aeabi_                  - Undefined Weak Reference
    __cxa_finalize                            - Undefined Weak Reference
    _clock_init                               - Undefined Weak Reference
    _microlib_exit                            - Undefined Weak Reference
    __Vectors_Size                           0x000001c4   Number         0  startup_stm32f446xx.o ABSOLUTE
    __Vectors                                0x08000000   Data           4  startup_stm32f446xx.o(RESET)
    __Vectors_End                            0x080001c4   Data           0  startup_stm32f446xx.o(RESET)
    __main                                   0x080001c5   Thumb Code     0  entry.o(.ARM.Collect$$$$00000000)
    _main_stk                                0x080001c5   Thumb Code     0  entry2.o(.ARM.Collect$$$$00000001)
    _main_scatterload                        0x080001c9   Thumb Code     0  entry5.o(.ARM.Collect$$$$00000004)
    __main_after_scatterload                 0x080001cd   Thumb Code     0  entry5.o(.ARM.Collect$$$$00000004)
    _main_clock                              0x080001cd   Thumb Code     0  entry7b.o(.ARM.Collect$$$$00000008)
    _main_cpp_init                           0x080001cd   Thumb Code     0  entry8b.o(.ARM.Collect$$$$0000000A)
    _main_init                               0x080001cd   Thumb Code     0  entry9a.o(.ARM.Collect$$$$0000000B)
    __rt_final_cpp                           0x080001d5   Thumb Code     0  entry10a.o(.ARM.Collect$$$$0000000D)
    __rt_final_exit                          0x080001d5   Thumb Code     0  entry11a.o(.ARM.Collect$$$$0000000F)
    Reset_Handler                            0x080001d9   Thumb Code     8  startup_stm32f446xx.o(.text)
    ADC_IRQHandler                           0x080001f3   Thumb Code     0  startup_stm32f446xx.o(.text)
    CAN1_RX0_IRQHandler                      0x080001f3   Thumb Code     0  startup_stm32f446xx.o(.text)
    CAN1_RX1_IRQHandler                      0x080001f3   Thumb Code     0  startup_stm32f446xx.o(.text)
    CAN1_SCE_IRQHandler                      0x080001f3   Thumb Code     0  startup_stm32f446xx.o(.text)
    CAN1_TX_IRQHandler                       0x080001f3   Thumb Code     0  startup_stm32f446xx.o(.text)
    CAN2_RX0_IRQHandler                      0x080001f3   Thumb Code     0  startup_stm32f446xx.o(.text)
    CAN2_RX1_IRQHandler                      0x080001f3   Thumb Code     0  startup_stm32f446xx.o(.text)
    CAN2_SCE_IRQHandler                      0x080001f3   Thumb Code     0  startup_stm32f446xx.o(.text)
    CAN2_TX_IRQHandler                       0x080001f3   Thumb Code     0  startup_stm32f446xx.o(.text)
    CEC_IRQHandler                           0x080001f3   Thumb Code     0  startup_stm32f446xx.o(.text)
    DCMI_IRQHandler                          0x080001f3   Thumb Code     0  startup_stm32f446xx.o(.text)
    DMA1_Stream0_IRQHandler                  0x080001f3   Thumb Code     0  startup_stm32f446xx.o(.text)
    DMA1_Stream1_IRQHandler                  0x080001f3   Thumb Code     0  startup_stm32f446xx.o(.text)
    DMA1_Stream2_IRQHandler                  0x080001f3   Thumb Code     0  startup_stm32f446xx.o(.text)
    DMA1_Stream3_IRQHandler                  0x080001f3   Thumb Code     0  startup_stm32f446xx.o(.text)
    DMA1_Stream4_IRQHandler                  0x080001f3   Thumb Code     0  startup_stm32f446xx.o(.text)
    DMA1_Stream5_IRQHandler                  0x080001f3   Thumb Code     0  startup_stm32f446xx.o(.text)
    DMA1_Stream6_IRQHandler                  0x080001f3   Thumb Code     0  startup_stm32f446xx.o(.text)
    DMA2_Stream0_IRQHandler                  0x080001f3   Thumb Code     0  startup_stm32f446xx.o(.text)
    DMA2_Stream1_IRQHandler                  0x080001f3   Thumb Code     0  startup_stm32f446xx.o(.text)
    DMA2_Stream2_IRQHandler                  0x080001f3   Thumb Code     0  startup_stm32f446xx.o(.text)
    DMA2_Stream4_IRQHandler                  0x080001f3   Thumb Code     0  startup_stm32f446xx.o(.text)
    DMA2_Stream5_IRQHandler                  0x080001f3   Thumb Code     0  startup_stm32f446xx.o(.text)
    DMA2_Stream6_IRQHandler                  0x080001f3   Thumb Code     0  startup_stm32f446xx.o(.text)
    DMA2_Stream7_IRQHandler                  0x080001f3   Thumb Code     0  startup_stm32f446xx.o(.text)
    EXTI0_IRQHandler                         0x080001f3   Thumb Code     0  startup_stm32f446xx.o(.text)
    EXTI15_10_IRQHandler                     0x080001f3   Thumb Code     0  startup_stm32f446xx.o(.text)
    EXTI1_IRQHandler                         0x080001f3   Thumb Code     0  startup_stm32f446xx.o(.text)
    EXTI2_IRQHandler                         0x080001f3   Thumb Code     0  startup_stm32f446xx.o(.text)
    EXTI3_IRQHandler                         0x080001f3   Thumb Code     0  startup_stm32f446xx.o(.text)
    EXTI4_IRQHandler                         0x080001f3   Thumb Code     0  startup_stm32f446xx.o(.text)
    EXTI9_5_IRQHandler                       0x080001f3   Thumb Code     0  startup_stm32f446xx.o(.text)
    FLASH_IRQHandler                         0x080001f3   Thumb Code     0  startup_stm32f446xx.o(.text)
    FMC_IRQHandler                           0x080001f3   Thumb Code     0  startup_stm32f446xx.o(.text)
    FMPI2C1_ER_IRQHandler                    0x080001f3   Thumb Code     0  startup_stm32f446xx.o(.text)
    FMPI2C1_EV_IRQHandler                    0x080001f3   Thumb Code     0  startup_stm32f446xx.o(.text)
    FPU_IRQHandler                           0x080001f3   Thumb Code     0  startup_stm32f446xx.o(.text)
    I2C1_ER_IRQHandler                       0x080001f3   Thumb Code     0  startup_stm32f446xx.o(.text)
    I2C1_EV_IRQHandler                       0x080001f3   Thumb Code     0  startup_stm32f446xx.o(.text)
    I2C2_ER_IRQHandler                       0x080001f3   Thumb Code     0  startup_stm32f446xx.o(.text)
    I2C2_EV_IRQHandler                       0x080001f3   Thumb Code     0  startup_stm32f446xx.o(.text)
    I2C3_ER_IRQHandler                       0x080001f3   Thumb Code     0  startup_stm32f446xx.o(.text)
    I2C3_EV_IRQHandler                       0x080001f3   Thumb Code     0  startup_stm32f446xx.o(.text)
    OTG_FS_IRQHandler                        0x080001f3   Thumb Code     0  startup_stm32f446xx.o(.text)
    OTG_FS_WKUP_IRQHandler                   0x080001f3   Thumb Code     0  startup_stm32f446xx.o(.text)
    OTG_HS_EP1_IN_IRQHandler                 0x080001f3   Thumb Code     0  startup_stm32f446xx.o(.text)
    OTG_HS_EP1_OUT_IRQHandler                0x080001f3   Thumb Code     0  startup_stm32f446xx.o(.text)
    OTG_HS_IRQHandler                        0x080001f3   Thumb Code     0  startup_stm32f446xx.o(.text)
    OTG_HS_WKUP_IRQHandler                   0x080001f3   Thumb Code     0  startup_stm32f446xx.o(.text)
    PVD_IRQHandler                           0x080001f3   Thumb Code     0  startup_stm32f446xx.o(.text)
    QUADSPI_IRQHandler                       0x080001f3   Thumb Code     0  startup_stm32f446xx.o(.text)
    RCC_IRQHandler                           0x080001f3   Thumb Code     0  startup_stm32f446xx.o(.text)
    RTC_Alarm_IRQHandler                     0x080001f3   Thumb Code     0  startup_stm32f446xx.o(.text)
    RTC_WKUP_IRQHandler                      0x080001f3   Thumb Code     0  startup_stm32f446xx.o(.text)
    SAI1_IRQHandler                          0x080001f3   Thumb Code     0  startup_stm32f446xx.o(.text)
    SAI2_IRQHandler                          0x080001f3   Thumb Code     0  startup_stm32f446xx.o(.text)
    SDIO_IRQHandler                          0x080001f3   Thumb Code     0  startup_stm32f446xx.o(.text)
    SPDIF_RX_IRQHandler                      0x080001f3   Thumb Code     0  startup_stm32f446xx.o(.text)
    SPI2_IRQHandler                          0x080001f3   Thumb Code     0  startup_stm32f446xx.o(.text)
    SPI3_IRQHandler                          0x080001f3   Thumb Code     0  startup_stm32f446xx.o(.text)
    SPI4_IRQHandler                          0x080001f3   Thumb Code     0  startup_stm32f446xx.o(.text)
    TAMP_STAMP_IRQHandler                    0x080001f3   Thumb Code     0  startup_stm32f446xx.o(.text)
    TIM1_BRK_TIM9_IRQHandler                 0x080001f3   Thumb Code     0  startup_stm32f446xx.o(.text)
    TIM1_CC_IRQHandler                       0x080001f3   Thumb Code     0  startup_stm32f446xx.o(.text)
    TIM1_TRG_COM_TIM11_IRQHandler            0x080001f3   Thumb Code     0  startup_stm32f446xx.o(.text)
    TIM1_UP_TIM10_IRQHandler                 0x080001f3   Thumb Code     0  startup_stm32f446xx.o(.text)
    TIM3_IRQHandler                          0x080001f3   Thumb Code     0  startup_stm32f446xx.o(.text)
    TIM4_IRQHandler                          0x080001f3   Thumb Code     0  startup_stm32f446xx.o(.text)
    TIM5_IRQHandler                          0x080001f3   Thumb Code     0  startup_stm32f446xx.o(.text)
    TIM6_DAC_IRQHandler                      0x080001f3   Thumb Code     0  startup_stm32f446xx.o(.text)
    TIM7_IRQHandler                          0x080001f3   Thumb Code     0  startup_stm32f446xx.o(.text)
    TIM8_BRK_TIM12_IRQHandler                0x080001f3   Thumb Code     0  startup_stm32f446xx.o(.text)
    TIM8_CC_IRQHandler                       0x080001f3   Thumb Code     0  startup_stm32f446xx.o(.text)
    TIM8_TRG_COM_TIM14_IRQHandler            0x080001f3   Thumb Code     0  startup_stm32f446xx.o(.text)
    TIM8_UP_TIM13_IRQHandler                 0x080001f3   Thumb Code     0  startup_stm32f446xx.o(.text)
    UART4_IRQHandler                         0x080001f3   Thumb Code     0  startup_stm32f446xx.o(.text)
    USART1_IRQHandler                        0x080001f3   Thumb Code     0  startup_stm32f446xx.o(.text)
    USART2_IRQHandler                        0x080001f3   Thumb Code     0  startup_stm32f446xx.o(.text)
    USART3_IRQHandler                        0x080001f3   Thumb Code     0  startup_stm32f446xx.o(.text)
    USART6_IRQHandler                        0x080001f3   Thumb Code     0  startup_stm32f446xx.o(.text)
    WWDG_IRQHandler                          0x080001f3   Thumb Code     0  startup_stm32f446xx.o(.text)
    __aeabi_uldivmod                         0x080001fd   Thumb Code    98  uldiv.o(.text)
    __aeabi_memset                           0x0800025f   Thumb Code    14  memseta.o(.text)
    __aeabi_memset4                          0x0800025f   Thumb Code     0  memseta.o(.text)
    __aeabi_memset8                          0x0800025f   Thumb Code     0  memseta.o(.text)
    __aeabi_memclr                           0x0800026d   Thumb Code     4  memseta.o(.text)
    __aeabi_memclr4                          0x0800026d   Thumb Code     0  memseta.o(.text)
    __aeabi_memclr8                          0x0800026d   Thumb Code     0  memseta.o(.text)
    _memset$wrapper                          0x08000271   Thumb Code    18  memseta.o(.text)
    __aeabi_dadd                             0x08000283   Thumb Code   322  dadd.o(.text)
    __aeabi_dsub                             0x080003c5   Thumb Code     6  dadd.o(.text)
    __aeabi_drsub                            0x080003cb   Thumb Code     6  dadd.o(.text)
    __aeabi_i2d                              0x080003d1   Thumb Code    34  dflti.o(.text)
    __aeabi_uidiv                            0x080003f3   Thumb Code     0  uidiv.o(.text)
    __aeabi_uidivmod                         0x080003f3   Thumb Code    44  uidiv.o(.text)
    __aeabi_llsl                             0x0800041f   Thumb Code    30  llshl.o(.text)
    _ll_shift_l                              0x0800041f   Thumb Code     0  llshl.o(.text)
    __aeabi_llsr                             0x0800043d   Thumb Code    32  llushr.o(.text)
    _ll_ushift_r                             0x0800043d   Thumb Code     0  llushr.o(.text)
    __aeabi_lasr                             0x0800045d   Thumb Code    36  llsshr.o(.text)
    _ll_sshift_r                             0x0800045d   Thumb Code     0  llsshr.o(.text)
    __I$use$fp                               0x08000481   Thumb Code     0  iusefp.o(.text)
    _double_round                            0x08000481   Thumb Code    30  depilogue.o(.text)
    _double_epilogue                         0x0800049f   Thumb Code   156  depilogue.o(.text)
    __aeabi_dmul                             0x0800053b   Thumb Code   228  dmul.o(.text)
    __aeabi_ddiv                             0x0800061f   Thumb Code   222  ddiv.o(.text)
    __aeabi_d2ulz                            0x080006fd   Thumb Code    48  dfixul.o(.text)
    __aeabi_cdrcmple                         0x0800072d   Thumb Code    48  cdrcmple.o(.text)
    __scatterload                            0x0800075d   Thumb Code    28  init.o(.text)
    __scatterload_rt2                        0x0800075d   Thumb Code     0  init.o(.text)
    __decompress                             0x08000781   Thumb Code     0  __dczerorl2.o(.text)
    __decompress1                            0x08000781   Thumb Code    86  __dczerorl2.o(.text)
    BusFault_Handler                         0x08000965   Thumb Code     4  stm32f4xx_it.o(.text.BusFault_Handler)
    DMA1_Stream7_IRQHandler                  0x08000969   Thumb Code    16  stm32f4xx_it.o(.text.DMA1_Stream7_IRQHandler)
    DMA2_Stream3_IRQHandler                  0x08000979   Thumb Code    16  stm32f4xx_it.o(.text.DMA2_Stream3_IRQHandler)
    DebugMon_Handler                         0x08000b21   Thumb Code     2  stm32f4xx_it.o(.text.DebugMon_Handler)
    Error_Handler                            0x08000b25   Thumb Code    14  main.o(.text.Error_Handler)
    HAL_ADC_ConfigChannel                    0x08000b35   Thumb Code   568  stm32f4xx_hal_adc.o(.text.HAL_ADC_ConfigChannel)
    HAL_ADC_Init                             0x08000d6d   Thumb Code   168  stm32f4xx_hal_adc.o(.text.HAL_ADC_Init)
    HAL_ADC_MspInit                          0x08000e15   Thumb Code   136  adc.o(.text.HAL_ADC_MspInit)
    HAL_ADC_Start                            0x08000e9d   Thumb Code   464  stm32f4xx_hal_adc.o(.text.HAL_ADC_Start)
    HAL_DMA_Abort                            0x0800106d   Thumb Code   236  stm32f4xx_hal_dma.o(.text.HAL_DMA_Abort)
    HAL_DMA_Abort_IT                         0x08001159   Thumb Code    68  stm32f4xx_hal_dma.o(.text.HAL_DMA_Abort_IT)
    HAL_DMA_GetState                         0x0800119d   Thumb Code    14  stm32f4xx_hal_dma.o(.text.HAL_DMA_GetState)
    HAL_DMA_IRQHandler                       0x080011ad   Thumb Code   798  stm32f4xx_hal_dma.o(.text.HAL_DMA_IRQHandler)
    HAL_DMA_Init                             0x080014cd   Thumb Code   366  stm32f4xx_hal_dma.o(.text.HAL_DMA_Init)
    HAL_DMA_Start_IT                         0x0800163d   Thumb Code   194  stm32f4xx_hal_dma.o(.text.HAL_DMA_Start_IT)
    HAL_Delay                                0x08001701   Thumb Code    66  stm32f4xx_hal.o(.text.HAL_Delay)
    HAL_GPIO_Init                            0x08001745   Thumb Code   922  stm32f4xx_hal_gpio.o(.text.HAL_GPIO_Init)
    HAL_GPIO_WritePin                        0x08001ae1   Thumb Code    46  stm32f4xx_hal_gpio.o(.text.HAL_GPIO_WritePin)
    HAL_GetTick                              0x08001b11   Thumb Code    12  stm32f4xx_hal.o(.text.HAL_GetTick)
    HAL_IncTick                              0x08001b1d   Thumb Code    26  stm32f4xx_hal.o(.text.HAL_IncTick)
    HAL_Init                                 0x08001b39   Thumb Code    60  stm32f4xx_hal.o(.text.HAL_Init)
    HAL_InitTick                             0x08001b75   Thumb Code   112  stm32f4xx_hal.o(.text.HAL_InitTick)
    HAL_MspInit                              0x08001be5   Thumb Code    82  stm32f4xx_hal_msp.o(.text.HAL_MspInit)
    HAL_NVIC_EnableIRQ                       0x08001c39   Thumb Code    20  stm32f4xx_hal_cortex.o(.text.HAL_NVIC_EnableIRQ)
    HAL_NVIC_SetPriority                     0x08001c4d   Thumb Code    50  stm32f4xx_hal_cortex.o(.text.HAL_NVIC_SetPriority)
    HAL_NVIC_SetPriorityGrouping             0x08001c81   Thumb Code    16  stm32f4xx_hal_cortex.o(.text.HAL_NVIC_SetPriorityGrouping)
    HAL_RCC_ClockConfig                      0x08001c91   Thumb Code   610  stm32f4xx_hal_rcc.o(.text.HAL_RCC_ClockConfig)
    HAL_RCC_GetHCLKFreq                      0x08001ef5   Thumb Code    12  stm32f4xx_hal_rcc.o(.text.HAL_RCC_GetHCLKFreq)
    HAL_RCC_GetPCLK1Freq                     0x08001f01   Thumb Code    34  stm32f4xx_hal_rcc.o(.text.HAL_RCC_GetPCLK1Freq)
    HAL_RCC_GetPCLK2Freq                     0x08001f25   Thumb Code    34  stm32f4xx_hal_rcc.o(.text.HAL_RCC_GetPCLK2Freq)
    HAL_RCC_GetSysClockFreq                  0x08001f49   Thumb Code   368  stm32f4xx_hal_rcc_ex.o(.text.HAL_RCC_GetSysClockFreq)
    HAL_RCC_OscConfig                        0x080020b9   Thumb Code  1830  stm32f4xx_hal_rcc_ex.o(.text.HAL_RCC_OscConfig)
    HAL_SPI_ErrorCallback                    0x080027e1   Thumb Code     8  stm32f4xx_hal_spi.o(.text.HAL_SPI_ErrorCallback)
    HAL_SPI_IRQHandler                       0x080027e9   Thumb Code   560  stm32f4xx_hal_spi.o(.text.HAL_SPI_IRQHandler)
    HAL_SPI_Init                             0x08002a19   Thumb Code   256  stm32f4xx_hal_spi.o(.text.HAL_SPI_Init)
    HAL_SPI_MspInit                          0x08002b19   Thumb Code   246  spi.o(.text.HAL_SPI_MspInit)
    HAL_SPI_Transmit                         0x08002c11   Thumb Code   644  stm32f4xx_hal_spi.o(.text.HAL_SPI_Transmit)
    HAL_SPI_Transmit_DMA                     0x08002e95   Thumb Code   368  stm32f4xx_hal_spi.o(.text.HAL_SPI_Transmit_DMA)
    HAL_SPI_TxCpltCallback                   0x08003005   Thumb Code     8  stm32f4xx_hal_spi.o(.text.HAL_SPI_TxCpltCallback)
    HAL_SPI_TxHalfCpltCallback               0x0800300d   Thumb Code     8  stm32f4xx_hal_spi.o(.text.HAL_SPI_TxHalfCpltCallback)
    HAL_SYSTICK_Callback                     0x08003015   Thumb Code    88  main.o(.text.HAL_SYSTICK_Callback)
    HAL_SYSTICK_Config                       0x0800306d   Thumb Code    16  stm32f4xx_hal_cortex.o(.text.HAL_SYSTICK_Config)
    HAL_SYSTICK_IRQHandler                   0x0800307d   Thumb Code     8  stm32f4xx_hal_cortex.o(.text.HAL_SYSTICK_IRQHandler)
    HAL_TIMEx_BreakCallback                  0x08003085   Thumb Code     8  stm32f4xx_hal_tim_ex.o(.text.HAL_TIMEx_BreakCallback)
    HAL_TIMEx_CommutCallback                 0x0800308d   Thumb Code     8  stm32f4xx_hal_tim_ex.o(.text.HAL_TIMEx_CommutCallback)
    HAL_TIMEx_MasterConfigSynchronization    0x08003095   Thumb Code   290  stm32f4xx_hal_tim_ex.o(.text.HAL_TIMEx_MasterConfigSynchronization)
    HAL_TIM_Base_Init                        0x080031b9   Thumb Code   156  stm32f4xx_hal_tim.o(.text.HAL_TIM_Base_Init)
    HAL_TIM_Base_MspInit                     0x08003255   Thumb Code   186  tim.o(.text.HAL_TIM_Base_MspInit)
    HAL_TIM_ConfigClockSource                0x08003311   Thumb Code   388  stm32f4xx_hal_tim.o(.text.HAL_TIM_ConfigClockSource)
    HAL_TIM_IC_CaptureCallback               0x08003495   Thumb Code     8  stm32f4xx_hal_tim.o(.text.HAL_TIM_IC_CaptureCallback)
    HAL_TIM_IRQHandler                       0x0800349d   Thumb Code   634  stm32f4xx_hal_tim.o(.text.HAL_TIM_IRQHandler)
    HAL_TIM_OC_DelayElapsedCallback          0x08003719   Thumb Code     8  stm32f4xx_hal_tim.o(.text.HAL_TIM_OC_DelayElapsedCallback)
    HAL_TIM_PWM_PulseFinishedCallback        0x08003721   Thumb Code     8  stm32f4xx_hal_tim.o(.text.HAL_TIM_PWM_PulseFinishedCallback)
    HAL_TIM_PeriodElapsedCallback            0x08003729   Thumb Code     8  stm32f4xx_hal_tim.o(.text.HAL_TIM_PeriodElapsedCallback)
    HAL_TIM_TriggerCallback                  0x08003731   Thumb Code     8  stm32f4xx_hal_tim.o(.text.HAL_TIM_TriggerCallback)
    HAL_UARTEx_RxEventCallback               0x08003739   Thumb Code    12  stm32f4xx_hal_uart.o(.text.HAL_UARTEx_RxEventCallback)
    HAL_UART_ErrorCallback                   0x08003745   Thumb Code     8  stm32f4xx_hal_uart.o(.text.HAL_UART_ErrorCallback)
    HAL_UART_IRQHandler                      0x0800374d   Thumb Code  1054  stm32f4xx_hal_uart.o(.text.HAL_UART_IRQHandler)
    HAL_UART_Init                            0x08003b6d   Thumb Code   154  stm32f4xx_hal_uart.o(.text.HAL_UART_Init)
    HAL_UART_MspInit                         0x08003c09   Thumb Code   458  usart.o(.text.HAL_UART_MspInit)
    HAL_UART_Receive_IT                      0x08003dd5   Thumb Code   120  stm32f4xx_hal_uart.o(.text.HAL_UART_Receive_IT)
    HAL_UART_RxCpltCallback                  0x08003e4d   Thumb Code     8  stm32f4xx_hal_uart.o(.text.HAL_UART_RxCpltCallback)
    HAL_UART_Transmit                        0x08003e55   Thumb Code   334  stm32f4xx_hal_uart.o(.text.HAL_UART_Transmit)
    HAL_UART_Transmit_DMA                    0x08003fa5   Thumb Code   272  stm32f4xx_hal_uart.o(.text.HAL_UART_Transmit_DMA)
    HAL_UART_TxCpltCallback                  0x080040b5   Thumb Code     8  stm32f4xx_hal_uart.o(.text.HAL_UART_TxCpltCallback)
    HAL_UART_TxHalfCpltCallback              0x080040bd   Thumb Code     8  stm32f4xx_hal_uart.o(.text.HAL_UART_TxHalfCpltCallback)
    HardFault_Handler                        0x080040c5   Thumb Code     4  stm32f4xx_it.o(.text.HardFault_Handler)
    MX_ADC1_Init                             0x080040c9   Thumb Code   128  adc.o(.text.MX_ADC1_Init)
    MX_DMA_Init                              0x08004149   Thumb Code   114  dma.o(.text.MX_DMA_Init)
    MX_GPIO_Init                             0x080041bd   Thumb Code   424  gpio.o(.text.MX_GPIO_Init)
    MX_SPI1_Init                             0x08004365   Thumb Code    78  spi.o(.text.MX_SPI1_Init)
    MX_TIM12_Init                            0x080043b5   Thumb Code    96  tim.o(.text.MX_TIM12_Init)
    MX_TIM1_Init                             0x08004415   Thumb Code   132  tim.o(.text.MX_TIM1_Init)
    MX_TIM2_Init                             0x08004499   Thumb Code   128  tim.o(.text.MX_TIM2_Init)
    MX_UART5_Init                            0x08004519   Thumb Code    64  usart.o(.text.MX_UART5_Init)
    MX_USART2_UART_Init                      0x08004559   Thumb Code    64  usart.o(.text.MX_USART2_UART_Init)
    MemManage_Handler                        0x08004599   Thumb Code     4  stm32f4xx_it.o(.text.MemManage_Handler)
    NMI_Handler                              0x0800459d   Thumb Code     4  stm32f4xx_it.o(.text.NMI_Handler)
    PendSV_Handler                           0x0800460d   Thumb Code     2  stm32f4xx_it.o(.text.PendSV_Handler)
    SPI1_IRQHandler                          0x08004611   Thumb Code    16  stm32f4xx_it.o(.text.SPI1_IRQHandler)
    SVC_Handler                              0x08004905   Thumb Code     2  stm32f4xx_it.o(.text.SVC_Handler)
    SysTick_Handler                          0x0800495d   Thumb Code    24  stm32f4xx_it.o(.text.SysTick_Handler)
    SystemClock_Config                       0x08004975   Thumb Code   184  main.o(.text.SystemClock_Config)
    SystemInit                               0x08004a2d   Thumb Code    18  system_stm32f4xx.o(.text.SystemInit)
    TIM2_IRQHandler                          0x08004a41   Thumb Code    16  stm32f4xx_it.o(.text.TIM2_IRQHandler)
    TIM_Base_SetConfig                       0x08004a51   Thumb Code   410  stm32f4xx_hal_tim.o(.text.TIM_Base_SetConfig)
    TIM_ETR_SetConfig                        0x08004bed   Thumb Code    52  stm32f4xx_hal_tim.o(.text.TIM_ETR_SetConfig)
    UART5_IRQHandler                         0x08004cf1   Thumb Code    16  stm32f4xx_it.o(.text.UART5_IRQHandler)
    UART_Start_Receive_IT                    0x080051c5   Thumb Code   110  stm32f4xx_hal_uart.o(.text.UART_Start_Receive_IT)
    UsageFault_Handler                       0x0800539d   Thumb Code     4  stm32f4xx_it.o(.text.UsageFault_Handler)
    add_notes                                0x08005461   Thumb Code   122  guitar.o(.text.add_notes)
    display_guitar                           0x080054dd   Thumb Code   236  guitar.o(.text.display_guitar)
    display_score                            0x080055c9   Thumb Code   318  guitar.o(.text.display_score)
    el_condor                                0x08005709   Thumb Code    64  guitar.o(.text.el_condor)
    fputc                                    0x08005749   Thumb Code    34  main.o(.text.fputc)
    gameOver                                 0x0800576d   Thumb Code   234  guitar.o(.text.gameOver)
    glyph_index                              0x08005859   Thumb Code    54  ili9341_font.o(.text.glyph_index)
    ili9341_draw_char                        0x080059e9   Thumb Code   458  ili9341_gfx.o(.text.ili9341_draw_char)
    ili9341_draw_circle                      0x08005bb5   Thumb Code   562  ili9341_gfx.o(.text.ili9341_draw_circle)
    ili9341_draw_pixel                       0x08005de9   Thumb Code   136  ili9341_gfx.o(.text.ili9341_draw_pixel)
    ili9341_draw_string                      0x08005e71   Thumb Code   206  ili9341_gfx.o(.text.ili9341_draw_string)
    ili9341_fill_rect                        0x08005f41   Thumb Code   306  ili9341_gfx.o(.text.ili9341_fill_rect)
    ili9341_fill_screen                      0x08006075   Thumb Code    42  ili9341_gfx.o(.text.ili9341_fill_screen)
    ili9341_new                              0x0800640d   Thumb Code   742  ili9341.o(.text.ili9341_new)
    ili9341_spi_slave_release                0x080067d5   Thumb Code    52  ili9341.o(.text.ili9341_spi_slave_release)
    ili9341_spi_slave_select                 0x08006809   Thumb Code    52  ili9341.o(.text.ili9341_spi_slave_select)
    ili9341_spi_tft_release                  0x0800683d   Thumb Code    22  ili9341.o(.text.ili9341_spi_tft_release)
    ili9341_spi_tft_select                   0x08006855   Thumb Code    22  ili9341.o(.text.ili9341_spi_tft_select)
    ili9341_spi_tft_set_address_rect         0x0800686d   Thumb Code   162  ili9341_gfx.o(.text.ili9341_spi_tft_set_address_rect)
    ili9341_spi_touch_release                0x08006911   Thumb Code    22  ili9341.o(.text.ili9341_spi_touch_release)
    ili9341_spi_touch_select                 0x08006929   Thumb Code    22  ili9341.o(.text.ili9341_spi_touch_select)
    ili9341_spi_write_command                0x08006941   Thumb Code   112  ili9341.o(.text.ili9341_spi_write_command)
    ili9341_spi_write_command_data           0x080069b1   Thumb Code   120  ili9341.o(.text.ili9341_spi_write_command_data)
    ili9341_spi_write_data                   0x08006a29   Thumb Code   114  ili9341.o(.text.ili9341_spi_write_data)
    ili9341_transmit_color                   0x08006a9d   Thumb Code    72  ili9341_gfx.o(.text.ili9341_transmit_color)
    ili9341_transmit_wait                    0x08006ae5   Thumb Code    38  ili9341_gfx.o(.text.ili9341_transmit_wait)
    initGame                                 0x08006b0d   Thumb Code   176  guitar.o(.text.initGame)
    main                                     0x08006bbd   Thumb Code   460  main.o(.text.main)
    next_state                               0x08006d89   Thumb Code    92  guitar.o(.text.next_state)
    __0printf                                0x08006de5   Thumb Code    22  printfa.o(i.__0printf)
    __1printf                                0x08006de5   Thumb Code     0  printfa.o(i.__0printf)
    __2printf                                0x08006de5   Thumb Code     0  printfa.o(i.__0printf)
    __c89printf                              0x08006de5   Thumb Code     0  printfa.o(i.__0printf)
    printf                                   0x08006de5   Thumb Code     0  printfa.o(i.__0printf)
    __0sprintf                               0x08006e05   Thumb Code    34  printfa.o(i.__0sprintf)
    __1sprintf                               0x08006e05   Thumb Code     0  printfa.o(i.__0sprintf)
    __2sprintf                               0x08006e05   Thumb Code     0  printfa.o(i.__0sprintf)
    __c89sprintf                             0x08006e05   Thumb Code     0  printfa.o(i.__0sprintf)
    sprintf                                  0x08006e05   Thumb Code     0  printfa.o(i.__0sprintf)
    __scatterload_copy                       0x08006e2d   Thumb Code    14  handlers.o(i.__scatterload_copy)
    __scatterload_null                       0x08006e3b   Thumb Code     2  handlers.o(i.__scatterload_null)
    __scatterload_zeroinit                   0x08006e3d   Thumb Code    14  handlers.o(i.__scatterload_zeroinit)
    malloc                                   0x08007709   Thumb Code    92  malloc.o(i.malloc)
    AHBPrescTable                            0x08007774   Data          16  system_stm32f4xx.o(.rodata.AHBPrescTable)
    APBPrescTable                            0x08007784   Data           8  system_stm32f4xx.o(.rodata.APBPrescTable)
    ILI9341_BLUE                             0x08007794   Data           2  ili9341_gfx.o(.rodata.ILI9341_BLUE)
    ILI9341_GREEN                            0x08007796   Data           2  ili9341_gfx.o(.rodata.ILI9341_GREEN)
    ILI9341_RED                              0x08007798   Data           2  ili9341_gfx.o(.rodata.ILI9341_RED)
    ILI9341_WHITE                            0x0800779a   Data           2  ili9341_gfx.o(.rodata.ILI9341_WHITE)
    ili9341_font_11x18                       0x0800779c   Data        3422  ili9341_font.o(.rodata.ili9341_font_11x18)
    ili9341_font_16x26                       0x080084fa   Data        4942  ili9341_font.o(.rodata.ili9341_font_16x26)
    Region$$Table$$Base                      0x08009878   Number         0  anon$$obj.o(Region$$Table)
    Region$$Table$$Limit                     0x08009898   Number         0  anon$$obj.o(Region$$Table)
    __stdout                                 0x20000000   Data           4  stdout.o(.data)
    __microlib_freelist                      0x20000004   Data           4  mvars.o(.data)
    __microlib_freelist_initialised          0x20000008   Data           4  mvars.o(.data)
    SystemCoreClock                          0x2000000c   Data           4  system_stm32f4xx.o(.data.SystemCoreClock)
    el_condor_length                         0x20000010   Data         400  guitar.o(.data.el_condor_length)
    el_condor_length_bass                    0x200001a0   Data         400  guitar.o(.data.el_condor_length_bass)
    el_condor_notes                          0x20000330   Data         100  guitar.o(.data.el_condor_notes)
    el_condor_notes_bass                     0x20000394   Data         100  guitar.o(.data.el_condor_notes_bass)
    fps                                      0x200003f8   Data           4  main.o(.data.fps)
    frameUp                                  0x200003fc   Data           4  main.o(.data.frameUp)
    position_us                              0x20000400   Data           4  guitar.o(.data.position_us)
    rxdata                                   0x20000404   Data           1  main.o(.data.rxdata)
    txdata                                   0x20000405   Data           1  main.o(.data.txdata)
    uwTickFreq                               0x20000406   Data           1  stm32f4xx_hal.o(.data.uwTickFreq)
    uwTickPrio                               0x20000408   Data           4  stm32f4xx_hal.o(.data.uwTickPrio)
    POSX                                     0x20000410   Data          64  guitar.o(.bss.POSX)
    _screen                                  0x20000450   Data           4  guitar.o(.bss._screen)
    current_time                             0x20000454   Data           4  guitar.o(.bss.current_time)
    full_timer                               0x20000458   Data           4  main.o(.bss.full_timer)
    guitar                                   0x2000045c   Data          12  guitar.o(.bss.guitar)
    hadc1                                    0x20000468   Data          72  adc.o(.bss.hadc1)
    hdma_spi1_tx                             0x200004b0   Data          96  spi.o(.bss.hdma_spi1_tx)
    hdma_uart5_tx                            0x20000510   Data          96  usart.o(.bss.hdma_uart5_tx)
    hspi1                                    0x20000570   Data          88  spi.o(.bss.hspi1)
    htim1                                    0x200005c8   Data          72  tim.o(.bss.htim1)
    htim12                                   0x20000610   Data          72  tim.o(.bss.htim12)
    htim2                                    0x20000658   Data          72  tim.o(.bss.htim2)
    huart2                                   0x200006a0   Data          68  usart.o(.bss.huart2)
    huart5                                   0x200006e4   Data          68  usart.o(.bss.huart5)
    life                                     0x20000728   Data           4  main.o(.bss.life)
    nextNoteUp                               0x2000072c   Data           4  guitar.o(.bss.nextNoteUp)
    timerFPS                                 0x20000f30   Data           4  main.o(.bss.timerFPS)
    uwTick                                   0x20000f34   Data           4  stm32f4xx_hal.o(.bss.uwTick)
    voice1                                   0x20000f38   Data        1000  guitar.o(.bss.voice1)
    voice2                                   0x20001320   Data        1000  guitar.o(.bss.voice2)
    __heap_base                              0x20001708   Data           0  startup_stm32f446xx.o(HEAP)
    __heap_limit                             0x20001908   Data           0  startup_stm32f446xx.o(HEAP)
    __initial_sp                             0x20001d08   Data           0  startup_stm32f446xx.o(STACK)



==============================================================================

Memory Map of the image

  Image Entry point : 0x080001c5

  Load Region LR_IROM1 (Base: 0x08000000, Size: 0x00009ca8, Max: 0x00080000, ABSOLUTE, COMPRESSED[0x000098f0])

    Execution Region ER_IROM1 (Exec base: 0x08000000, Load base: 0x08000000, Size: 0x00009898, Max: 0x00080000, ABSOLUTE)

    Exec Addr    Load Addr    Size         Type   Attr      Idx    E Section Name        Object

    0x08000000   0x08000000   0x000001c4   Data   RO            3    RESET               startup_stm32f446xx.o
    0x080001c4   0x080001c4   0x00000000   Code   RO         1507  * .ARM.Collect$$$$00000000  mc_w.l(entry.o)
    0x080001c4   0x080001c4   0x00000004   Code   RO         1587    .ARM.Collect$$$$00000001  mc_w.l(entry2.o)
    0x080001c8   0x080001c8   0x00000004   Code   RO         1590    .ARM.Collect$$$$00000004  mc_w.l(entry5.o)
    0x080001cc   0x080001cc   0x00000000   Code   RO         1592    .ARM.Collect$$$$00000008  mc_w.l(entry7b.o)
    0x080001cc   0x080001cc   0x00000000   Code   RO         1594    .ARM.Collect$$$$0000000A  mc_w.l(entry8b.o)
    0x080001cc   0x080001cc   0x00000008   Code   RO         1595    .ARM.Collect$$$$0000000B  mc_w.l(entry9a.o)
    0x080001d4   0x080001d4   0x00000000   Code   RO         1597    .ARM.Collect$$$$0000000D  mc_w.l(entry10a.o)
    0x080001d4   0x080001d4   0x00000000   Code   RO         1599    .ARM.Collect$$$$0000000F  mc_w.l(entry11a.o)
    0x080001d4   0x080001d4   0x00000004   Code   RO         1588    .ARM.Collect$$$$00002712  mc_w.l(entry2.o)
    0x080001d8   0x080001d8   0x00000024   Code   RO            4    .text               startup_stm32f446xx.o
    0x080001fc   0x080001fc   0x00000062   Code   RO         1510    .text               mc_w.l(uldiv.o)
    0x0800025e   0x0800025e   0x00000024   Code   RO         1519    .text               mc_w.l(memseta.o)
    0x08000282   0x08000282   0x0000014e   Code   RO         1577    .text               mf_w.l(dadd.o)
    0x080003d0   0x080003d0   0x00000022   Code   RO         1581    .text               mf_w.l(dflti.o)
    0x080003f2   0x080003f2   0x0000002c   Code   RO         1611    .text               mc_w.l(uidiv.o)
    0x0800041e   0x0800041e   0x0000001e   Code   RO         1613    .text               mc_w.l(llshl.o)
    0x0800043c   0x0800043c   0x00000020   Code   RO         1615    .text               mc_w.l(llushr.o)
    0x0800045c   0x0800045c   0x00000024   Code   RO         1617    .text               mc_w.l(llsshr.o)
    0x08000480   0x08000480   0x00000000   Code   RO         1625    .text               mc_w.l(iusefp.o)
    0x08000480   0x08000480   0x000000ba   Code   RO         1628    .text               mf_w.l(depilogue.o)
    0x0800053a   0x0800053a   0x000000e4   Code   RO         1630    .text               mf_w.l(dmul.o)
    0x0800061e   0x0800061e   0x000000de   Code   RO         1632    .text               mf_w.l(ddiv.o)
    0x080006fc   0x080006fc   0x00000030   Code   RO         1634    .text               mf_w.l(dfixul.o)
    0x0800072c   0x0800072c   0x00000030   Code   RO         1636    .text               mf_w.l(cdrcmple.o)
    0x0800075c   0x0800075c   0x00000024   Code   RO         1638    .text               mc_w.l(init.o)
    0x08000780   0x08000780   0x00000056   Code   RO         1648    .text               mc_w.l(__dczerorl2.o)
    0x080007d6   0x080007d6   0x00000002   PAD
    0x080007d8   0x080007d8   0x0000018a   Code   RO          343    .text.ADC_Init      stm32f4xx_hal_adc.o
    0x08000962   0x08000962   0x00000002   PAD
    0x08000964   0x08000964   0x00000004   Code   RO          302    .text.BusFault_Handler  stm32f4xx_it.o
    0x08000968   0x08000968   0x00000010   Code   RO          318    .text.DMA1_Stream7_IRQHandler  stm32f4xx_it.o
    0x08000978   0x08000978   0x00000010   Code   RO          322    .text.DMA2_Stream3_IRQHandler  stm32f4xx_it.o
    0x08000988   0x08000988   0x00000056   Code   RO          652    .text.DMA_CalcBaseAndBitshift  stm32f4xx_hal_dma.o
    0x080009de   0x080009de   0x00000002   PAD
    0x080009e0   0x080009e0   0x000000f0   Code   RO          650    .text.DMA_CheckFifoParam  stm32f4xx_hal_dma.o
    0x08000ad0   0x08000ad0   0x00000050   Code   RO          658    .text.DMA_SetConfig  stm32f4xx_hal_dma.o
    0x08000b20   0x08000b20   0x00000002   Code   RO          308    .text.DebugMon_Handler  stm32f4xx_it.o
    0x08000b22   0x08000b22   0x00000002   PAD
    0x08000b24   0x08000b24   0x0000000e   Code   RO          191    .text.Error_Handler  main.o
    0x08000b32   0x08000b32   0x00000002   PAD
    0x08000b34   0x08000b34   0x00000238   Code   RO          383    .text.HAL_ADC_ConfigChannel  stm32f4xx_hal_adc.o
    0x08000d6c   0x08000d6c   0x000000a8   Code   RO          339    .text.HAL_ADC_Init  stm32f4xx_hal_adc.o
    0x08000e14   0x08000e14   0x00000088   Code   RO          223    .text.HAL_ADC_MspInit  adc.o
    0x08000e9c   0x08000e9c   0x000001d0   Code   RO          349    .text.HAL_ADC_Start  stm32f4xx_hal_adc.o
    0x0800106c   0x0800106c   0x000000ec   Code   RO          662    .text.HAL_DMA_Abort  stm32f4xx_hal_dma.o
    0x08001158   0x08001158   0x00000044   Code   RO          664    .text.HAL_DMA_Abort_IT  stm32f4xx_hal_dma.o
    0x0800119c   0x0800119c   0x0000000e   Code   RO          674    .text.HAL_DMA_GetState  stm32f4xx_hal_dma.o
    0x080011aa   0x080011aa   0x00000002   PAD
    0x080011ac   0x080011ac   0x0000031e   Code   RO          668    .text.HAL_DMA_IRQHandler  stm32f4xx_hal_dma.o
    0x080014ca   0x080014ca   0x00000002   PAD
    0x080014cc   0x080014cc   0x0000016e   Code   RO          648    .text.HAL_DMA_Init  stm32f4xx_hal_dma.o
    0x0800163a   0x0800163a   0x00000002   PAD
    0x0800163c   0x0800163c   0x000000c2   Code   RO          660    .text.HAL_DMA_Start_IT  stm32f4xx_hal_dma.o
    0x080016fe   0x080016fe   0x00000002   PAD
    0x08001700   0x08001700   0x00000042   Code   RO          843    .text.HAL_Delay     stm32f4xx_hal.o
    0x08001742   0x08001742   0x00000002   PAD
    0x08001744   0x08001744   0x0000039a   Code   RO          610    .text.HAL_GPIO_Init  stm32f4xx_hal_gpio.o
    0x08001ade   0x08001ade   0x00000002   PAD
    0x08001ae0   0x08001ae0   0x0000002e   Code   RO          616    .text.HAL_GPIO_WritePin  stm32f4xx_hal_gpio.o
    0x08001b0e   0x08001b0e   0x00000002   PAD
    0x08001b10   0x08001b10   0x0000000c   Code   RO          835    .text.HAL_GetTick   stm32f4xx_hal.o
    0x08001b1c   0x08001b1c   0x0000001a   Code   RO          833    .text.HAL_IncTick   stm32f4xx_hal.o
    0x08001b36   0x08001b36   0x00000002   PAD
    0x08001b38   0x08001b38   0x0000003c   Code   RO          823    .text.HAL_Init      stm32f4xx_hal.o
    0x08001b74   0x08001b74   0x00000070   Code   RO          825    .text.HAL_InitTick  stm32f4xx_hal.o
    0x08001be4   0x08001be4   0x00000052   Code   RO          331    .text.HAL_MspInit   stm32f4xx_hal_msp.o
    0x08001c36   0x08001c36   0x00000002   PAD
    0x08001c38   0x08001c38   0x00000014   Code   RO          764    .text.HAL_NVIC_EnableIRQ  stm32f4xx_hal_cortex.o
    0x08001c4c   0x08001c4c   0x00000032   Code   RO          756    .text.HAL_NVIC_SetPriority  stm32f4xx_hal_cortex.o
    0x08001c7e   0x08001c7e   0x00000002   PAD
    0x08001c80   0x08001c80   0x00000010   Code   RO          752    .text.HAL_NVIC_SetPriorityGrouping  stm32f4xx_hal_cortex.o
    0x08001c90   0x08001c90   0x00000262   Code   RO          440    .text.HAL_RCC_ClockConfig  stm32f4xx_hal_rcc.o
    0x08001ef2   0x08001ef2   0x00000002   PAD
    0x08001ef4   0x08001ef4   0x0000000c   Code   RO          450    .text.HAL_RCC_GetHCLKFreq  stm32f4xx_hal_rcc.o
    0x08001f00   0x08001f00   0x00000022   Code   RO          452    .text.HAL_RCC_GetPCLK1Freq  stm32f4xx_hal_rcc.o
    0x08001f22   0x08001f22   0x00000002   PAD
    0x08001f24   0x08001f24   0x00000022   Code   RO          454    .text.HAL_RCC_GetPCLK2Freq  stm32f4xx_hal_rcc.o
    0x08001f46   0x08001f46   0x00000002   PAD
    0x08001f48   0x08001f48   0x00000170   Code   RO          487    .text.HAL_RCC_GetSysClockFreq  stm32f4xx_hal_rcc_ex.o
    0x080020b8   0x080020b8   0x00000726   Code   RO          491    .text.HAL_RCC_OscConfig  stm32f4xx_hal_rcc_ex.o
    0x080027de   0x080027de   0x00000002   PAD
    0x080027e0   0x080027e0   0x00000008   Code   RO          996    .text.HAL_SPI_ErrorCallback  stm32f4xx_hal_spi.o
    0x080027e8   0x080027e8   0x00000230   Code   RO          992    .text.HAL_SPI_IRQHandler  stm32f4xx_hal_spi.o
    0x08002a18   0x08002a18   0x00000100   Code   RO          912    .text.HAL_SPI_Init  stm32f4xx_hal_spi.o
    0x08002b18   0x08002b18   0x000000f6   Code   RO          245    .text.HAL_SPI_MspInit  spi.o
    0x08002c0e   0x08002c0e   0x00000002   PAD
    0x08002c10   0x08002c10   0x00000284   Code   RO          920    .text.HAL_SPI_Transmit  stm32f4xx_hal_spi.o
    0x08002e94   0x08002e94   0x00000170   Code   RO          952    .text.HAL_SPI_Transmit_DMA  stm32f4xx_hal_spi.o
    0x08003004   0x08003004   0x00000008   Code   RO          998    .text.HAL_SPI_TxCpltCallback  stm32f4xx_hal_spi.o
    0x0800300c   0x0800300c   0x00000008   Code   RO         1004    .text.HAL_SPI_TxHalfCpltCallback  stm32f4xx_hal_spi.o
    0x08003014   0x08003014   0x00000058   Code   RO          181    .text.HAL_SYSTICK_Callback  main.o
    0x0800306c   0x0800306c   0x00000010   Code   RO          776    .text.HAL_SYSTICK_Config  stm32f4xx_hal_cortex.o
    0x0800307c   0x0800307c   0x00000008   Code   RO          812    .text.HAL_SYSTICK_IRQHandler  stm32f4xx_hal_cortex.o
    0x08003084   0x08003084   0x00000008   Code   RO         1352    .text.HAL_TIMEx_BreakCallback  stm32f4xx_hal_tim_ex.o
    0x0800308c   0x0800308c   0x00000008   Code   RO         1348    .text.HAL_TIMEx_CommutCallback  stm32f4xx_hal_tim_ex.o
    0x08003094   0x08003094   0x00000122   Code   RO         1342    .text.HAL_TIMEx_MasterConfigSynchronization  stm32f4xx_hal_tim_ex.o
    0x080031b6   0x080031b6   0x00000002   PAD
    0x080031b8   0x080031b8   0x0000009c   Code   RO         1029    .text.HAL_TIM_Base_Init  stm32f4xx_hal_tim.o
    0x08003254   0x08003254   0x000000ba   Code   RO          264    .text.HAL_TIM_Base_MspInit  tim.o
    0x0800330e   0x0800330e   0x00000002   PAD
    0x08003310   0x08003310   0x00000184   Code   RO         1221    .text.HAL_TIM_ConfigClockSource  stm32f4xx_hal_tim.o
    0x08003494   0x08003494   0x00000008   Code   RO         1165    .text.HAL_TIM_IC_CaptureCallback  stm32f4xx_hal_tim.o
    0x0800349c   0x0800349c   0x0000027a   Code   RO         1163    .text.HAL_TIM_IRQHandler  stm32f4xx_hal_tim.o
    0x08003716   0x08003716   0x00000002   PAD
    0x08003718   0x08003718   0x00000008   Code   RO         1167    .text.HAL_TIM_OC_DelayElapsedCallback  stm32f4xx_hal_tim.o
    0x08003720   0x08003720   0x00000008   Code   RO         1169    .text.HAL_TIM_PWM_PulseFinishedCallback  stm32f4xx_hal_tim.o
    0x08003728   0x08003728   0x00000008   Code   RO         1171    .text.HAL_TIM_PeriodElapsedCallback  stm32f4xx_hal_tim.o
    0x08003730   0x08003730   0x00000008   Code   RO         1173    .text.HAL_TIM_TriggerCallback  stm32f4xx_hal_tim.o
    0x08003738   0x08003738   0x0000000c   Code   RO         1455    .text.HAL_UARTEx_RxEventCallback  stm32f4xx_hal_uart.o
    0x08003744   0x08003744   0x00000008   Code   RO         1453    .text.HAL_UART_ErrorCallback  stm32f4xx_hal_uart.o
    0x0800374c   0x0800374c   0x0000041e   Code   RO         1447    .text.HAL_UART_IRQHandler  stm32f4xx_hal_uart.o
    0x08003b6a   0x08003b6a   0x00000002   PAD
    0x08003b6c   0x08003b6c   0x0000009a   Code   RO         1365    .text.HAL_UART_Init  stm32f4xx_hal_uart.o
    0x08003c06   0x08003c06   0x00000002   PAD
    0x08003c08   0x08003c08   0x000001ca   Code   RO          282    .text.HAL_UART_MspInit  usart.o
    0x08003dd2   0x08003dd2   0x00000002   PAD
    0x08003dd4   0x08003dd4   0x00000078   Code   RO         1389    .text.HAL_UART_Receive_IT  stm32f4xx_hal_uart.o
    0x08003e4c   0x08003e4c   0x00000008   Code   RO         1465    .text.HAL_UART_RxCpltCallback  stm32f4xx_hal_uart.o
    0x08003e54   0x08003e54   0x0000014e   Code   RO         1381    .text.HAL_UART_Transmit  stm32f4xx_hal_uart.o
    0x08003fa2   0x08003fa2   0x00000002   PAD
    0x08003fa4   0x08003fa4   0x00000110   Code   RO         1393    .text.HAL_UART_Transmit_DMA  stm32f4xx_hal_uart.o
    0x080040b4   0x080040b4   0x00000008   Code   RO         1461    .text.HAL_UART_TxCpltCallback  stm32f4xx_hal_uart.o
    0x080040bc   0x080040bc   0x00000008   Code   RO         1463    .text.HAL_UART_TxHalfCpltCallback  stm32f4xx_hal_uart.o
    0x080040c4   0x080040c4   0x00000004   Code   RO          298    .text.HardFault_Handler  stm32f4xx_it.o
    0x080040c8   0x080040c8   0x00000080   Code   RO          221    .text.MX_ADC1_Init  adc.o
    0x08004148   0x08004148   0x00000072   Code   RO          235    .text.MX_DMA_Init   dma.o
    0x080041ba   0x080041ba   0x00000002   PAD
    0x080041bc   0x080041bc   0x000001a8   Code   RO          213    .text.MX_GPIO_Init  gpio.o
    0x08004364   0x08004364   0x0000004e   Code   RO          243    .text.MX_SPI1_Init  spi.o
    0x080043b2   0x080043b2   0x00000002   PAD
    0x080043b4   0x080043b4   0x00000060   Code   RO          262    .text.MX_TIM12_Init  tim.o
    0x08004414   0x08004414   0x00000084   Code   RO          258    .text.MX_TIM1_Init  tim.o
    0x08004498   0x08004498   0x00000080   Code   RO          260    .text.MX_TIM2_Init  tim.o
    0x08004518   0x08004518   0x00000040   Code   RO          278    .text.MX_UART5_Init  usart.o
    0x08004558   0x08004558   0x00000040   Code   RO          280    .text.MX_USART2_UART_Init  usart.o
    0x08004598   0x08004598   0x00000004   Code   RO          300    .text.MemManage_Handler  stm32f4xx_it.o
    0x0800459c   0x0800459c   0x00000004   Code   RO          296    .text.NMI_Handler   stm32f4xx_it.o
    0x080045a0   0x080045a0   0x0000006c   Code   RO          762    .text.NVIC_EncodePriority  stm32f4xx_hal_cortex.o
    0x0800460c   0x0800460c   0x00000002   Code   RO          310    .text.PendSV_Handler  stm32f4xx_it.o
    0x0800460e   0x0800460e   0x00000002   PAD
    0x08004610   0x08004610   0x00000010   Code   RO          316    .text.SPI1_IRQHandler  stm32f4xx_it.o
    0x08004620   0x08004620   0x00000020   Code   RO          994    .text.SPI_DMAAbortOnError  stm32f4xx_hal_spi.o
    0x08004640   0x08004640   0x00000034   Code   RO          958    .text.SPI_DMAError  stm32f4xx_hal_spi.o
    0x08004674   0x08004674   0x00000016   Code   RO          954    .text.SPI_DMAHalfTransmitCplt  stm32f4xx_hal_spi.o
    0x0800468a   0x0800468a   0x00000002   PAD
    0x0800468c   0x0800468c   0x000000a6   Code   RO          956    .text.SPI_DMATransmitCplt  stm32f4xx_hal_spi.o
    0x08004732   0x08004732   0x00000002   PAD
    0x08004734   0x08004734   0x000000a4   Code   RO          922    .text.SPI_EndRxTxTransaction  stm32f4xx_hal_spi.o
    0x080047d8   0x080047d8   0x0000012a   Code   RO         1020    .text.SPI_WaitFlagStateUntilTimeout  stm32f4xx_hal_spi.o
    0x08004902   0x08004902   0x00000002   PAD
    0x08004904   0x08004904   0x00000002   Code   RO          306    .text.SVC_Handler   stm32f4xx_it.o
    0x08004906   0x08004906   0x00000002   PAD
    0x08004908   0x08004908   0x00000052   Code   RO          778    .text.SysTick_Config  stm32f4xx_hal_cortex.o
    0x0800495a   0x0800495a   0x00000002   PAD
    0x0800495c   0x0800495c   0x00000018   Code   RO          312    .text.SysTick_Handler  stm32f4xx_it.o
    0x08004974   0x08004974   0x000000b8   Code   RO          189    .text.SystemClock_Config  main.o
    0x08004a2c   0x08004a2c   0x00000012   Code   RO         1494    .text.SystemInit    system_stm32f4xx.o
    0x08004a3e   0x08004a3e   0x00000002   PAD
    0x08004a40   0x08004a40   0x00000010   Code   RO          314    .text.TIM2_IRQHandler  stm32f4xx_it.o
    0x08004a50   0x08004a50   0x0000019a   Code   RO         1033    .text.TIM_Base_SetConfig  stm32f4xx_hal_tim.o
    0x08004bea   0x08004bea   0x00000002   PAD
    0x08004bec   0x08004bec   0x00000034   Code   RO         1219    .text.TIM_ETR_SetConfig  stm32f4xx_hal_tim.o
    0x08004c20   0x08004c20   0x0000002a   Code   RO         1225    .text.TIM_ITRx_SetConfig  stm32f4xx_hal_tim.o
    0x08004c4a   0x08004c4a   0x00000002   PAD
    0x08004c4c   0x08004c4c   0x00000050   Code   RO         1223    .text.TIM_TI1_ConfigInputStage  stm32f4xx_hal_tim.o
    0x08004c9c   0x08004c9c   0x00000052   Code   RO         1227    .text.TIM_TI2_ConfigInputStage  stm32f4xx_hal_tim.o
    0x08004cee   0x08004cee   0x00000002   PAD
    0x08004cf0   0x08004cf0   0x00000010   Code   RO          320    .text.UART5_IRQHandler  stm32f4xx_it.o
    0x08004d00   0x08004d00   0x00000020   Code   RO         1451    .text.UART_DMAAbortOnError  stm32f4xx_hal_uart.o
    0x08004d20   0x08004d20   0x0000007c   Code   RO         1399    .text.UART_DMAError  stm32f4xx_hal_uart.o
    0x08004d9c   0x08004d9c   0x0000007a   Code   RO         1395    .text.UART_DMATransmitCplt  stm32f4xx_hal_uart.o
    0x08004e16   0x08004e16   0x00000002   PAD
    0x08004e18   0x08004e18   0x00000016   Code   RO         1397    .text.UART_DMATxHalfCplt  stm32f4xx_hal_uart.o
    0x08004e2e   0x08004e2e   0x00000002   PAD
    0x08004e30   0x08004e30   0x00000094   Code   RO         1413    .text.UART_EndRxTransfer  stm32f4xx_hal_uart.o
    0x08004ec4   0x08004ec4   0x00000026   Code   RO         1459    .text.UART_EndTransmit_IT  stm32f4xx_hal_uart.o
    0x08004eea   0x08004eea   0x00000002   PAD
    0x08004eec   0x08004eec   0x00000036   Code   RO         1411    .text.UART_EndTxTransfer  stm32f4xx_hal_uart.o
    0x08004f22   0x08004f22   0x00000002   PAD
    0x08004f24   0x08004f24   0x00000164   Code   RO         1449    .text.UART_Receive_IT  stm32f4xx_hal_uart.o
    0x08005088   0x08005088   0x0000013a   Code   RO         1369    .text.UART_SetConfig  stm32f4xx_hal_uart.o
    0x080051c2   0x080051c2   0x00000002   PAD
    0x080051c4   0x080051c4   0x0000006e   Code   RO         1391    .text.UART_Start_Receive_IT  stm32f4xx_hal_uart.o
    0x08005232   0x08005232   0x00000002   PAD
    0x08005234   0x08005234   0x00000094   Code   RO         1457    .text.UART_Transmit_IT  stm32f4xx_hal_uart.o
    0x080052c8   0x080052c8   0x000000d2   Code   RO         1383    .text.UART_WaitOnFlagUntilTimeout  stm32f4xx_hal_uart.o
    0x0800539a   0x0800539a   0x00000002   PAD
    0x0800539c   0x0800539c   0x00000004   Code   RO          304    .text.UsageFault_Handler  stm32f4xx_it.o
    0x080053a0   0x080053a0   0x00000030   Code   RO          766    .text.__NVIC_EnableIRQ  stm32f4xx_hal_cortex.o
    0x080053d0   0x080053d0   0x00000010   Code   RO          758    .text.__NVIC_GetPriorityGrouping  stm32f4xx_hal_cortex.o
    0x080053e0   0x080053e0   0x00000042   Code   RO          760    .text.__NVIC_SetPriority  stm32f4xx_hal_cortex.o
    0x08005422   0x08005422   0x00000002   PAD
    0x08005424   0x08005424   0x0000003c   Code   RO          754    .text.__NVIC_SetPriorityGrouping  stm32f4xx_hal_cortex.o
    0x08005460   0x08005460   0x0000007a   Code   RO          156    .text.add_notes     guitar.o
    0x080054da   0x080054da   0x00000002   PAD
    0x080054dc   0x080054dc   0x000000ec   Code   RO          146    .text.display_guitar  guitar.o
    0x080055c8   0x080055c8   0x0000013e   Code   RO          150    .text.display_score  guitar.o
    0x08005706   0x08005706   0x00000002   PAD
    0x08005708   0x08005708   0x00000040   Code   RO          158    .text.el_condor     guitar.o
    0x08005748   0x08005748   0x00000022   Code   RO          193    .text.fputc         main.o
    0x0800576a   0x0800576a   0x00000002   PAD
    0x0800576c   0x0800576c   0x000000ea   Code   RO          154    .text.gameOver      guitar.o
    0x08005856   0x08005856   0x00000002   PAD
    0x08005858   0x08005858   0x00000036   Code   RO           71    .text.glyph_index   ili9341_font.o
    0x0800588e   0x0800588e   0x00000002   PAD
    0x08005890   0x08005890   0x00000158   Code   RO           94    .text.ili9341_clip_rect  ili9341_gfx.o
    0x080059e8   0x080059e8   0x000001ca   Code   RO          112    .text.ili9341_draw_char  ili9341_gfx.o
    0x08005bb2   0x08005bb2   0x00000002   PAD
    0x08005bb4   0x08005bb4   0x00000232   Code   RO          102    .text.ili9341_draw_circle  ili9341_gfx.o
    0x08005de6   0x08005de6   0x00000002   PAD
    0x08005de8   0x08005de8   0x00000088   Code   RO           92    .text.ili9341_draw_pixel  ili9341_gfx.o
    0x08005e70   0x08005e70   0x000000ce   Code   RO          114    .text.ili9341_draw_string  ili9341_gfx.o
    0x08005f3e   0x08005f3e   0x00000002   PAD
    0x08005f40   0x08005f40   0x00000132   Code   RO           98    .text.ili9341_fill_rect  ili9341_gfx.o
    0x08006072   0x08006072   0x00000002   PAD
    0x08006074   0x08006074   0x0000002a   Code   RO          108    .text.ili9341_fill_screen  ili9341_gfx.o
    0x0800609e   0x0800609e   0x00000002   PAD
    0x080060a0   0x080060a0   0x0000036c   Code   RO           15    .text.ili9341_initialize  ili9341.o
    0x0800640c   0x0800640c   0x000002e6   Code   RO           11    .text.ili9341_new   ili9341.o
    0x080066f2   0x080066f2   0x00000002   PAD
    0x080066f4   0x080066f4   0x00000034   Code   RO           57    .text.ili9341_reset  ili9341.o
    0x08006728   0x08006728   0x00000046   Code   RO           59    .text.ili9341_screen_rotation  ili9341.o
    0x0800676e   0x0800676e   0x00000002   PAD
    0x08006770   0x08006770   0x00000064   Code   RO           13    .text.ili9341_screen_size  ili9341.o
    0x080067d4   0x080067d4   0x00000034   Code   RO           43    .text.ili9341_spi_slave_release  ili9341.o
    0x08006808   0x08006808   0x00000034   Code   RO           41    .text.ili9341_spi_slave_select  ili9341.o
    0x0800683c   0x0800683c   0x00000016   Code   RO           39    .text.ili9341_spi_tft_release  ili9341.o
    0x08006852   0x08006852   0x00000002   PAD
    0x08006854   0x08006854   0x00000016   Code   RO           37    .text.ili9341_spi_tft_select  ili9341.o
    0x0800686a   0x0800686a   0x00000002   PAD
    0x0800686c   0x0800686c   0x000000a2   Code   RO           86    .text.ili9341_spi_tft_set_address_rect  ili9341_gfx.o
    0x0800690e   0x0800690e   0x00000002   PAD
    0x08006910   0x08006910   0x00000016   Code   RO           29    .text.ili9341_spi_touch_release  ili9341.o
    0x08006926   0x08006926   0x00000002   PAD
    0x08006928   0x08006928   0x00000016   Code   RO           27    .text.ili9341_spi_touch_select  ili9341.o
    0x0800693e   0x0800693e   0x00000002   PAD
    0x08006940   0x08006940   0x00000070   Code   RO           45    .text.ili9341_spi_write_command  ili9341.o
    0x080069b0   0x080069b0   0x00000078   Code   RO           51    .text.ili9341_spi_write_command_data  ili9341.o
    0x08006a28   0x08006a28   0x00000072   Code   RO           47    .text.ili9341_spi_write_data  ili9341.o
    0x08006a9a   0x08006a9a   0x00000002   PAD
    0x08006a9c   0x08006a9c   0x00000048   Code   RO           90    .text.ili9341_transmit_color  ili9341_gfx.o
    0x08006ae4   0x08006ae4   0x00000026   Code   RO           88    .text.ili9341_transmit_wait  ili9341_gfx.o
    0x08006b0a   0x08006b0a   0x00000002   PAD
    0x08006b0c   0x08006b0c   0x000000b0   Code   RO          144    .text.initGame      guitar.o
    0x08006bbc   0x08006bbc   0x000001cc   Code   RO          187    .text.main          main.o
    0x08006d88   0x08006d88   0x0000005c   Code   RO          152    .text.next_state    guitar.o
    0x08006de4   0x08006de4   0x00000020   Code   RO         1522    i.__0printf         mc_w.l(printfa.o)
    0x08006e04   0x08006e04   0x00000028   Code   RO         1524    i.__0sprintf        mc_w.l(printfa.o)
    0x08006e2c   0x08006e2c   0x0000000e   Code   RO         1642    i.__scatterload_copy  mc_w.l(handlers.o)
    0x08006e3a   0x08006e3a   0x00000002   Code   RO         1643    i.__scatterload_null  mc_w.l(handlers.o)
    0x08006e3c   0x08006e3c   0x0000000e   Code   RO         1644    i.__scatterload_zeroinit  mc_w.l(handlers.o)
    0x08006e4a   0x08006e4a   0x00000002   PAD
    0x08006e4c   0x08006e4c   0x00000184   Code   RO         1529    i._fp_digits        mc_w.l(printfa.o)
    0x08006fd0   0x08006fd0   0x000006dc   Code   RO         1530    i._printf_core      mc_w.l(printfa.o)
    0x080076ac   0x080076ac   0x00000024   Code   RO         1531    i._printf_post_padding  mc_w.l(printfa.o)
    0x080076d0   0x080076d0   0x0000002e   Code   RO         1532    i._printf_pre_padding  mc_w.l(printfa.o)
    0x080076fe   0x080076fe   0x0000000a   Code   RO         1534    i._sputc            mc_w.l(printfa.o)
    0x08007708   0x08007708   0x0000006c   Code   RO         1550    i.malloc            mc_w.l(malloc.o)
    0x08007774   0x08007774   0x00000010   Data   RO         1499    .rodata.AHBPrescTable  system_stm32f4xx.o
    0x08007784   0x08007784   0x00000008   Data   RO         1500    .rodata.APBPrescTable  system_stm32f4xx.o
    0x0800778c   0x0800778c   0x00000008   Data   RO          678    .rodata.DMA_CalcBaseAndBitshift.flagBitshiftOffset  stm32f4xx_hal_dma.o
    0x08007794   0x08007794   0x00000002   Data   RO          125    .rodata.ILI9341_BLUE  ili9341_gfx.o
    0x08007796   0x08007796   0x00000002   Data   RO          126    .rodata.ILI9341_GREEN  ili9341_gfx.o
    0x08007798   0x08007798   0x00000002   Data   RO          128    .rodata.ILI9341_RED  ili9341_gfx.o
    0x0800779a   0x0800779a   0x00000002   Data   RO          131    .rodata.ILI9341_WHITE  ili9341_gfx.o
    0x0800779c   0x0800779c   0x00000d5e   Data   RO           74    .rodata.ili9341_font_11x18  ili9341_font.o
    0x080084fa   0x080084fa   0x0000134e   Data   RO           75    .rodata.ili9341_font_16x26  ili9341_font.o
    0x08009848   0x08009848   0x00000015   Data   RO          169    .rodata.str1.1      guitar.o
    0x0800985d   0x0800985d   0x00000018   Data   RO          203    .rodata.str1.1      main.o
    0x08009875   0x08009875   0x00000003   PAD
    0x08009878   0x08009878   0x00000020   Data   RO         1641    Region$$Table       anon$$obj.o


    Execution Region RW_IRAM1 (Exec base: 0x20000000, Load base: 0x08009898, Size: 0x00001d08, Max: 0x00020000, ABSOLUTE, COMPRESSED[0x00000058])

    Exec Addr    Load Addr    Size         Type   Attr      Idx    E Section Name        Object

    0x20000000   COMPRESSED   0x00000004   Data   RW         1601    .data               mc_w.l(stdout.o)
    0x20000004   COMPRESSED   0x00000004   Data   RW         1623    .data               mc_w.l(mvars.o)
    0x20000008   COMPRESSED   0x00000004   Data   RW         1624    .data               mc_w.l(mvars.o)
    0x2000000c   COMPRESSED   0x00000004   Data   RW         1498    .data.SystemCoreClock  system_stm32f4xx.o
    0x20000010   COMPRESSED   0x00000190   Data   RW          171    .data.el_condor_length  guitar.o
    0x200001a0   COMPRESSED   0x00000190   Data   RW          173    .data.el_condor_length_bass  guitar.o
    0x20000330   COMPRESSED   0x00000064   Data   RW          170    .data.el_condor_notes  guitar.o
    0x20000394   COMPRESSED   0x00000064   Data   RW          172    .data.el_condor_notes_bass  guitar.o
    0x200003f8   COMPRESSED   0x00000004   Data   RW          197    .data.fps           main.o
    0x200003fc   COMPRESSED   0x00000004   Data   RW          195    .data.frameUp       main.o
    0x20000400   COMPRESSED   0x00000004   Data   RW          160    .data.position_us   guitar.o
    0x20000404   COMPRESSED   0x00000001   Data   RW          200    .data.rxdata        main.o
    0x20000405   COMPRESSED   0x00000001   Data   RW          199    .data.txdata        main.o
    0x20000406   COMPRESSED   0x00000001   Data   RW          878    .data.uwTickFreq    stm32f4xx_hal.o
    0x20000407   COMPRESSED   0x00000001   PAD
    0x20000408   COMPRESSED   0x00000004   Data   RW          877    .data.uwTickPrio    stm32f4xx_hal.o
    0x2000040c   COMPRESSED   0x00000004   PAD
    0x20000410        -       0x00000040   Zero   RW          161    .bss.POSX           guitar.o
    0x20000450        -       0x00000004   Zero   RW          166    .bss._screen        guitar.o
    0x20000454        -       0x00000004   Zero   RW          165    .bss.current_time   guitar.o
    0x20000458        -       0x00000004   Zero   RW          201    .bss.full_timer     main.o
    0x2000045c        -       0x0000000c   Zero   RW          167    .bss.guitar         guitar.o
    0x20000468        -       0x00000048   Zero   RW          227    .bss.hadc1          adc.o
    0x200004b0        -       0x00000060   Zero   RW          250    .bss.hdma_spi1_tx   spi.o
    0x20000510        -       0x00000060   Zero   RW          288    .bss.hdma_uart5_tx  usart.o
    0x20000570        -       0x00000058   Zero   RW          249    .bss.hspi1          spi.o
    0x200005c8        -       0x00000048   Zero   RW          268    .bss.htim1          tim.o
    0x20000610        -       0x00000048   Zero   RW          270    .bss.htim12         tim.o
    0x20000658        -       0x00000048   Zero   RW          269    .bss.htim2          tim.o
    0x200006a0        -       0x00000044   Zero   RW          287    .bss.huart2         usart.o
    0x200006e4        -       0x00000044   Zero   RW          286    .bss.huart5         usart.o
    0x20000728        -       0x00000004   Zero   RW          202    .bss.life           main.o
    0x2000072c        -       0x00000004   Zero   RW          168    .bss.nextNoteUp     guitar.o
    0x20000730        -       0x00000800   Zero   RW          135    .bss.spi_tx_block   ili9341_gfx.o
    0x20000f30        -       0x00000004   Zero   RW          196    .bss.timerFPS       main.o
    0x20000f34        -       0x00000004   Zero   RW          879    .bss.uwTick         stm32f4xx_hal.o
    0x20000f38        -       0x000003e8   Zero   RW          163    .bss.voice1         guitar.o
    0x20001320        -       0x000003e8   Zero   RW          164    .bss.voice2         guitar.o
    0x20001708        -       0x00000200   Zero   RW            2    HEAP                startup_stm32f446xx.o
    0x20001908        -       0x00000400   Zero   RW            1    STACK               startup_stm32f446xx.o


==============================================================================

Image component sizes


      Code (inc. data)   RO Data    RW Data    ZI Data      Debug   Object Name

       264          0          0          0         72       4982   adc.o
       114          0          0          0          0       3530   dma.o
       424          0          0          0          0       2340   gpio.o
      1242          4         21       1004       2088       8286   guitar.o
      2378          8          0          0          0      13183   ili9341.o
        54          0       8364          0          0        980   ili9341_font.o
      2326          0          8          0       2048      14209   ili9341_gfx.o
       780          0         24         10         12       6939   main.o
       324          0          0          0        184       7010   spi.o
        36          8        452          0       1536        876   startup_stm32f446xx.o
       276          0          0          5          4       7317   stm32f4xx_hal.o
      1594          0          0          0          0      10074   stm32f4xx_hal_adc.o
       490          0          0          0          0       9537   stm32f4xx_hal_cortex.o
      2082          8          8          0          0       8482   stm32f4xx_hal_dma.o
       968          0          0          0          0       5198   stm32f4xx_hal_gpio.o
        82          0          0          0          0       1597   stm32f4xx_hal_msp.o
       690          0          0          0          0       7705   stm32f4xx_hal_rcc.o
      2198         14          0          0          0      11025   stm32f4xx_hal_rcc_ex.o
      2586          0          0          0          0      19678   stm32f4xx_hal_spi.o
      1884          0          0          0          0      35766   stm32f4xx_hal_tim.o
       306          0          0          0          0      15270   stm32f4xx_hal_tim_ex.o
      3656          0          0          0          0      20124   stm32f4xx_hal_uart.o
       130          0          0          0          0       1523   stm32f4xx_it.o
        18          0         24          4          0       2627   system_stm32f4xx.o
       542          0          0          0        216       7765   tim.o
       586          0          0          0        232       7318   usart.o

    ----------------------------------------------------------------------
     26160         42       8936       1024       6396     233341   Object Totals
         0          0         32          0          0          0   (incl. Generated)
       130          0          3          1          4          0   (incl. Padding)

    ----------------------------------------------------------------------

      Code (inc. data)   RO Data    RW Data    ZI Data      Debug   Library Member Name

        86          0          0          0          0          0   __dczerorl2.o
         0          0          0          0          0          0   entry.o
         0          0          0          0          0          0   entry10a.o
         0          0          0          0          0          0   entry11a.o
         8          4          0          0          0          0   entry2.o
         4          0          0          0          0          0   entry5.o
         0          0          0          0          0          0   entry7b.o
         0          0          0          0          0          0   entry8b.o
         8          4          0          0          0          0   entry9a.o
        30          0          0          0          0          0   handlers.o
        36          8          0          0          0         68   init.o
         0          0          0          0          0          0   iusefp.o
        30          0          0          0          0         68   llshl.o
        36          0          0          0          0         68   llsshr.o
        32          0          0          0          0         68   llushr.o
       108         16          0          0          0         84   malloc.o
        36          0          0          0          0        108   memseta.o
         0          0          0          8          0          0   mvars.o
      2308         96          0          0          0        604   printfa.o
         0          0          0          4          0          0   stdout.o
        44          0          0          0          0         80   uidiv.o
        98          0          0          0          0         92   uldiv.o
        48          0          0          0          0         68   cdrcmple.o
       334          0          0          0          0        148   dadd.o
       222          0          0          0          0        100   ddiv.o
       186          0          0          0          0        176   depilogue.o
        48          0          0          0          0         68   dfixul.o
        34          0          0          0          0         76   dflti.o
       228          0          0          0          0         96   dmul.o

    ----------------------------------------------------------------------
      3968        128          0         12          0       1972   Library Totals
         4          0          0          0          0          0   (incl. Padding)

    ----------------------------------------------------------------------

      Code (inc. data)   RO Data    RW Data    ZI Data      Debug   Library Name

      2864        128          0         12          0       1240   mc_w.l
      1100          0          0          0          0        732   mf_w.l

    ----------------------------------------------------------------------
      3968        128          0         12          0       1972   Library Totals

    ----------------------------------------------------------------------

==============================================================================


      Code (inc. data)   RO Data    RW Data    ZI Data      Debug   

     30128        170       8936       1036       6396     234077   Grand Totals
     30128        170       8936         88       6396     234077   ELF Image Totals (compressed)
     30128        170       8936         88          0          0   ROM Totals

==============================================================================

    Total RO  Size (Code + RO Data)                39064 (  38.15kB)
    Total RW  Size (RW Data + ZI Data)              7432 (   7.26kB)
    Total ROM Size (Code + RO Data + RW Data)      39152 (  38.23kB)

==============================================================================

